Archive member included to satisfy reference by file (symbol)

c:/altera/15.0/nios2eds/bin/gnu/h-x86_64-mingw32/bin/../lib/gcc/nios2-elf/4.9.1/../../../../../H-x86_64-mingw32/nios2-elf/lib\libc.a(lib_a-assert.o)
                              obj/default/Object.o (__assert_func)
c:/altera/15.0/nios2eds/bin/gnu/h-x86_64-mingw32/bin/../lib/gcc/nios2-elf/4.9.1/../../../../../H-x86_64-mingw32/nios2-elf/lib\libc.a(lib_a-calloc.o)
                              obj/default/Object.o (calloc)
c:/altera/15.0/nios2eds/bin/gnu/h-x86_64-mingw32/bin/../lib/gcc/nios2-elf/4.9.1/../../../../../H-x86_64-mingw32/nios2-elf/lib\libc.a(lib_a-callocr.o)
                              c:/altera/15.0/nios2eds/bin/gnu/h-x86_64-mingw32/bin/../lib/gcc/nios2-elf/4.9.1/../../../../../H-x86_64-mingw32/nios2-elf/lib\libc.a(lib_a-calloc.o) (_calloc_r)
c:/altera/15.0/nios2eds/bin/gnu/h-x86_64-mingw32/bin/../lib/gcc/nios2-elf/4.9.1/../../../../../H-x86_64-mingw32/nios2-elf/lib\libc.a(lib_a-fiprintf.o)
                              c:/altera/15.0/nios2eds/bin/gnu/h-x86_64-mingw32/bin/../lib/gcc/nios2-elf/4.9.1/../../../../../H-x86_64-mingw32/nios2-elf/lib\libc.a(lib_a-assert.o) (fiprintf)
c:/altera/15.0/nios2eds/bin/gnu/h-x86_64-mingw32/bin/../lib/gcc/nios2-elf/4.9.1/../../../../../H-x86_64-mingw32/nios2-elf/lib\libc.a(lib_a-fprintf.o)
                              obj/default/Object.o (fprintf)
c:/altera/15.0/nios2eds/bin/gnu/h-x86_64-mingw32/bin/../lib/gcc/nios2-elf/4.9.1/../../../../../H-x86_64-mingw32/nios2-elf/lib\libc.a(lib_a-impure.o)
                              obj/default/Object.o (_impure_ptr)
c:/altera/15.0/nios2eds/bin/gnu/h-x86_64-mingw32/bin/../lib/gcc/nios2-elf/4.9.1/../../../../../H-x86_64-mingw32/nios2-elf/lib\libc.a(lib_a-malloc.o)
                              obj/default/View.o (malloc)
c:/altera/15.0/nios2eds/bin/gnu/h-x86_64-mingw32/bin/../lib/gcc/nios2-elf/4.9.1/../../../../../H-x86_64-mingw32/nios2-elf/lib\libc.a(lib_a-mallocr.o)
                              c:/altera/15.0/nios2eds/bin/gnu/h-x86_64-mingw32/bin/../lib/gcc/nios2-elf/4.9.1/../../../../../H-x86_64-mingw32/nios2-elf/lib\libc.a(lib_a-callocr.o) (_malloc_r)
c:/altera/15.0/nios2eds/bin/gnu/h-x86_64-mingw32/bin/../lib/gcc/nios2-elf/4.9.1/../../../../../H-x86_64-mingw32/nios2-elf/lib\libc.a(lib_a-memcpy.o)
                              obj/default/Object.o (memcpy)
c:/altera/15.0/nios2eds/bin/gnu/h-x86_64-mingw32/bin/../lib/gcc/nios2-elf/4.9.1/../../../../../H-x86_64-mingw32/nios2-elf/lib\libc.a(lib_a-memset.o)
                              c:/altera/15.0/nios2eds/bin/gnu/h-x86_64-mingw32/bin/../lib/gcc/nios2-elf/4.9.1/../../../../../H-x86_64-mingw32/nios2-elf/lib\libc.a(lib_a-callocr.o) (memset)
c:/altera/15.0/nios2eds/bin/gnu/h-x86_64-mingw32/bin/../lib/gcc/nios2-elf/4.9.1/../../../../../H-x86_64-mingw32/nios2-elf/lib\libc.a(lib_a-puts.o)
                              obj/default/Button.o (puts)
c:/altera/15.0/nios2eds/bin/gnu/h-x86_64-mingw32/bin/../lib/gcc/nios2-elf/4.9.1/../../../../../H-x86_64-mingw32/nios2-elf/lib\libc.a(lib_a-sbrkr.o)
                              c:/altera/15.0/nios2eds/bin/gnu/h-x86_64-mingw32/bin/../lib/gcc/nios2-elf/4.9.1/../../../../../H-x86_64-mingw32/nios2-elf/lib\libc.a(lib_a-mallocr.o) (_sbrk_r)
c:/altera/15.0/nios2eds/bin/gnu/h-x86_64-mingw32/bin/../lib/gcc/nios2-elf/4.9.1/../../../../../H-x86_64-mingw32/nios2-elf/lib\libc.a(lib_a-strlen.o)
                              c:/altera/15.0/nios2eds/bin/gnu/h-x86_64-mingw32/bin/../lib/gcc/nios2-elf/4.9.1/../../../../../H-x86_64-mingw32/nios2-elf/lib\libc.a(lib_a-puts.o) (strlen)
c:/altera/15.0/nios2eds/bin/gnu/h-x86_64-mingw32/bin/../lib/gcc/nios2-elf/4.9.1/../../../../../H-x86_64-mingw32/nios2-elf/lib\libc.a(lib_a-vfiprintfr_1.o)
                              c:/altera/15.0/nios2eds/bin/gnu/h-x86_64-mingw32/bin/../lib/gcc/nios2-elf/4.9.1/../../../../../H-x86_64-mingw32/nios2-elf/lib\libc.a(lib_a-fiprintf.o) (_vfiprintf_r)
c:/altera/15.0/nios2eds/bin/gnu/h-x86_64-mingw32/bin/../lib/gcc/nios2-elf/4.9.1/../../../../../H-x86_64-mingw32/nios2-elf/lib\libc.a(lib_a-vfprintf.o)
                              c:/altera/15.0/nios2eds/bin/gnu/h-x86_64-mingw32/bin/../lib/gcc/nios2-elf/4.9.1/../../../../../H-x86_64-mingw32/nios2-elf/lib\libc.a(lib_a-fprintf.o) (__vfprintf_internal)
c:/altera/15.0/nios2eds/bin/gnu/h-x86_64-mingw32/bin/../lib/gcc/nios2-elf/4.9.1/../../../../../H-x86_64-mingw32/nios2-elf/lib\libc.a(lib_a-wsetup.o)
                              c:/altera/15.0/nios2eds/bin/gnu/h-x86_64-mingw32/bin/../lib/gcc/nios2-elf/4.9.1/../../../../../H-x86_64-mingw32/nios2-elf/lib\libc.a(lib_a-vfprintf.o) (__swsetup_r)
c:/altera/15.0/nios2eds/bin/gnu/h-x86_64-mingw32/bin/../lib/gcc/nios2-elf/4.9.1/../../../../../H-x86_64-mingw32/nios2-elf/lib\libc.a(lib_a-abort.o)
                              c:/altera/15.0/nios2eds/bin/gnu/h-x86_64-mingw32/bin/../lib/gcc/nios2-elf/4.9.1/../../../../../H-x86_64-mingw32/nios2-elf/lib\libc.a(lib_a-assert.o) (abort)
[...]
Memory Configuration

Name             Origin             Length             Attributes
reset            0x0000000008000000 0x0000000000000020
sdram            0x0000000008000020 0x0000000003ffffe0
*default*        0x0000000000000000 0xffffffffffffffff

Linker script and memory map

LOAD ../graphics_bsp//obj/HAL/src/crt0.o
LOAD obj/default/Button.o
LOAD obj/default/ColourPallette.o
LOAD obj/default/DemoGraphicsRoutines.o
LOAD obj/default/DrawOperations.o
LOAD obj/default/Fill.o
LOAD obj/default/Fonts.o
LOAD obj/default/Object.o
LOAD obj/default/ScreenView.o
LOAD obj/default/Shapes.o
LOAD obj/default/View.o
LOAD c:/altera/15.0/nios2eds/bin/gnu/h-x86_64-mingw32/bin/../lib/gcc/nios2-elf/4.9.1/../../../../../H-x86_64-mingw32/nios2-elf/lib\libstdc++.a
LOAD c:/altera/15.0/nios2eds/bin/gnu/h-x86_64-mingw32/bin/../lib/gcc/nios2-elf/4.9.1/../../../../../H-x86_64-mingw32/nios2-elf/lib\libm.a
LOAD c:/altera/15.0/nios2eds/bin/gnu/h-x86_64-mingw32/bin/../lib/gcc/nios2-elf/4.9.1\libgcc.a
START GROUP
LOAD c:/altera/15.0/nios2eds/bin/gnu/h-x86_64-mingw32/bin/../lib/gcc/nios2-elf/4.9.1/../../../../../H-x86_64-mingw32/nios2-elf/lib\libc.a
LOAD c:/altera/15.0/nios2eds/bin/gnu/h-x86_64-mingw32/bin/../lib/gcc/nios2-elf/4.9.1\libgcc.a
LOAD ../graphics_bsp/\libhal_bsp.a
LOAD c:/altera/15.0/nios2eds/bin/gnu/h-x86_64-mingw32/bin/../lib/gcc/nios2-elf/4.9.1/../../../../../H-x86_64-mingw32/nios2-elf/lib\libm.a
END GROUP
LOAD c:/altera/15.0/nios2eds/bin/gnu/h-x86_64-mingw32/bin/../lib/gcc/nios2-elf/4.9.1\libgcc.a
                0x0000000008000000                __alt_mem_sdram = 0x8000000

.entry          0x0000000008000000       0x20
 *(.entry)
 .entry         0x0000000008000000       0x20 ../graphics_bsp//obj/HAL/src/crt0.o
                0x0000000008000000                __reset

.exceptions     0x0000000008000020      0x19c
                0x0000000008000020                PROVIDE (__ram_exceptions_start, ABSOLUTE (.))
                0x0000000008000020                . = ALIGN (0x20)
 *(.irq)
 *(.exceptions.entry.label)
 .exceptions.entry.label
                0x0000000008000020        0x0 ../graphics_bsp/\libhal_bsp.a(alt_irq_entry.o)
                0x0000000008000020                alt_irq_entry
 .exceptions.entry.label
                0x0000000008000020        0x0 ../graphics_bsp/\libhal_bsp.a(alt_exception_entry.o)
                0x0000000008000020                alt_exception
 *(.exceptions.entry.user)
 *(.exceptions.entry.ecc_fatal)
 *(.exceptions.entry)
 .exceptions.entry
                0x0000000008000020       0x54 ../graphics_bsp/\libhal_bsp.a(alt_exception_entry.o)
 *(.exceptions.irqtest.user)
 *(.exceptions.irqtest)
 .exceptions.irqtest
                0x0000000008000074       0x10 ../graphics_bsp/\libhal_bsp.a(alt_irq_entry.o)
 *(.exceptions.irqhandler.user)
 *(.exceptions.irqhandler)
 .exceptions.irqhandler
                0x0000000008000084        0x4 ../graphics_bsp/\libhal_bsp.a(alt_irq_entry.o)
 *(.exceptions.irqreturn.user)
 *(.exceptions.irqreturn)
 .exceptions.irqreturn
                0x0000000008000088        0x4 ../graphics_bsp/\libhal_bsp.a(alt_irq_entry.o)
 *(.exceptions.notirq.label)
 .exceptions.notirq.label
                0x000000000800008c        0x0 ../graphics_bsp/\libhal_bsp.a(alt_irq_entry.o)
 *(.exceptions.notirq.user)
 *(.exceptions.notirq)
 .exceptions.notirq
                0x000000000800008c        0x8 ../graphics_bsp/\libhal_bsp.a(alt_exception_entry.o)
 *(.exceptions.soft.user)
 *(.exceptions.soft)
 *(.exceptions.unknown.user)
 *(.exceptions.unknown)
 .exceptions.unknown
                0x0000000008000094        0x4 ../graphics_bsp/\libhal_bsp.a(alt_exception_entry.o)
 *(.exceptions.exit.label)
 .exceptions.exit.label
                0x0000000008000098        0x0 ../graphics_bsp/\libhal_bsp.a(alt_irq_entry.o)
 .exceptions.exit.label
                0x0000000008000098        0x0 ../graphics_bsp/\libhal_bsp.a(alt_exception_entry.o)
 *(.exceptions.exit.user)
 *(.exceptions.exit)
 .exceptions.exit
                0x0000000008000098       0x54 ../graphics_bsp/\libhal_bsp.a(alt_exception_entry.o)
 *(.exceptions)
 .exceptions    0x00000000080000ec       0xd0 ../graphics_bsp/\libhal_bsp.a(alt_irq_handler.o)
                0x00000000080000ec                alt_irq_handler
                0x00000000080001bc                PROVIDE (__ram_exceptions_end, ABSOLUTE (.))
                0x0000000008000020                PROVIDE (__flash_exceptions_start, LOADADDR (.exceptions))

.text           0x00000000080001bc    0x11d1c
                0x00000000080001bc                PROVIDE (stext, ABSOLUTE (.))
 *(.interp)
 *(.hash)
 *(.dynsym)
 *(.dynstr)
 *(.gnu.version)
 *(.gnu.version_d)
 *(.gnu.version_r)
 *(.rel.init)
 *(.rela.init)
 *(.rel.text .rel.text.* .rel.gnu.linkonce.t.*)
 *(.rela.text .rela.text.* .rela.gnu.linkonce.t.*)
 *(.rel.fini)
 *(.rela.fini)
 *(.rel.rodata .rel.rodata.* .rel.gnu.linkonce.r.*)
 *(.rela.rodata .rela.rodata.* .rela.gnu.linkonce.r.*)
 *(.rel.data .rel.data.* .rel.gnu.linkonce.d.*)
 *(.rela.data .rela.data.* .rela.gnu.linkonce.d.*)
 *(.rel.tdata .rel.tdata.* .rel.gnu.linkonce.td.*)
 *(.rela.tdata .rela.tdata.* .rela.gnu.linkonce.td.*)
 *(.rel.tbss .rel.tbss.* .rel.gnu.linkonce.tb.*)
 *(.rela.tbss .rela.tbss.* .rela.gnu.linkonce.tb.*)
 *(.rel.ctors)
 *(.rela.ctors)
 *(.rel.dtors)
 *(.rela.dtors)
 *(.rel.got)
 *(.rela.got)
 *(.rel.sdata .rel.sdata.* .rel.gnu.linkonce.s.*)
 *(.rela.sdata .rela.sdata.* .rela.gnu.linkonce.s.*)
 *(.rel.sbss .rel.sbss.* .rel.gnu.linkonce.sb.*)
 *(.rela.sbss .rela.sbss.* .rela.gnu.linkonce.sb.*)
 *(.rel.sdata2 .rel.sdata2.* .rel.gnu.linkonce.s2.*)
 *(.rela.sdata2 .rela.sdata2.* .rela.gnu.linkonce.s2.*)
 *(.rel.sbss2 .rel.sbss2.* .rel.gnu.linkonce.sb2.*)
 *(.rela.sbss2 .rela.sbss2.* .rela.gnu.linkonce.sb2.*)
 *(.rel.bss .rel.bss.* .rel.gnu.linkonce.b.*)
 *(.rela.bss .rela.bss.* .rela.gnu.linkonce.b.*)
 *(.rel.plt)
 *(.rela.plt)
 *(.rel.dyn)
 *(.init)
 *(.plt)
 *(.text .stub .text.* .gnu.linkonce.t.*)
 .text          0x00000000080001bc       0x3c ../graphics_bsp//obj/HAL/src/crt0.o
                0x00000000080001bc                _start
 .text          0x00000000080001f8      0x230 obj/default/Button.o
                0x0000000008000394                initButton
 .text          0x0000000008000428        0x0 obj/default/ColourPallette.o
 .text          0x0000000008000428      0x1c8 obj/default/DemoGraphicsRoutines.o
                0x0000000008000428                main
 .text          0x00000000080005f0      0x908 obj/default/DrawOperations.o
                0x00000000080005f0                WriteAPixel
                0x000000000800066c                ReadAPixel
                0x00000000080006fc                ProgramPalette
                0x0000000008000778                WriteHline
                0x0000000008000818                WriteVline
                0x00000000080008b8                WriteLine
                0x0000000008000958                WriteRect
                0x0000000008000a2c                WriteFilledRect
                0x0000000008000a98                clear
                0x0000000008000ad4                WriteFilledRectWithBorder
                0x0000000008000b48                WriteCircle
                0x0000000008000d50                WriteFilledCircle
 .text          0x0000000008000ef8      0x4f8 obj/default/Fill.o
                0x0000000008000ef8                PushPixel
                0x0000000008000f54                PopPixel
                0x0000000008000fb4                IsStackEmpty
                0x0000000008000fec                Fill
 .text          0x00000000080013f0        0x0 obj/default/Fonts.o
 .text          0x00000000080013f0      0x7a4 obj/default/Object.o
                0x0000000008001470                classOf
                0x00000000080014d8                sizeOf
                0x0000000008001740                super
                0x00000000080017a8                new
                0x000000000800187c                delete
                0x00000000080018bc                ctor
                0x0000000008001930                super_ctor
                0x00000000080019b4                dtor
                0x0000000008001a20                super_dtor
                0x0000000008001a9c                differ
                0x0000000008001b10                super_differ
 .text          0x0000000008001b94      0x16c obj/default/ScreenView.o
                0x0000000008001c6c                initScreenView
 .text          0x0000000008001d00      0x34c obj/default/Shapes.o
                0x0000000008001f48                initShapes
 .text          0x000000000800204c      0x76c obj/default/View.o
                0x0000000008002190                draw
                0x00000000080021e4                super_draw
                0x000000000800226c                onPress
                0x00000000080022c0                super_onPress
                0x0000000008002318                move
                0x0000000008002388                setVisibility
                0x00000000080023c0                attachChild
                0x0000000008002460                detachChild
                0x0000000008002484                invalidate
                0x00000000080024e8                invalidateChildrenInParent
                0x000000000800258c                invalidateChildren
                0x00000000080026c4                initView
 .text          0x00000000080027b8       0x78 c:/altera/15.0/nios2eds/bin/gnu/h-x86_64-mingw32/bin/../lib/gcc/nios2-elf/4.9.1/../../../../../H-x86_64-mingw32/nios2-elf/lib\libc.a(lib_a-assert.o)
                0x00000000080027b8                __assert_func
                0x000000000800281c                __assert
 .text          0x0000000008002830       0x1c c:/altera/15.0/nios2eds/bin/gnu/h-x86_64-mingw32/bin/../lib/gcc/nios2-elf/4.9.1/../../../../../H-x86_64-mingw32/nios2-elf/lib\libc.a(lib_a-calloc.o)
                0x0000000008002830                calloc
 .text          0x000000000800284c       0xc4 c:/altera/15.0/nios2eds/bin/gnu/h-x86_64-mingw32/bin/../lib/gcc/nios2-elf/4.9.1/../../../../../H-x86_64-mingw32/nios2-elf/lib\libc.a(lib_a-callocr.o)
                0x000000000800284c                _calloc_r
 .text          0x0000000008002910       0x5c c:/altera/15.0/nios2eds/bin/gnu/h-x86_64-mingw32/bin/../lib/gcc/nios2-elf/4.9.1/../../../../../H-x86_64-mingw32/nios2-elf/lib\libc.a(lib_a-fiprintf.o)
                0x0000000008002910                _fiprintf_r
                0x0000000008002930                fiprintf
 .text          0x000000000800296c       0x4c c:/altera/15.0/nios2eds/bin/gnu/h-x86_64-mingw32/bin/../lib/gcc/nios2-elf/4.9.1/../../../../../H-x86_64-mingw32/nios2-elf/lib\libc.a(lib_a-fprintf.o)
                0x000000000800296c                _fprintf_r
                0x0000000008002994                fprintf
 .text          0x00000000080029b8        0x0 c:/altera/15.0/nios2eds/bin/gnu/h-x86_64-mingw32/bin/../lib/gcc/nios2-elf/4.9.1/../../../../../H-x86_64-mingw32/nios2-elf/lib\libc.a(lib_a-impure.o)
 .text          0x00000000080029b8       0x28 c:/altera/15.0/nios2eds/bin/gnu/h-x86_64-mingw32/bin/../lib/gcc/nios2-elf/4.9.1/../../../../../H-x86_64-mingw32/nios2-elf/lib\libc.a(lib_a-malloc.o)
                0x00000000080029b8                malloc
                0x00000000080029cc                free
 .text          0x00000000080029e0      0x7a8 c:/altera/15.0/nios2eds/bin/gnu/h-x86_64-mingw32/bin/../lib/gcc/nios2-elf/4.9.1/../../../../../H-x86_64-mingw32/nios2-elf/lib\libc.a(lib_a-mallocr.o)
                0x00000000080029e0                _malloc_r
 .text          0x0000000008003188      0x138 c:/altera/15.0/nios2eds/bin/gnu/h-x86_64-mingw32/bin/../lib/gcc/nios2-elf/4.9.1/../../../../../H-x86_64-mingw32/nios2-elf/lib\libc.a(lib_a-memcpy.o)
                0x0000000008003188                memcpy
 .text          0x00000000080032c0      0x124 c:/altera/15.0/nios2eds/bin/gnu/h-x86_64-mingw32/bin/../lib/gcc/nios2-elf/4.9.1/../../../../../H-x86_64-mingw32/nios2-elf/lib\libc.a(lib_a-memset.o)
                0x00000000080032c0                memset
 .text          0x00000000080033e4       0xcc c:/altera/15.0/nios2eds/bin/gnu/h-x86_64-mingw32/bin/../lib/gcc/nios2-elf/4.9.1/../../../../../H-x86_64-mingw32/nios2-elf/lib\libc.a(lib_a-puts.o)
                0x00000000080033e4                _puts_r
                0x000000000800349c                puts
 .text          0x00000000080034b0       0x54 c:/altera/15.0/nios2eds/bin/gnu/h-x86_64-mingw32/bin/../lib/gcc/nios2-elf/4.9.1/../../../../../H-x86_64-mingw32/nios2-elf/lib\libc.a(lib_a-sbrkr.o)
                0x00000000080034b0                _sbrk_r
 .text          0x0000000008003504       0x98 c:/altera/15.0/nios2eds/bin/gnu/h-x86_64-mingw32/bin/../lib/gcc/nios2-elf/4.9.1/../../../../../H-x86_64-mingw32/nios2-elf/lib\libc.a(lib_a-strlen.o)
                0x0000000008003504                strlen
 .text          0x000000000800359c       0x1c c:/altera/15.0/nios2eds/bin/gnu/h-x86_64-mingw32/bin/../lib/gcc/nios2-elf/4.9.1/../../../../../H-x86_64-mingw32/nios2-elf/lib\libc.a(lib_a-vfiprintfr_1.o)
                0x000000000800359c                _vfiprintf_r
 .text          0x00000000080035b8     0x2020 c:/altera/15.0/nios2eds/bin/gnu/h-x86_64-mingw32/bin/../lib/gcc/nios2-elf/4.9.1/../../../../../H-x86_64-mingw32/nios2-elf/lib\libc.a(lib_a-vfprintf.o)
                0x00000000080035b8                ___vfprintf_internal_r
                0x00000000080055b4                __vfprintf_internal
 .text          0x00000000080055d8      0x130 c:/altera/15.0/nios2eds/bin/gnu/h-x86_64-mingw32/bin/../lib/gcc/nios2-elf/4.9.1/../../../../../H-x86_64-mingw32/nios2-elf/lib\libc.a(lib_a-wsetup.o)
                0x00000000080055d8                __swsetup_r
 .text          0x0000000008005708       0x18 c:/altera/15.0/nios2eds/bin/gnu/h-x86_64-mingw32/bin/../lib/gcc/nios2-elf/4.9.1/../../../../../H-x86_64-mingw32/nios2-elf/lib\libc.a(lib_a-abort.o)
                0x0000000008005708                abort
 .text          0x0000000008005720     0x1928 c:/altera/15.0/nios2eds/bin/gnu/h-x86_64-mingw32/bin/../lib/gcc/nios2-elf/4.9.1/../../../../../H-x86_64-mingw32/nios2-elf/lib\libc.a(lib_a-dtoa.o)
                0x0000000008005920                _dtoa_r
 .text          0x0000000008007048      0x258 c:/altera/15.0/nios2eds/bin/gnu/h-x86_64-mingw32/bin/../lib/gcc/nios2-elf/4.9.1/../../../../../H-x86_64-mingw32/nios2-elf/lib\libc.a(lib_a-fflush.o)
                0x0000000008007048                _fflush_r
                0x0000000008007270                fflush
 .text          0x00000000080072a0      0x3a0 c:/altera/15.0/nios2eds/bin/gnu/h-x86_64-mingw32/bin/../lib/gcc/nios2-elf/4.9.1/../../../../../H-x86_64-mingw32/nios2-elf/lib\libc.a(lib_a-findfp.o)
                0x00000000080072b0                _cleanup_r
                0x000000000800745c                __sfmoreglue
                0x00000000080074c0                __sfp
                0x00000000080075d8                _cleanup
                0x00000000080075f0                __sinit
                0x0000000008007600                __sfp_lock_acquire
                0x0000000008007604                __sfp_lock_release
                0x0000000008007608                __sinit_lock_acquire
                0x000000000800760c                __sinit_lock_release
                0x0000000008007610                __fp_lock_all
                0x0000000008007628                __fp_unlock_all
 .text          0x0000000008007640      0x414 c:/altera/15.0/nios2eds/bin/gnu/h-x86_64-mingw32/bin/../lib/gcc/nios2-elf/4.9.1/../../../../../H-x86_64-mingw32/nios2-elf/lib\libc.a(lib_a-freer.o)
                0x0000000008007640                _malloc_trim_r
                0x0000000008007764                _free_r
 .text          0x0000000008007a54      0x4a4 c:/altera/15.0/nios2eds/bin/gnu/h-x86_64-mingw32/bin/../lib/gcc/nios2-elf/4.9.1/../../../../../H-x86_64-mingw32/nios2-elf/lib\libc.a(lib_a-fvwrite.o)
                0x0000000008007a54                __sfvwrite_r
 .text          0x0000000008007ef8      0x170 c:/altera/15.0/nios2eds/bin/gnu/h-x86_64-mingw32/bin/../lib/gcc/nios2-elf/4.9.1/../../../../../H-x86_64-mingw32/nios2-elf/lib\libc.a(lib_a-fwalk.o)
                0x0000000008007ef8                _fwalk
                0x0000000008007fb0                _fwalk_reent
 .text          0x0000000008008068        0x0 c:/altera/15.0/nios2eds/bin/gnu/h-x86_64-mingw32/bin/../lib/gcc/nios2-elf/4.9.1/../../../../../H-x86_64-mingw32/nios2-elf/lib\libc.a(lib_a-int_errno.o)
 .text          0x0000000008008068       0xe0 c:/altera/15.0/nios2eds/bin/gnu/h-x86_64-mingw32/bin/../lib/gcc/nios2-elf/4.9.1/../../../../../H-x86_64-mingw32/nios2-elf/lib\libc.a(lib_a-locale.o)
                0x0000000008008068                _setlocale_r
                0x00000000080080e4                __locale_charset
                0x00000000080080f0                __locale_mb_cur_max
                0x0000000008008100                __locale_msgcharset
                0x000000000800810c                __locale_cjk_lang
                0x0000000008008114                _localeconv_r
                0x0000000008008120                setlocale
                0x000000000800813c                localeconv
 .text          0x0000000008008148      0x1b8 c:/altera/15.0/nios2eds/bin/gnu/h-x86_64-mingw32/bin/../lib/gcc/nios2-elf/4.9.1/../../../../../H-x86_64-mingw32/nios2-elf/lib\libc.a(lib_a-makebuf.o)
                0x0000000008008148                __smakebuf_r
 .text          0x0000000008008300       0xe8 c:/altera/15.0/nios2eds/bin/gnu/h-x86_64-mingw32/bin/../lib/gcc/nios2-elf/4.9.1/../../../../../H-x86_64-mingw32/nios2-elf/lib\libc.a(lib_a-memchr.o)
                0x0000000008008300                memchr
 .text          0x00000000080083e8      0x15c c:/altera/15.0/nios2eds/bin/gnu/h-x86_64-mingw32/bin/../lib/gcc/nios2-elf/4.9.1/../../../../../H-x86_64-mingw32/nios2-elf/lib\libc.a(lib_a-memmove.o)
                0x00000000080083e8                memmove
 .text          0x0000000008008544      0xf8c c:/altera/15.0/nios2eds/bin/gnu/h-x86_64-mingw32/bin/../lib/gcc/nios2-elf/4.9.1/../../../../../H-x86_64-mingw32/nios2-elf/lib\libc.a(lib_a-mprec.o)
                0x0000000008008544                _Balloc
                0x00000000080085ec                _Bfree
                0x0000000008008614                __multadd
                0x0000000008008728                __s2b
                0x000000000800882c                __hi0bits
                0x0000000008008894                __lo0bits
                0x0000000008008944                __i2b
                0x0000000008008980                __multiply
                0x0000000008008b7c                __pow5mult
                0x0000000008008cbc                __lshift
                0x0000000008008e04                __mcmp
                0x0000000008008e64                __mdiff
                0x0000000008008ffc                __ulp
                0x000000000800905c                __b2d
                0x0000000008009178                __d2b
                0x00000000080092b4                __ratio
                0x0000000008009358                _mprec_log10
                0x00000000080093cc                __copybits
                0x0000000008009444                __any_on
 .text          0x00000000080094d0      0x5a0 c:/altera/15.0/nios2eds/bin/gnu/h-x86_64-mingw32/bin/../lib/gcc/nios2-elf/4.9.1/../../../../../H-x86_64-mingw32/nios2-elf/lib\libc.a(lib_a-reallocr.o)
                0x00000000080094d0                _realloc_r
 .text          0x0000000008009a70       0x74 c:/altera/15.0/nios2eds/bin/gnu/h-x86_64-mingw32/bin/../lib/gcc/nios2-elf/4.9.1/../../../../../H-x86_64-mingw32/nios2-elf/lib\libc.a(lib_a-s_fpclassify.o)
                0x0000000008009a70                __fpclassifyd
 .text          0x0000000008009ae4      0x2a4 c:/altera/15.0/nios2eds/bin/gnu/h-x86_64-mingw32/bin/../lib/gcc/nios2-elf/4.9.1/../../../../../H-x86_64-mingw32/nios2-elf/lib\libc.a(lib_a-signal.o)
                0x0000000008009ae4                _init_signal_r
                0x0000000008009b4c                _signal_r
                0x0000000008009bd0                _raise_r
                0x0000000008009c8c                __sigtramp_r
                0x0000000008009d34                raise
                0x0000000008009d48                signal
                0x0000000008009d64                _init_signal
                0x0000000008009d74                __sigtramp
 .text          0x0000000008009d88       0x5c c:/altera/15.0/nios2eds/bin/gnu/h-x86_64-mingw32/bin/../lib/gcc/nios2-elf/4.9.1/../../../../../H-x86_64-mingw32/nios2-elf/lib\libc.a(lib_a-signalr.o)
                0x0000000008009d88                _kill_r
                0x0000000008009de0                _getpid_r
 .text          0x0000000008009de4      0x13c c:/altera/15.0/nios2eds/bin/gnu/h-x86_64-mingw32/bin/../lib/gcc/nios2-elf/4.9.1/../../../../../H-x86_64-mingw32/nios2-elf/lib\libc.a(lib_a-stdio.o)
                0x0000000008009de4                __sread
                0x0000000008009e38                __seofread
                0x0000000008009e40                __swrite
                0x0000000008009ebc                __sseek
                0x0000000008009f18                __sclose
 .text          0x0000000008009f20       0xa4 c:/altera/15.0/nios2eds/bin/gnu/h-x86_64-mingw32/bin/../lib/gcc/nios2-elf/4.9.1/../../../../../H-x86_64-mingw32/nios2-elf/lib\libc.a(lib_a-strcmp.o)
                0x0000000008009f20                strcmp
 .text          0x0000000008009fc4     0x1494 c:/altera/15.0/nios2eds/bin/gnu/h-x86_64-mingw32/bin/../lib/gcc/nios2-elf/4.9.1/../../../../../H-x86_64-mingw32/nios2-elf/lib\libc.a(lib_a-vfiprintf.o)
                0x000000000800a0c0                __sprint_r
                0x000000000800a0d8                ___vfiprintf_internal_r
                0x000000000800b434                __vfiprintf_internal
 .text          0x000000000800b458       0x5c c:/altera/15.0/nios2eds/bin/gnu/h-x86_64-mingw32/bin/../lib/gcc/nios2-elf/4.9.1/../../../../../H-x86_64-mingw32/nios2-elf/lib\libc.a(lib_a-writer.o)
                0x000000000800b458                _write_r
 .text          0x000000000800b4b4       0x54 c:/altera/15.0/nios2eds/bin/gnu/h-x86_64-mingw32/bin/../lib/gcc/nios2-elf/4.9.1/../../../../../H-x86_64-mingw32/nios2-elf/lib\libc.a(closer.o)
                0x000000000800b4b4                _close_r
 .text          0x000000000800b508      0x114 c:/altera/15.0/nios2eds/bin/gnu/h-x86_64-mingw32/bin/../lib/gcc/nios2-elf/4.9.1/../../../../../H-x86_64-mingw32/nios2-elf/lib\libc.a(lib_a-fclose.o)
                0x000000000800b508                _fclose_r
                0x000000000800b608                fclose
 .text          0x000000000800b61c      0x1dc c:/altera/15.0/nios2eds/bin/gnu/h-x86_64-mingw32/bin/../lib/gcc/nios2-elf/4.9.1/../../../../../H-x86_64-mingw32/nios2-elf/lib\libc.a(lib_a-fputwc.o)
                0x000000000800b61c                _fputwc_r
                0x000000000800b7a0                fputwc
 .text          0x000000000800b7f8       0x58 c:/altera/15.0/nios2eds/bin/gnu/h-x86_64-mingw32/bin/../lib/gcc/nios2-elf/4.9.1/../../../../../H-x86_64-mingw32/nios2-elf/lib\libc.a(lib_a-fstatr.o)
                0x000000000800b7f8                _fstat_r
 .text          0x000000000800b850       0x54 c:/altera/15.0/nios2eds/bin/gnu/h-x86_64-mingw32/bin/../lib/gcc/nios2-elf/4.9.1/../../../../../H-x86_64-mingw32/nios2-elf/lib\libc.a(lib_a-isattyr.o)
                0x000000000800b850                _isatty_r
 .text          0x000000000800b8a4       0x5c c:/altera/15.0/nios2eds/bin/gnu/h-x86_64-mingw32/bin/../lib/gcc/nios2-elf/4.9.1/../../../../../H-x86_64-mingw32/nios2-elf/lib\libc.a(lib_a-lseekr.o)
                0x000000000800b8a4                _lseek_r
 .text          0x000000000800b900       0x5c c:/altera/15.0/nios2eds/bin/gnu/h-x86_64-mingw32/bin/../lib/gcc/nios2-elf/4.9.1/../../../../../H-x86_64-mingw32/nios2-elf/lib\libc.a(lib_a-readr.o)
                0x000000000800b900                _read_r
 .text          0x000000000800b95c      0x170 c:/altera/15.0/nios2eds/bin/gnu/h-x86_64-mingw32/bin/../lib/gcc/nios2-elf/4.9.1/../../../../../H-x86_64-mingw32/nios2-elf/lib\libc.a(lib_a-wbuf.o)
                0x000000000800b95c                __swbuf_r
                0x000000000800bab0                __swbuf
 .text          0x000000000800bacc      0x174 c:/altera/15.0/nios2eds/bin/gnu/h-x86_64-mingw32/bin/../lib/gcc/nios2-elf/4.9.1/../../../../../H-x86_64-mingw32/nios2-elf/lib\libc.a(lib_a-wcrtomb.o)
                0x000000000800bacc                _wcrtomb_r
                0x000000000800bb68                wcrtomb
 .text          0x000000000800bc40       0x8c c:/altera/15.0/nios2eds/bin/gnu/h-x86_64-mingw32/bin/../lib/gcc/nios2-elf/4.9.1/../../../../../H-x86_64-mingw32/nios2-elf/lib\libc.a(lib_a-wctomb_r.o)
                0x000000000800bc40                __ascii_wctomb
                0x000000000800bc70                _wctomb_r
 .text          0x000000000800bccc      0x5c0 c:/altera/15.0/nios2eds/bin/gnu/h-x86_64-mingw32/bin/../lib/gcc/nios2-elf/4.9.1\libgcc.a(_udivdi3.o)
                0x000000000800bccc                __udivdi3
 .text          0x000000000800c28c      0x590 c:/altera/15.0/nios2eds/bin/gnu/h-x86_64-mingw32/bin/../lib/gcc/nios2-elf/4.9.1\libgcc.a(_umoddi3.o)
                0x000000000800c28c                __umoddi3
 .text          0x000000000800c81c      0x12c c:/altera/15.0/nios2eds/bin/gnu/h-x86_64-mingw32/bin/../lib/gcc/nios2-elf/4.9.1\libgcc.a(lib2-divmod.o)
                0x000000000800c888                __divsi3
                0x000000000800c8dc                __modsi3
                0x000000000800c938                __udivsi3
                0x000000000800c940                __umodsi3
 .text          0x000000000800c948      0x89c c:/altera/15.0/nios2eds/bin/gnu/h-x86_64-mingw32/bin/../lib/gcc/nios2-elf/4.9.1\libgcc.a(adddf3.o)
                0x000000000800c948                __adddf3
 .text          0x000000000800d1e4      0x8cc c:/altera/15.0/nios2eds/bin/gnu/h-x86_64-mingw32/bin/../lib/gcc/nios2-elf/4.9.1\libgcc.a(divdf3.o)
                0x000000000800d1e4                __divdf3
 .text          0x000000000800dab0       0x84 c:/altera/15.0/nios2eds/bin/gnu/h-x86_64-mingw32/bin/../lib/gcc/nios2-elf/4.9.1\libgcc.a(eqdf2.o)
                0x000000000800dab0                __nedf2
                0x000000000800dab0                __eqdf2
 .text          0x000000000800db34       0xe0 c:/altera/15.0/nios2eds/bin/gnu/h-x86_64-mingw32/bin/../lib/gcc/nios2-elf/4.9.1\libgcc.a(gedf2.o)
                0x000000000800db34                __gedf2
                0x000000000800db34                __gtdf2
 .text          0x000000000800dc14       0xe0 c:/altera/15.0/nios2eds/bin/gnu/h-x86_64-mingw32/bin/../lib/gcc/nios2-elf/4.9.1\libgcc.a(ledf2.o)
                0x000000000800dc14                __ledf2
                0x000000000800dc14                __ltdf2
 .text          0x000000000800dcf4      0x724 c:/altera/15.0/nios2eds/bin/gnu/h-x86_64-mingw32/bin/../lib/gcc/nios2-elf/4.9.1\libgcc.a(muldf3.o)
                0x000000000800dcf4                __muldf3
 .text          0x000000000800e418      0x8d0 c:/altera/15.0/nios2eds/bin/gnu/h-x86_64-mingw32/bin/../lib/gcc/nios2-elf/4.9.1\libgcc.a(subdf3.o)
                0x000000000800e418                __subdf3
 .text          0x000000000800ece8       0x88 c:/altera/15.0/nios2eds/bin/gnu/h-x86_64-mingw32/bin/../lib/gcc/nios2-elf/4.9.1\libgcc.a(fixdfsi.o)
                0x000000000800ece8                __fixdfsi
 .text          0x000000000800ed70       0xd0 c:/altera/15.0/nios2eds/bin/gnu/h-x86_64-mingw32/bin/../lib/gcc/nios2-elf/4.9.1\libgcc.a(floatsidf.o)
                0x000000000800ed70                __floatsidf
 .text          0x000000000800ee40       0xa4 c:/altera/15.0/nios2eds/bin/gnu/h-x86_64-mingw32/bin/../lib/gcc/nios2-elf/4.9.1\libgcc.a(floatunsidf.o)
                0x000000000800ee40                __floatunsidf
 .text          0x000000000800eee4        0x0 c:/altera/15.0/nios2eds/bin/gnu/h-x86_64-mingw32/bin/../lib/gcc/nios2-elf/4.9.1\libgcc.a(_clz.o)
 .text          0x000000000800eee4       0x64 c:/altera/15.0/nios2eds/bin/gnu/h-x86_64-mingw32/bin/../lib/gcc/nios2-elf/4.9.1\libgcc.a(_clzsi2.o)
                0x000000000800eee4                __clzsi2
 .text          0x000000000800ef48      0x120 ../graphics_bsp/\libhal_bsp.a(alt_close.o)
                0x000000000800ef98                close
 .text          0x000000000800f068       0x2c ../graphics_bsp/\libhal_bsp.a(alt_dev.o)
 .text          0x000000000800f094        0x0 ../graphics_bsp/\libhal_bsp.a(alt_errno.o)
 .text          0x000000000800f094       0x34 ../graphics_bsp/\libhal_bsp.a(alt_exit.o)
                0x000000000800f094                _exit
 .text          0x000000000800f0c8      0x100 ../graphics_bsp/\libhal_bsp.a(alt_fstat.o)
                0x000000000800f118                fstat
 .text          0x000000000800f1c8       0x20 ../graphics_bsp/\libhal_bsp.a(alt_getpid.o)
                0x000000000800f1c8                getpid
 .text          0x000000000800f1e8       0xf4 ../graphics_bsp/\libhal_bsp.a(alt_isatty.o)
                0x000000000800f238                isatty
 .text          0x000000000800f2dc      0x180 ../graphics_bsp/\libhal_bsp.a(alt_kill.o)
                0x000000000800f32c                kill
 .text          0x000000000800f45c       0xe4 ../graphics_bsp/\libhal_bsp.a(alt_load.o)
                0x000000000800f4c0                alt_load
 .text          0x000000000800f540      0x124 ../graphics_bsp/\libhal_bsp.a(alt_lseek.o)
                0x000000000800f590                lseek
 .text          0x000000000800f664       0x78 ../graphics_bsp/\libhal_bsp.a(alt_main.o)
                0x000000000800f664                alt_main
 .text          0x000000000800f6dc       0x40 ../graphics_bsp/\libhal_bsp.a(alt_malloc_lock.o)
                0x000000000800f6dc                __malloc_lock
                0x000000000800f6fc                __malloc_unlock
 .text          0x000000000800f71c      0x14c ../graphics_bsp/\libhal_bsp.a(alt_read.o)
                0x000000000800f76c                read
 .text          0x000000000800f868       0x60 ../graphics_bsp/\libhal_bsp.a(alt_release_fd.o)
                0x000000000800f868                alt_release_fd
 .text          0x000000000800f8c8       0xb0 ../graphics_bsp/\libhal_bsp.a(alt_sbrk.o)
                0x000000000800f8c8                sbrk
 .text          0x000000000800f978       0x30 ../graphics_bsp/\libhal_bsp.a(alt_usleep.o)
                0x000000000800f978                usleep
 .text          0x000000000800f9a8      0x148 ../graphics_bsp/\libhal_bsp.a(alt_write.o)
                0x000000000800f9f8                write
 .text          0x000000000800faf0       0xdc ../graphics_bsp/\libhal_bsp.a(alt_sys_init.o)
                0x000000000800fb28                alt_irq_init
                0x000000000800fb5c                alt_sys_init
 .text          0x000000000800fbcc      0x164 ../graphics_bsp/\libhal_bsp.a(altera_avalon_jtag_uart_fd.o)
                0x000000000800fbcc                altera_avalon_jtag_uart_read_fd
                0x000000000800fc2c                altera_avalon_jtag_uart_write_fd
                0x000000000800fc8c                altera_avalon_jtag_uart_close_fd
                0x000000000800fcdc                altera_avalon_jtag_uart_ioctl_fd
 .text          0x000000000800fd30      0x3d8 ../graphics_bsp/\libhal_bsp.a(altera_avalon_jtag_uart_init.o)
                0x000000000800fd30                altera_avalon_jtag_uart_init
                0x00000000080100a0                altera_avalon_jtag_uart_close
 .text          0x0000000008010108       0xec ../graphics_bsp/\libhal_bsp.a(altera_avalon_jtag_uart_ioctl.o)
                0x0000000008010108                altera_avalon_jtag_uart_ioctl
 .text          0x00000000080101f4      0x20c ../graphics_bsp/\libhal_bsp.a(altera_avalon_jtag_uart_read.o)
                0x00000000080101f4                altera_avalon_jtag_uart_read
 .text          0x0000000008010400      0x218 ../graphics_bsp/\libhal_bsp.a(altera_avalon_jtag_uart_write.o)
                0x0000000008010400                altera_avalon_jtag_uart_write
 .text          0x0000000008010618       0xfc ../graphics_bsp/\libhal_bsp.a(altera_avalon_timer_sc.o)
                0x000000000801068c                alt_avalon_timer_sc_init
 .text          0x0000000008010714      0x4d8 ../graphics_bsp/\libhal_bsp.a(altera_up_avalon_character_lcd.o)
                0x0000000008010714                get_DDRAM_addr
                0x0000000008010788                alt_up_character_lcd_send_cmd
                0x00000000080107c4                alt_up_character_lcd_init
                0x00000000080107f8                alt_up_character_lcd_open_dev
                0x0000000008010838                alt_up_character_lcd_write
                0x00000000080108b0                alt_up_character_lcd_string
                0x0000000008010924                alt_up_character_lcd_write_fd
                0x0000000008010974                alt_up_character_lcd_set_cursor_pos
                0x00000000080109e8                alt_up_character_lcd_shift_cursor
                0x0000000008010a70                alt_up_character_lcd_shift_display
                0x0000000008010af8                alt_up_character_lcd_erase_pos
                0x0000000008010b84                alt_up_character_lcd_cursor_off
                0x0000000008010bb8                alt_up_character_lcd_cursor_blink_on
 .text          0x0000000008010bec      0x140 ../graphics_bsp/\libhal_bsp.a(alt_alarm_start.o)
                0x0000000008010bec                alt_alarm_start
 .text          0x0000000008010d2c      0x128 ../graphics_bsp/\libhal_bsp.a(alt_busy_sleep.o)
                0x0000000008010d2c                alt_busy_sleep
 .text          0x0000000008010e54       0x1c ../graphics_bsp/\libhal_bsp.a(alt_dcache_flush_all.o)
                0x0000000008010e54                alt_dcache_flush_all
 .text          0x0000000008010e70       0xf4 ../graphics_bsp/\libhal_bsp.a(alt_dev_llist_insert.o)
                0x0000000008010ec0                alt_dev_llist_insert
 .text          0x0000000008010f64       0x5c ../graphics_bsp/\libhal_bsp.a(alt_do_ctors.o)
                0x0000000008010f64                _do_ctors
 .text          0x0000000008010fc0       0x5c ../graphics_bsp/\libhal_bsp.a(alt_do_dtors.o)
                0x0000000008010fc0                _do_dtors
 .text          0x000000000801101c       0x90 ../graphics_bsp/\libhal_bsp.a(alt_find_dev.o)
                0x000000000801101c                alt_find_dev
 .text          0x00000000080110ac       0x30 ../graphics_bsp/\libhal_bsp.a(alt_icache_flush_all.o)
                0x00000000080110ac                alt_icache_flush_all
 .text          0x00000000080110dc      0x1e0 ../graphics_bsp/\libhal_bsp.a(alt_iic.o)
                0x00000000080110dc                alt_ic_isr_register
                0x000000000801112c                alt_ic_irq_enable
                0x00000000080111cc                alt_ic_irq_disable
                0x0000000008011270                alt_ic_irq_enabled
 .text          0x00000000080112bc       0xf0 ../graphics_bsp/\libhal_bsp.a(alt_iic_isr_register.o)
                0x00000000080112bc                alt_iic_isr_register
 .text          0x00000000080113ac      0x138 ../graphics_bsp/\libhal_bsp.a(alt_io_redirect.o)
                0x000000000801146c                alt_io_redirect
 .text          0x00000000080114e4        0x0 ../graphics_bsp/\libhal_bsp.a(alt_irq_entry.o)
 .text          0x00000000080114e4        0x0 ../graphics_bsp/\libhal_bsp.a(alt_irq_handler.o)
 .text          0x00000000080114e4        0x0 ../graphics_bsp/\libhal_bsp.a(alt_irq_vars.o)
 .text          0x00000000080114e4      0x274 ../graphics_bsp/\libhal_bsp.a(alt_open.o)
                0x0000000008011600                open
 .text          0x0000000008011758      0x19c ../graphics_bsp/\libhal_bsp.a(alt_tick.o)
                0x0000000008011758                alt_alarm_stop
                0x00000000080117f0                alt_tick
 .text          0x00000000080118f4       0x20 ../graphics_bsp/\libhal_bsp.a(altera_nios2_qsys_irq.o)
                0x00000000080118f4                altera_nios2_qsys_irq_init
 .text          0x0000000008011914        0x0 ../graphics_bsp/\libhal_bsp.a(alt_exception_entry.o)
 .text          0x0000000008011914      0x114 ../graphics_bsp/\libhal_bsp.a(alt_find_file.o)
                0x0000000008011914                alt_find_file
 .text          0x0000000008011a28       0xb4 ../graphics_bsp/\libhal_bsp.a(alt_get_fd.o)
                0x0000000008011a28                alt_get_fd
 .text          0x0000000008011adc       0x8c ../graphics_bsp/\libhal_bsp.a(alt_icache_flush.o)
                0x0000000008011adc                alt_icache_flush
 .text          0x0000000008011b68       0x14 c:/altera/15.0/nios2eds/bin/gnu/h-x86_64-mingw32/bin/../lib/gcc/nios2-elf/4.9.1/../../../../../H-x86_64-mingw32/nios2-elf/lib\libc.a(lib_a-atexit.o)
                0x0000000008011b68                atexit
 .text          0x0000000008011b7c       0x38 c:/altera/15.0/nios2eds/bin/gnu/h-x86_64-mingw32/bin/../lib/gcc/nios2-elf/4.9.1/../../../../../H-x86_64-mingw32/nios2-elf/lib\libc.a(lib_a-exit.o)
                0x0000000008011b7c                exit
 .text          0x0000000008011bb4       0x7c c:/altera/15.0/nios2eds/bin/gnu/h-x86_64-mingw32/bin/../lib/gcc/nios2-elf/4.9.1/../../../../../H-x86_64-mingw32/nios2-elf/lib\libc.a(lib_a-memcmp.o)
                0x0000000008011bb4                memcmp
 .text          0x0000000008011c30      0x114 c:/altera/15.0/nios2eds/bin/gnu/h-x86_64-mingw32/bin/../lib/gcc/nios2-elf/4.9.1/../../../../../H-x86_64-mingw32/nios2-elf/lib\libc.a(lib_a-__atexit.o)
                0x0000000008011c30                __register_exitproc
 .text          0x0000000008011d44      0x194 c:/altera/15.0/nios2eds/bin/gnu/h-x86_64-mingw32/bin/../lib/gcc/nios2-elf/4.9.1/../../../../../H-x86_64-mingw32/nios2-elf/lib\libc.a(lib_a-__call_atexit.o)
                0x0000000008011d44                __call_exitprocs
 *(.gnu.warning.*)
 *(.fini)
                0x0000000008011ed8                PROVIDE (__etext, ABSOLUTE (.))
                0x0000000008011ed8                PROVIDE (_etext, ABSOLUTE (.))
                0x0000000008011ed8                PROVIDE (etext, ABSOLUTE (.))
 *(.eh_frame_hdr)
                0x0000000008011ed8                . = ALIGN (0x4)
                0x0000000008011ed8                PROVIDE (__preinit_array_start, ABSOLUTE (.))
 *(.preinit_array)
                0x0000000008011ed8                PROVIDE (__preinit_array_end, ABSOLUTE (.))
                0x0000000008011ed8                PROVIDE (__init_array_start, ABSOLUTE (.))
 *(.init_array)
                0x0000000008011ed8                PROVIDE (__init_array_end, ABSOLUTE (.))
                0x0000000008011ed8                PROVIDE (__fini_array_start, ABSOLUTE (.))
 *(.fini_array)
                0x0000000008011ed8                PROVIDE (__fini_array_end, ABSOLUTE (.))
 *(.eh_frame)
 *(.gcc_except_table .gcc_except_table.*)
 *(.dynamic)
                0x0000000008011ed8                PROVIDE (__CTOR_LIST__, ABSOLUTE (.))
 *(.ctors)
 *(SORT(.ctors.*))
                0x0000000008011ed8                PROVIDE (__CTOR_END__, ABSOLUTE (.))
                0x0000000008011ed8                PROVIDE (__DTOR_LIST__, ABSOLUTE (.))
 *(.dtors)
 *(SORT(.dtors.*))
                0x0000000008011ed8                PROVIDE (__DTOR_END__, ABSOLUTE (.))
 *(.jcr)
                0x0000000008011ed8                . = ALIGN (0x4)

.rodata         0x0000000008011ed8     0xaed4
                0x0000000008011ed8                PROVIDE (__ram_rodata_start, ABSOLUTE (.))
                0x0000000008011ed8                . = ALIGN (0x4)
 *(.rodata .rodata.* .gnu.linkonce.r.*)
 .rodata        0x0000000008011ed8       0x14 obj/default/Button.o
 .rodata        0x0000000008011eec      0x400 obj/default/ColourPallette.o
                0x0000000008011eec                ColourPalletteData
 .rodata        0x00000000080122ec       0x1c obj/default/DemoGraphicsRoutines.o
 .rodata        0x0000000008012308     0xa524 obj/default/Fonts.o
                0x0000000008012308                Font5x7
                0x00000000080125a2                Font10x14
                0x0000000008013006                Font16x27
                0x0000000008014410                Font22x40
                0x0000000008017098                Font38x59
 .rodata        0x000000000801c82c      0x18c obj/default/Object.o
 .rodata        0x000000000801c9b8        0xc obj/default/ScreenView.o
 .rodata        0x000000000801c9c4       0x28 obj/default/Shapes.o
 .rodata        0x000000000801c9ec       0x68 obj/default/View.o
 .rodata.str1.4
                0x000000000801ca54       0x3f c:/altera/15.0/nios2eds/bin/gnu/h-x86_64-mingw32/bin/../lib/gcc/nios2-elf/4.9.1/../../../../../H-x86_64-mingw32/nios2-elf/lib\libc.a(lib_a-assert.o)
                                         0x44 (size before relaxing)
 *fill*         0x000000000801ca93        0x1 
 .rodata.str1.4
                0x000000000801ca94        0x2 c:/altera/15.0/nios2eds/bin/gnu/h-x86_64-mingw32/bin/../lib/gcc/nios2-elf/4.9.1/../../../../../H-x86_64-mingw32/nios2-elf/lib\libc.a(lib_a-impure.o)
                                          0x4 (size before relaxing)
 *fill*         0x000000000801ca96        0x2 
 .rodata.str1.4
                0x000000000801ca98        0x2 c:/altera/15.0/nios2eds/bin/gnu/h-x86_64-mingw32/bin/../lib/gcc/nios2-elf/4.9.1/../../../../../H-x86_64-mingw32/nios2-elf/lib\libc.a(lib_a-puts.o)
                                          0x4 (size before relaxing)
 *fill*         0x000000000801ca9a        0x2 
 .rodata.str1.4
                0x000000000801ca9c       0x42 c:/altera/15.0/nios2eds/bin/gnu/h-x86_64-mingw32/bin/../lib/gcc/nios2-elf/4.9.1/../../../../../H-x86_64-mingw32/nios2-elf/lib\libc.a(lib_a-vfprintf.o)
                                         0x44 (size before relaxing)
 .rodata        0x000000000801cade       0x20 c:/altera/15.0/nios2eds/bin/gnu/h-x86_64-mingw32/bin/../lib/gcc/nios2-elf/4.9.1/../../../../../H-x86_64-mingw32/nios2-elf/lib\libc.a(lib_a-vfprintf.o)
 *fill*         0x000000000801cafe        0x2 
 .rodata.str1.4
                0x000000000801cb00       0x10 c:/altera/15.0/nios2eds/bin/gnu/h-x86_64-mingw32/bin/../lib/gcc/nios2-elf/4.9.1/../../../../../H-x86_64-mingw32/nios2-elf/lib\libc.a(lib_a-dtoa.o)
                                         0x14 (size before relaxing)
 .rodata.str1.4
                0x000000000801cb10        0xc c:/altera/15.0/nios2eds/bin/gnu/h-x86_64-mingw32/bin/../lib/gcc/nios2-elf/4.9.1/../../../../../H-x86_64-mingw32/nios2-elf/lib\libc.a(lib_a-locale.o)
                                         0x14 (size before relaxing)
 .rodata        0x000000000801cb1c      0x124 c:/altera/15.0/nios2eds/bin/gnu/h-x86_64-mingw32/bin/../lib/gcc/nios2-elf/4.9.1/../../../../../H-x86_64-mingw32/nios2-elf/lib\libc.a(lib_a-mprec.o)
                0x000000000801cb28                __mprec_tinytens
                0x000000000801cb50                __mprec_bigtens
                0x000000000801cb78                __mprec_tens
 .rodata.str1.4
                0x0000000000000000       0x30 c:/altera/15.0/nios2eds/bin/gnu/h-x86_64-mingw32/bin/../lib/gcc/nios2-elf/4.9.1/../../../../../H-x86_64-mingw32/nios2-elf/lib\libc.a(lib_a-vfiprintf.o)
 .rodata        0x000000000801cc40       0x20 c:/altera/15.0/nios2eds/bin/gnu/h-x86_64-mingw32/bin/../lib/gcc/nios2-elf/4.9.1/../../../../../H-x86_64-mingw32/nios2-elf/lib\libc.a(lib_a-vfiprintf.o)
 .rodata        0x000000000801cc60      0x100 c:/altera/15.0/nios2eds/bin/gnu/h-x86_64-mingw32/bin/../lib/gcc/nios2-elf/4.9.1\libgcc.a(_clz.o)
                0x000000000801cc60                __clz_tab
 .rodata        0x000000000801cd60        0xc ../graphics_bsp/\libhal_bsp.a(alt_dev.o)
 .rodata        0x000000000801cd6c       0x14 ../graphics_bsp/\libhal_bsp.a(alt_main.o)
 .rodata        0x000000000801cd80       0x2c ../graphics_bsp/\libhal_bsp.a(alt_sys_init.o)
 *(.rodata1)
                0x000000000801cdac                . = ALIGN (0x4)
                0x000000000801cdac                PROVIDE (__ram_rodata_end, ABSOLUTE (.))
                0x0000000008011ed8                PROVIDE (__flash_rodata_start, LOADADDR (.rodata))

.rwdata         0x000000000801cdac     0x1b50 load address 0x000000000801e8fc
                0x000000000801cdac                PROVIDE (__ram_rwdata_start, ABSOLUTE (.))
                0x000000000801cdac                . = ALIGN (0x4)
 *(.got.plt)
 *(.got)
 *(.data1)
 *(.data .data.* .gnu.linkonce.d.*)
 .data          0x000000000801cdac        0x0 ../graphics_bsp//obj/HAL/src/crt0.o
 .data          0x000000000801cdac        0x0 obj/default/Button.o
 .data          0x000000000801cdac        0x0 obj/default/ColourPallette.o
 .data          0x000000000801cdac        0x0 obj/default/DemoGraphicsRoutines.o
 .data          0x000000000801cdac        0x0 obj/default/DrawOperations.o
 .data          0x000000000801cdac        0x0 obj/default/Fill.o
 .data          0x000000000801cdac        0x0 obj/default/Fonts.o
 .data          0x000000000801cdac        0x0 obj/default/Object.o
 .data          0x000000000801cdac        0x0 obj/default/ScreenView.o
 .data          0x000000000801cdac        0x0 obj/default/Shapes.o
 .data          0x000000000801cdac        0x0 obj/default/View.o
 .data          0x000000000801cdac        0x0 c:/altera/15.0/nios2eds/bin/gnu/h-x86_64-mingw32/bin/../lib/gcc/nios2-elf/4.9.1/../../../../../H-x86_64-mingw32/nios2-elf/lib\libc.a(lib_a-assert.o)
 .data          0x000000000801cdac        0x0 c:/altera/15.0/nios2eds/bin/gnu/h-x86_64-mingw32/bin/../lib/gcc/nios2-elf/4.9.1/../../../../../H-x86_64-mingw32/nios2-elf/lib\libc.a(lib_a-calloc.o)
 .data          0x000000000801cdac        0x0 c:/altera/15.0/nios2eds/bin/gnu/h-x86_64-mingw32/bin/../lib/gcc/nios2-elf/4.9.1/../../../../../H-x86_64-mingw32/nios2-elf/lib\libc.a(lib_a-callocr.o)
 .data          0x000000000801cdac        0x0 c:/altera/15.0/nios2eds/bin/gnu/h-x86_64-mingw32/bin/../lib/gcc/nios2-elf/4.9.1/../../../../../H-x86_64-mingw32/nios2-elf/lib\libc.a(lib_a-fiprintf.o)
 .data          0x000000000801cdac        0x0 c:/altera/15.0/nios2eds/bin/gnu/h-x86_64-mingw32/bin/../lib/gcc/nios2-elf/4.9.1/../../../../../H-x86_64-mingw32/nios2-elf/lib\libc.a(lib_a-fprintf.o)
 .data          0x000000000801cdac      0x424 c:/altera/15.0/nios2eds/bin/gnu/h-x86_64-mingw32/bin/../lib/gcc/nios2-elf/4.9.1/../../../../../H-x86_64-mingw32/nios2-elf/lib\libc.a(lib_a-impure.o)
 .data          0x000000000801d1d0        0x0 c:/altera/15.0/nios2eds/bin/gnu/h-x86_64-mingw32/bin/../lib/gcc/nios2-elf/4.9.1/../../../../../H-x86_64-mingw32/nios2-elf/lib\libc.a(lib_a-malloc.o)
 .data          0x000000000801d1d0      0x408 c:/altera/15.0/nios2eds/bin/gnu/h-x86_64-mingw32/bin/../lib/gcc/nios2-elf/4.9.1/../../../../../H-x86_64-mingw32/nios2-elf/lib\libc.a(lib_a-mallocr.o)
                0x000000000801d1d0                __malloc_av_
 .data          0x000000000801d5d8        0x0 c:/altera/15.0/nios2eds/bin/gnu/h-x86_64-mingw32/bin/../lib/gcc/nios2-elf/4.9.1/../../../../../H-x86_64-mingw32/nios2-elf/lib\libc.a(lib_a-memcpy.o)
 .data          0x000000000801d5d8        0x0 c:/altera/15.0/nios2eds/bin/gnu/h-x86_64-mingw32/bin/../lib/gcc/nios2-elf/4.9.1/../../../../../H-x86_64-mingw32/nios2-elf/lib\libc.a(lib_a-memset.o)
 .data          0x000000000801d5d8        0x0 c:/altera/15.0/nios2eds/bin/gnu/h-x86_64-mingw32/bin/../lib/gcc/nios2-elf/4.9.1/../../../../../H-x86_64-mingw32/nios2-elf/lib\libc.a(lib_a-puts.o)
 .data          0x000000000801d5d8        0x0 c:/altera/15.0/nios2eds/bin/gnu/h-x86_64-mingw32/bin/../lib/gcc/nios2-elf/4.9.1/../../../../../H-x86_64-mingw32/nios2-elf/lib\libc.a(lib_a-sbrkr.o)
 .data          0x000000000801d5d8        0x0 c:/altera/15.0/nios2eds/bin/gnu/h-x86_64-mingw32/bin/../lib/gcc/nios2-elf/4.9.1/../../../../../H-x86_64-mingw32/nios2-elf/lib\libc.a(lib_a-strlen.o)
 .data          0x000000000801d5d8        0x0 c:/altera/15.0/nios2eds/bin/gnu/h-x86_64-mingw32/bin/../lib/gcc/nios2-elf/4.9.1/../../../../../H-x86_64-mingw32/nios2-elf/lib\libc.a(lib_a-vfiprintfr_1.o)
 .data          0x000000000801d5d8        0x0 c:/altera/15.0/nios2eds/bin/gnu/h-x86_64-mingw32/bin/../lib/gcc/nios2-elf/4.9.1/../../../../../H-x86_64-mingw32/nios2-elf/lib\libc.a(lib_a-vfprintf.o)
 .data          0x000000000801d5d8        0x0 c:/altera/15.0/nios2eds/bin/gnu/h-x86_64-mingw32/bin/../lib/gcc/nios2-elf/4.9.1/../../../../../H-x86_64-mingw32/nios2-elf/lib\libc.a(lib_a-wsetup.o)
 .data          0x000000000801d5d8        0x0 c:/altera/15.0/nios2eds/bin/gnu/h-x86_64-mingw32/bin/../lib/gcc/nios2-elf/4.9.1/../../../../../H-x86_64-mingw32/nios2-elf/lib\libc.a(lib_a-abort.o)
 .data          0x000000000801d5d8        0x0 c:/altera/15.0/nios2eds/bin/gnu/h-x86_64-mingw32/bin/../lib/gcc/nios2-elf/4.9.1/../../../../../H-x86_64-mingw32/nios2-elf/lib\libc.a(lib_a-dtoa.o)
 .data          0x000000000801d5d8        0x0 c:/altera/15.0/nios2eds/bin/gnu/h-x86_64-mingw32/bin/../lib/gcc/nios2-elf/4.9.1/../../../../../H-x86_64-mingw32/nios2-elf/lib\libc.a(lib_a-fflush.o)
 .data          0x000000000801d5d8        0x0 c:/altera/15.0/nios2eds/bin/gnu/h-x86_64-mingw32/bin/../lib/gcc/nios2-elf/4.9.1/../../../../../H-x86_64-mingw32/nios2-elf/lib\libc.a(lib_a-findfp.o)
 .data          0x000000000801d5d8        0x0 c:/altera/15.0/nios2eds/bin/gnu/h-x86_64-mingw32/bin/../lib/gcc/nios2-elf/4.9.1/../../../../../H-x86_64-mingw32/nios2-elf/lib\libc.a(lib_a-freer.o)
 .data          0x000000000801d5d8        0x0 c:/altera/15.0/nios2eds/bin/gnu/h-x86_64-mingw32/bin/../lib/gcc/nios2-elf/4.9.1/../../../../../H-x86_64-mingw32/nios2-elf/lib\libc.a(lib_a-fvwrite.o)
 .data          0x000000000801d5d8        0x0 c:/altera/15.0/nios2eds/bin/gnu/h-x86_64-mingw32/bin/../lib/gcc/nios2-elf/4.9.1/../../../../../H-x86_64-mingw32/nios2-elf/lib\libc.a(lib_a-fwalk.o)
 .data          0x000000000801d5d8        0x0 c:/altera/15.0/nios2eds/bin/gnu/h-x86_64-mingw32/bin/../lib/gcc/nios2-elf/4.9.1/../../../../../H-x86_64-mingw32/nios2-elf/lib\libc.a(lib_a-int_errno.o)
 .data          0x000000000801d5d8       0x78 c:/altera/15.0/nios2eds/bin/gnu/h-x86_64-mingw32/bin/../lib/gcc/nios2-elf/4.9.1/../../../../../H-x86_64-mingw32/nios2-elf/lib\libc.a(lib_a-locale.o)
 .data          0x000000000801d650        0x0 c:/altera/15.0/nios2eds/bin/gnu/h-x86_64-mingw32/bin/../lib/gcc/nios2-elf/4.9.1/../../../../../H-x86_64-mingw32/nios2-elf/lib\libc.a(lib_a-makebuf.o)
 .data          0x000000000801d650        0x0 c:/altera/15.0/nios2eds/bin/gnu/h-x86_64-mingw32/bin/../lib/gcc/nios2-elf/4.9.1/../../../../../H-x86_64-mingw32/nios2-elf/lib\libc.a(lib_a-memchr.o)
 .data          0x000000000801d650        0x0 c:/altera/15.0/nios2eds/bin/gnu/h-x86_64-mingw32/bin/../lib/gcc/nios2-elf/4.9.1/../../../../../H-x86_64-mingw32/nios2-elf/lib\libc.a(lib_a-memmove.o)
 .data          0x000000000801d650        0x0 c:/altera/15.0/nios2eds/bin/gnu/h-x86_64-mingw32/bin/../lib/gcc/nios2-elf/4.9.1/../../../../../H-x86_64-mingw32/nios2-elf/lib\libc.a(lib_a-mprec.o)
 .data          0x000000000801d650        0x0 c:/altera/15.0/nios2eds/bin/gnu/h-x86_64-mingw32/bin/../lib/gcc/nios2-elf/4.9.1/../../../../../H-x86_64-mingw32/nios2-elf/lib\libc.a(lib_a-reallocr.o)
 .data          0x000000000801d650        0x0 c:/altera/15.0/nios2eds/bin/gnu/h-x86_64-mingw32/bin/../lib/gcc/nios2-elf/4.9.1/../../../../../H-x86_64-mingw32/nios2-elf/lib\libc.a(lib_a-s_fpclassify.o)
 .data          0x000000000801d650        0x0 c:/altera/15.0/nios2eds/bin/gnu/h-x86_64-mingw32/bin/../lib/gcc/nios2-elf/4.9.1/../../../../../H-x86_64-mingw32/nios2-elf/lib\libc.a(lib_a-signal.o)
 .data          0x000000000801d650        0x0 c:/altera/15.0/nios2eds/bin/gnu/h-x86_64-mingw32/bin/../lib/gcc/nios2-elf/4.9.1/../../../../../H-x86_64-mingw32/nios2-elf/lib\libc.a(lib_a-signalr.o)
 .data          0x000000000801d650        0x0 c:/altera/15.0/nios2eds/bin/gnu/h-x86_64-mingw32/bin/../lib/gcc/nios2-elf/4.9.1/../../../../../H-x86_64-mingw32/nios2-elf/lib\libc.a(lib_a-stdio.o)
 .data          0x000000000801d650        0x0 c:/altera/15.0/nios2eds/bin/gnu/h-x86_64-mingw32/bin/../lib/gcc/nios2-elf/4.9.1/../../../../../H-x86_64-mingw32/nios2-elf/lib\libc.a(lib_a-strcmp.o)
 .data          0x000000000801d650        0x0 c:/altera/15.0/nios2eds/bin/gnu/h-x86_64-mingw32/bin/../lib/gcc/nios2-elf/4.9.1/../../../../../H-x86_64-mingw32/nios2-elf/lib\libc.a(lib_a-vfiprintf.o)
 .data          0x000000000801d650        0x0 c:/altera/15.0/nios2eds/bin/gnu/h-x86_64-mingw32/bin/../lib/gcc/nios2-elf/4.9.1/../../../../../H-x86_64-mingw32/nios2-elf/lib\libc.a(lib_a-writer.o)
 .data          0x000000000801d650        0x0 c:/altera/15.0/nios2eds/bin/gnu/h-x86_64-mingw32/bin/../lib/gcc/nios2-elf/4.9.1/../../../../../H-x86_64-mingw32/nios2-elf/lib\libc.a(closer.o)
 .data          0x000000000801d650        0x0 c:/altera/15.0/nios2eds/bin/gnu/h-x86_64-mingw32/bin/../lib/gcc/nios2-elf/4.9.1/../../../../../H-x86_64-mingw32/nios2-elf/lib\libc.a(lib_a-fclose.o)
 .data          0x000000000801d650        0x0 c:/altera/15.0/nios2eds/bin/gnu/h-x86_64-mingw32/bin/../lib/gcc/nios2-elf/4.9.1/../../../../../H-x86_64-mingw32/nios2-elf/lib\libc.a(lib_a-fputwc.o)
 .data          0x000000000801d650        0x0 c:/altera/15.0/nios2eds/bin/gnu/h-x86_64-mingw32/bin/../lib/gcc/nios2-elf/4.9.1/../../../../../H-x86_64-mingw32/nios2-elf/lib\libc.a(lib_a-fstatr.o)
 .data          0x000000000801d650        0x0 c:/altera/15.0/nios2eds/bin/gnu/h-x86_64-mingw32/bin/../lib/gcc/nios2-elf/4.9.1/../../../../../H-x86_64-mingw32/nios2-elf/lib\libc.a(lib_a-isattyr.o)
 .data          0x000000000801d650        0x0 c:/altera/15.0/nios2eds/bin/gnu/h-x86_64-mingw32/bin/../lib/gcc/nios2-elf/4.9.1/../../../../../H-x86_64-mingw32/nios2-elf/lib\libc.a(lib_a-lseekr.o)
 .data          0x000000000801d650        0x0 c:/altera/15.0/nios2eds/bin/gnu/h-x86_64-mingw32/bin/../lib/gcc/nios2-elf/4.9.1/../../../../../H-x86_64-mingw32/nios2-elf/lib\libc.a(lib_a-readr.o)
 .data          0x000000000801d650        0x0 c:/altera/15.0/nios2eds/bin/gnu/h-x86_64-mingw32/bin/../lib/gcc/nios2-elf/4.9.1/../../../../../H-x86_64-mingw32/nios2-elf/lib\libc.a(lib_a-wbuf.o)
 .data          0x000000000801d650        0x0 c:/altera/15.0/nios2eds/bin/gnu/h-x86_64-mingw32/bin/../lib/gcc/nios2-elf/4.9.1/../../../../../H-x86_64-mingw32/nios2-elf/lib\libc.a(lib_a-wcrtomb.o)
 .data          0x000000000801d650        0x0 c:/altera/15.0/nios2eds/bin/gnu/h-x86_64-mingw32/bin/../lib/gcc/nios2-elf/4.9.1/../../../../../H-x86_64-mingw32/nios2-elf/lib\libc.a(lib_a-wctomb_r.o)
 .data          0x000000000801d650        0x0 c:/altera/15.0/nios2eds/bin/gnu/h-x86_64-mingw32/bin/../lib/gcc/nios2-elf/4.9.1\libgcc.a(_udivdi3.o)
 .data          0x000000000801d650        0x0 c:/altera/15.0/nios2eds/bin/gnu/h-x86_64-mingw32/bin/../lib/gcc/nios2-elf/4.9.1\libgcc.a(_umoddi3.o)
 .data          0x000000000801d650        0x0 c:/altera/15.0/nios2eds/bin/gnu/h-x86_64-mingw32/bin/../lib/gcc/nios2-elf/4.9.1\libgcc.a(lib2-divmod.o)
 .data          0x000000000801d650        0x0 c:/altera/15.0/nios2eds/bin/gnu/h-x86_64-mingw32/bin/../lib/gcc/nios2-elf/4.9.1\libgcc.a(adddf3.o)
 .data          0x000000000801d650        0x0 c:/altera/15.0/nios2eds/bin/gnu/h-x86_64-mingw32/bin/../lib/gcc/nios2-elf/4.9.1\libgcc.a(divdf3.o)
 .data          0x000000000801d650        0x0 c:/altera/15.0/nios2eds/bin/gnu/h-x86_64-mingw32/bin/../lib/gcc/nios2-elf/4.9.1\libgcc.a(eqdf2.o)
 .data          0x000000000801d650        0x0 c:/altera/15.0/nios2eds/bin/gnu/h-x86_64-mingw32/bin/../lib/gcc/nios2-elf/4.9.1\libgcc.a(gedf2.o)
 .data          0x000000000801d650        0x0 c:/altera/15.0/nios2eds/bin/gnu/h-x86_64-mingw32/bin/../lib/gcc/nios2-elf/4.9.1\libgcc.a(ledf2.o)
 .data          0x000000000801d650        0x0 c:/altera/15.0/nios2eds/bin/gnu/h-x86_64-mingw32/bin/../lib/gcc/nios2-elf/4.9.1\libgcc.a(muldf3.o)
 .data          0x000000000801d650        0x0 c:/altera/15.0/nios2eds/bin/gnu/h-x86_64-mingw32/bin/../lib/gcc/nios2-elf/4.9.1\libgcc.a(subdf3.o)
 .data          0x000000000801d650        0x0 c:/altera/15.0/nios2eds/bin/gnu/h-x86_64-mingw32/bin/../lib/gcc/nios2-elf/4.9.1\libgcc.a(fixdfsi.o)
 .data          0x000000000801d650        0x0 c:/altera/15.0/nios2eds/bin/gnu/h-x86_64-mingw32/bin/../lib/gcc/nios2-elf/4.9.1\libgcc.a(floatsidf.o)
 .data          0x000000000801d650        0x0 c:/altera/15.0/nios2eds/bin/gnu/h-x86_64-mingw32/bin/../lib/gcc/nios2-elf/4.9.1\libgcc.a(floatunsidf.o)
 .data          0x000000000801d650        0x0 c:/altera/15.0/nios2eds/bin/gnu/h-x86_64-mingw32/bin/../lib/gcc/nios2-elf/4.9.1\libgcc.a(_clz.o)
 .data          0x000000000801d650        0x0 c:/altera/15.0/nios2eds/bin/gnu/h-x86_64-mingw32/bin/../lib/gcc/nios2-elf/4.9.1\libgcc.a(_clzsi2.o)
 .data          0x000000000801d650        0x0 ../graphics_bsp/\libhal_bsp.a(alt_close.o)
 .data          0x000000000801d650      0x1a8 ../graphics_bsp/\libhal_bsp.a(alt_dev.o)
                0x000000000801d650                alt_dev_null
                0x000000000801d678                alt_fd_list
 .data          0x000000000801d7f8        0x0 ../graphics_bsp/\libhal_bsp.a(alt_errno.o)
 .data          0x000000000801d7f8        0x0 ../graphics_bsp/\libhal_bsp.a(alt_exit.o)
 .data          0x000000000801d7f8        0x0 ../graphics_bsp/\libhal_bsp.a(alt_fstat.o)
 .data          0x000000000801d7f8        0x0 ../graphics_bsp/\libhal_bsp.a(alt_getpid.o)
 .data          0x000000000801d7f8        0x0 ../graphics_bsp/\libhal_bsp.a(alt_isatty.o)
 .data          0x000000000801d7f8        0x0 ../graphics_bsp/\libhal_bsp.a(alt_kill.o)
 .data          0x000000000801d7f8        0x0 ../graphics_bsp/\libhal_bsp.a(alt_load.o)
 .data          0x000000000801d7f8        0x0 ../graphics_bsp/\libhal_bsp.a(alt_lseek.o)
 .data          0x000000000801d7f8        0x0 ../graphics_bsp/\libhal_bsp.a(alt_main.o)
 .data          0x000000000801d7f8        0x0 ../graphics_bsp/\libhal_bsp.a(alt_malloc_lock.o)
 .data          0x000000000801d7f8        0x0 ../graphics_bsp/\libhal_bsp.a(alt_read.o)
 .data          0x000000000801d7f8        0x0 ../graphics_bsp/\libhal_bsp.a(alt_release_fd.o)
 .data          0x000000000801d7f8        0x0 ../graphics_bsp/\libhal_bsp.a(alt_sbrk.o)
 .data          0x000000000801d7f8        0x0 ../graphics_bsp/\libhal_bsp.a(alt_usleep.o)
 .data          0x000000000801d7f8        0x0 ../graphics_bsp/\libhal_bsp.a(alt_write.o)
 .data          0x000000000801d7f8     0x108c ../graphics_bsp/\libhal_bsp.a(alt_sys_init.o)
 .data          0x000000000801e884        0x0 ../graphics_bsp/\libhal_bsp.a(altera_avalon_jtag_uart_fd.o)
 .data          0x000000000801e884        0x0 ../graphics_bsp/\libhal_bsp.a(altera_avalon_jtag_uart_init.o)
 .data          0x000000000801e884        0x0 ../graphics_bsp/\libhal_bsp.a(altera_avalon_jtag_uart_ioctl.o)
 .data          0x000000000801e884        0x0 ../graphics_bsp/\libhal_bsp.a(altera_avalon_jtag_uart_read.o)
 .data          0x000000000801e884        0x0 ../graphics_bsp/\libhal_bsp.a(altera_avalon_jtag_uart_write.o)
 .data          0x000000000801e884        0x0 ../graphics_bsp/\libhal_bsp.a(altera_avalon_timer_sc.o)
 .data          0x000000000801e884        0x0 ../graphics_bsp/\libhal_bsp.a(altera_up_avalon_character_lcd.o)
 .data          0x000000000801e884        0x0 ../graphics_bsp/\libhal_bsp.a(alt_alarm_start.o)
 .data          0x000000000801e884        0x0 ../graphics_bsp/\libhal_bsp.a(alt_busy_sleep.o)
 .data          0x000000000801e884        0x0 ../graphics_bsp/\libhal_bsp.a(alt_dcache_flush_all.o)
 .data          0x000000000801e884        0x0 ../graphics_bsp/\libhal_bsp.a(alt_dev_llist_insert.o)
 .data          0x000000000801e884        0x0 ../graphics_bsp/\libhal_bsp.a(alt_do_ctors.o)
 .data          0x000000000801e884        0x0 ../graphics_bsp/\libhal_bsp.a(alt_do_dtors.o)
 .data          0x000000000801e884        0x0 ../graphics_bsp/\libhal_bsp.a(alt_find_dev.o)
 .data          0x000000000801e884        0x0 ../graphics_bsp/\libhal_bsp.a(alt_icache_flush_all.o)
 .data          0x000000000801e884        0x0 ../graphics_bsp/\libhal_bsp.a(alt_iic.o)
 .data          0x000000000801e884        0x0 ../graphics_bsp/\libhal_bsp.a(alt_iic_isr_register.o)
 .data          0x000000000801e884        0x0 ../graphics_bsp/\libhal_bsp.a(alt_io_redirect.o)
 .data          0x000000000801e884        0x0 ../graphics_bsp/\libhal_bsp.a(alt_irq_entry.o)
 .data          0x000000000801e884        0x0 ../graphics_bsp/\libhal_bsp.a(alt_irq_handler.o)
 .data          0x000000000801e884        0x0 ../graphics_bsp/\libhal_bsp.a(alt_irq_vars.o)
 .data          0x000000000801e884        0x0 ../graphics_bsp/\libhal_bsp.a(alt_open.o)
 .data          0x000000000801e884        0x0 ../graphics_bsp/\libhal_bsp.a(alt_tick.o)
 .data          0x000000000801e884        0x0 ../graphics_bsp/\libhal_bsp.a(altera_nios2_qsys_irq.o)
 .data          0x000000000801e884        0x0 ../graphics_bsp/\libhal_bsp.a(alt_exception_entry.o)
 .data          0x000000000801e884        0x0 ../graphics_bsp/\libhal_bsp.a(alt_find_file.o)
 .data          0x000000000801e884        0x0 ../graphics_bsp/\libhal_bsp.a(alt_get_fd.o)
 .data          0x000000000801e884        0x0 ../graphics_bsp/\libhal_bsp.a(alt_icache_flush.o)
 .data          0x000000000801e884        0x0 c:/altera/15.0/nios2eds/bin/gnu/h-x86_64-mingw32/bin/../lib/gcc/nios2-elf/4.9.1/../../../../../H-x86_64-mingw32/nios2-elf/lib\libc.a(lib_a-atexit.o)
 .data          0x000000000801e884        0x0 c:/altera/15.0/nios2eds/bin/gnu/h-x86_64-mingw32/bin/../lib/gcc/nios2-elf/4.9.1/../../../../../H-x86_64-mingw32/nios2-elf/lib\libc.a(lib_a-exit.o)
 .data          0x000000000801e884        0x0 c:/altera/15.0/nios2eds/bin/gnu/h-x86_64-mingw32/bin/../lib/gcc/nios2-elf/4.9.1/../../../../../H-x86_64-mingw32/nios2-elf/lib\libc.a(lib_a-memcmp.o)
 .data          0x000000000801e884        0x0 c:/altera/15.0/nios2eds/bin/gnu/h-x86_64-mingw32/bin/../lib/gcc/nios2-elf/4.9.1/../../../../../H-x86_64-mingw32/nios2-elf/lib\libc.a(lib_a-__atexit.o)
 .data          0x000000000801e884        0x0 c:/altera/15.0/nios2eds/bin/gnu/h-x86_64-mingw32/bin/../lib/gcc/nios2-elf/4.9.1/../../../../../H-x86_64-mingw32/nios2-elf/lib\libc.a(lib_a-__call_atexit.o)
                0x0000000008026884                _gp = ABSOLUTE ((. + 0x8000))
                0x0000000008026884                PROVIDE (gp, _gp)
 *(.rwdata .rwdata.*)
 *(.sdata .sdata.* .gnu.linkonce.s.*)
 .sdata         0x000000000801e884        0x4 obj/default/Fill.o
                0x000000000801e884                Next
 .sdata         0x000000000801e888       0x34 obj/default/Object.o
                0x000000000801e888                Object
                0x000000000801e88c                Class
 .sdata         0x000000000801e8bc        0x8 c:/altera/15.0/nios2eds/bin/gnu/h-x86_64-mingw32/bin/../lib/gcc/nios2-elf/4.9.1/../../../../../H-x86_64-mingw32/nios2-elf/lib\libc.a(lib_a-impure.o)
                0x000000000801e8bc                _global_impure_ptr
                0x000000000801e8c0                _impure_ptr
 .sdata         0x000000000801e8c4        0x8 c:/altera/15.0/nios2eds/bin/gnu/h-x86_64-mingw32/bin/../lib/gcc/nios2-elf/4.9.1/../../../../../H-x86_64-mingw32/nios2-elf/lib\libc.a(lib_a-mallocr.o)
                0x000000000801e8c4                __malloc_sbrk_base
                0x000000000801e8c8                __malloc_trim_threshold
 .sdata         0x000000000801e8cc        0x4 c:/altera/15.0/nios2eds/bin/gnu/h-x86_64-mingw32/bin/../lib/gcc/nios2-elf/4.9.1/../../../../../H-x86_64-mingw32/nios2-elf/lib\libc.a(lib_a-locale.o)
                0x000000000801e8cc                __mb_cur_max
 .sdata         0x000000000801e8d0        0x4 c:/altera/15.0/nios2eds/bin/gnu/h-x86_64-mingw32/bin/../lib/gcc/nios2-elf/4.9.1/../../../../../H-x86_64-mingw32/nios2-elf/lib\libc.a(lib_a-wctomb_r.o)
                0x000000000801e8d0                __wctomb
 .sdata         0x000000000801e8d4       0x14 ../graphics_bsp/\libhal_bsp.a(alt_dev.o)
                0x000000000801e8d4                alt_fs_list
                0x000000000801e8dc                alt_dev_list
                0x000000000801e8e4                alt_max_fd
 .sdata         0x000000000801e8e8        0x4 ../graphics_bsp/\libhal_bsp.a(alt_errno.o)
                0x000000000801e8e8                alt_errno
 .sdata         0x000000000801e8ec        0x4 ../graphics_bsp/\libhal_bsp.a(alt_sbrk.o)
 .sdata         0x000000000801e8f0        0x4 ../graphics_bsp/\libhal_bsp.a(alt_irq_vars.o)
                0x000000000801e8f0                alt_priority_mask
 .sdata         0x000000000801e8f4        0x8 ../graphics_bsp/\libhal_bsp.a(alt_tick.o)
                0x000000000801e8f4                alt_alarm_list
 *(.sdata2 .sdata2.* .gnu.linkonce.s2.*)
                0x000000000801e8fc                . = ALIGN (0x4)
                0x000000000801e8fc                _edata = ABSOLUTE (.)
                0x000000000801e8fc                PROVIDE (edata, ABSOLUTE (.))
                0x000000000801e8fc                PROVIDE (__ram_rwdata_end, ABSOLUTE (.))
                0x000000000801e8fc                PROVIDE (__flash_rwdata_start, LOADADDR (.rwdata))

.bss            0x000000000802044c     0x20b4
                0x000000000802044c                __bss_start = ABSOLUTE (.)
                0x000000000802044c                PROVIDE (__sbss_start, ABSOLUTE (.))
                0x000000000802044c                PROVIDE (___sbss_start, ABSOLUTE (.))
 *(.dynsbss)
 *(.sbss .sbss.* .gnu.linkonce.sb.*)
 .sbss          0x000000000802044c        0x4 obj/default/Button.o
                0x000000000802044c                Button
 .sbss          0x0000000008020450        0x4 obj/default/ScreenView.o
                0x0000000008020450                ScreenView
 .sbss          0x0000000008020454        0x8 obj/default/Shapes.o
                0x0000000008020454                Circle
                0x0000000008020458                Rect
 .sbss          0x000000000802045c        0x8 obj/default/View.o
                0x000000000802045c                View
                0x0000000008020460                ViewClass
 .sbss          0x0000000008020464        0xc c:/altera/15.0/nios2eds/bin/gnu/h-x86_64-mingw32/bin/../lib/gcc/nios2-elf/4.9.1/../../../../../H-x86_64-mingw32/nios2-elf/lib\libc.a(lib_a-mallocr.o)
                0x0000000008020464                __malloc_max_total_mem
                0x0000000008020468                __malloc_max_sbrked_mem
                0x000000000802046c                __malloc_top_pad
 .sbss          0x0000000008020470        0x4 c:/altera/15.0/nios2eds/bin/gnu/h-x86_64-mingw32/bin/../lib/gcc/nios2-elf/4.9.1/../../../../../H-x86_64-mingw32/nios2-elf/lib\libc.a(lib_a-int_errno.o)
                0x0000000008020470                errno
 .sbss          0x0000000008020474        0xc c:/altera/15.0/nios2eds/bin/gnu/h-x86_64-mingw32/bin/../lib/gcc/nios2-elf/4.9.1/../../../../../H-x86_64-mingw32/nios2-elf/lib\libc.a(lib_a-locale.o)
                0x0000000008020474                _PathLocale
                0x0000000008020478                __mlocale_changed
                0x000000000802047c                __nlocale_changed
 .sbss          0x0000000008020480        0xc ../graphics_bsp/\libhal_bsp.a(alt_main.o)
                0x0000000008020480                alt_argc
                0x0000000008020484                alt_argv
                0x0000000008020488                alt_envp
 .sbss          0x000000000802048c        0x4 ../graphics_bsp/\libhal_bsp.a(alt_irq_vars.o)
                0x000000000802048c                alt_irq_active
 .sbss          0x0000000008020490        0x8 ../graphics_bsp/\libhal_bsp.a(alt_tick.o)
                0x0000000008020490                _alt_tick_rate
                0x0000000008020494                _alt_nticks
 *(.sbss2 .sbss2.* .gnu.linkonce.sb2.*)
 *(.scommon)
                0x0000000008020498                PROVIDE (__sbss_end, ABSOLUTE (.))
                0x0000000008020498                PROVIDE (___sbss_end, ABSOLUTE (.))
 *(.dynbss)
 *(.bss .bss.* .gnu.linkonce.b.*)
 .bss           0x0000000008020498        0x0 ../graphics_bsp//obj/HAL/src/crt0.o
 .bss           0x0000000008020498        0x0 obj/default/Button.o
 .bss           0x0000000008020498        0x0 obj/default/ColourPallette.o
 .bss           0x0000000008020498        0x0 obj/default/DemoGraphicsRoutines.o
 .bss           0x0000000008020498        0x0 obj/default/DrawOperations.o
 .bss           0x0000000008020498        0x0 obj/default/Fill.o
 .bss           0x0000000008020498        0x0 obj/default/Fonts.o
 .bss           0x0000000008020498        0x0 obj/default/Object.o
 .bss           0x0000000008020498        0x0 obj/default/ScreenView.o
 .bss           0x0000000008020498        0x0 obj/default/Shapes.o
 .bss           0x0000000008020498        0x0 obj/default/View.o
 .bss           0x0000000008020498        0x0 c:/altera/15.0/nios2eds/bin/gnu/h-x86_64-mingw32/bin/../lib/gcc/nios2-elf/4.9.1/../../../../../H-x86_64-mingw32/nios2-elf/lib\libc.a(lib_a-assert.o)
 .bss           0x0000000008020498        0x0 c:/altera/15.0/nios2eds/bin/gnu/h-x86_64-mingw32/bin/../lib/gcc/nios2-elf/4.9.1/../../../../../H-x86_64-mingw32/nios2-elf/lib\libc.a(lib_a-calloc.o)
 .bss           0x0000000008020498        0x0 c:/altera/15.0/nios2eds/bin/gnu/h-x86_64-mingw32/bin/../lib/gcc/nios2-elf/4.9.1/../../../../../H-x86_64-mingw32/nios2-elf/lib\libc.a(lib_a-callocr.o)
 .bss           0x0000000008020498        0x0 c:/altera/15.0/nios2eds/bin/gnu/h-x86_64-mingw32/bin/../lib/gcc/nios2-elf/4.9.1/../../../../../H-x86_64-mingw32/nios2-elf/lib\libc.a(lib_a-fiprintf.o)
 .bss           0x0000000008020498        0x0 c:/altera/15.0/nios2eds/bin/gnu/h-x86_64-mingw32/bin/../lib/gcc/nios2-elf/4.9.1/../../../../../H-x86_64-mingw32/nios2-elf/lib\libc.a(lib_a-fprintf.o)
 .bss           0x0000000008020498        0x0 c:/altera/15.0/nios2eds/bin/gnu/h-x86_64-mingw32/bin/../lib/gcc/nios2-elf/4.9.1/../../../../../H-x86_64-mingw32/nios2-elf/lib\libc.a(lib_a-impure.o)
 .bss           0x0000000008020498        0x0 c:/altera/15.0/nios2eds/bin/gnu/h-x86_64-mingw32/bin/../lib/gcc/nios2-elf/4.9.1/../../../../../H-x86_64-mingw32/nios2-elf/lib\libc.a(lib_a-malloc.o)
 .bss           0x0000000008020498       0x28 c:/altera/15.0/nios2eds/bin/gnu/h-x86_64-mingw32/bin/../lib/gcc/nios2-elf/4.9.1/../../../../../H-x86_64-mingw32/nios2-elf/lib\libc.a(lib_a-mallocr.o)
                0x0000000008020498                __malloc_current_mallinfo
 .bss           0x00000000080204c0        0x0 c:/altera/15.0/nios2eds/bin/gnu/h-x86_64-mingw32/bin/../lib/gcc/nios2-elf/4.9.1/../../../../../H-x86_64-mingw32/nios2-elf/lib\libc.a(lib_a-memcpy.o)
 .bss           0x00000000080204c0        0x0 c:/altera/15.0/nios2eds/bin/gnu/h-x86_64-mingw32/bin/../lib/gcc/nios2-elf/4.9.1/../../../../../H-x86_64-mingw32/nios2-elf/lib\libc.a(lib_a-memset.o)
 .bss           0x00000000080204c0        0x0 c:/altera/15.0/nios2eds/bin/gnu/h-x86_64-mingw32/bin/../lib/gcc/nios2-elf/4.9.1/../../../../../H-x86_64-mingw32/nios2-elf/lib\libc.a(lib_a-puts.o)
 .bss           0x00000000080204c0        0x0 c:/altera/15.0/nios2eds/bin/gnu/h-x86_64-mingw32/bin/../lib/gcc/nios2-elf/4.9.1/../../../../../H-x86_64-mingw32/nios2-elf/lib\libc.a(lib_a-sbrkr.o)
 .bss           0x00000000080204c0        0x0 c:/altera/15.0/nios2eds/bin/gnu/h-x86_64-mingw32/bin/../lib/gcc/nios2-elf/4.9.1/../../../../../H-x86_64-mingw32/nios2-elf/lib\libc.a(lib_a-strlen.o)
 .bss           0x00000000080204c0        0x0 c:/altera/15.0/nios2eds/bin/gnu/h-x86_64-mingw32/bin/../lib/gcc/nios2-elf/4.9.1/../../../../../H-x86_64-mingw32/nios2-elf/lib\libc.a(lib_a-vfiprintfr_1.o)
 .bss           0x00000000080204c0        0x0 c:/altera/15.0/nios2eds/bin/gnu/h-x86_64-mingw32/bin/../lib/gcc/nios2-elf/4.9.1/../../../../../H-x86_64-mingw32/nios2-elf/lib\libc.a(lib_a-vfprintf.o)
 .bss           0x00000000080204c0        0x0 c:/altera/15.0/nios2eds/bin/gnu/h-x86_64-mingw32/bin/../lib/gcc/nios2-elf/4.9.1/../../../../../H-x86_64-mingw32/nios2-elf/lib\libc.a(lib_a-wsetup.o)
 .bss           0x00000000080204c0        0x0 c:/altera/15.0/nios2eds/bin/gnu/h-x86_64-mingw32/bin/../lib/gcc/nios2-elf/4.9.1/../../../../../H-x86_64-mingw32/nios2-elf/lib\libc.a(lib_a-abort.o)
 .bss           0x00000000080204c0        0x0 c:/altera/15.0/nios2eds/bin/gnu/h-x86_64-mingw32/bin/../lib/gcc/nios2-elf/4.9.1/../../../../../H-x86_64-mingw32/nios2-elf/lib\libc.a(lib_a-dtoa.o)
 .bss           0x00000000080204c0        0x0 c:/altera/15.0/nios2eds/bin/gnu/h-x86_64-mingw32/bin/../lib/gcc/nios2-elf/4.9.1/../../../../../H-x86_64-mingw32/nios2-elf/lib\libc.a(lib_a-fflush.o)
 .bss           0x00000000080204c0        0x0 c:/altera/15.0/nios2eds/bin/gnu/h-x86_64-mingw32/bin/../lib/gcc/nios2-elf/4.9.1/../../../../../H-x86_64-mingw32/nios2-elf/lib\libc.a(lib_a-findfp.o)
 .bss           0x00000000080204c0        0x0 c:/altera/15.0/nios2eds/bin/gnu/h-x86_64-mingw32/bin/../lib/gcc/nios2-elf/4.9.1/../../../../../H-x86_64-mingw32/nios2-elf/lib\libc.a(lib_a-freer.o)
 .bss           0x00000000080204c0        0x0 c:/altera/15.0/nios2eds/bin/gnu/h-x86_64-mingw32/bin/../lib/gcc/nios2-elf/4.9.1/../../../../../H-x86_64-mingw32/nios2-elf/lib\libc.a(lib_a-fvwrite.o)
 .bss           0x00000000080204c0        0x0 c:/altera/15.0/nios2eds/bin/gnu/h-x86_64-mingw32/bin/../lib/gcc/nios2-elf/4.9.1/../../../../../H-x86_64-mingw32/nios2-elf/lib\libc.a(lib_a-fwalk.o)
 .bss           0x00000000080204c0        0x0 c:/altera/15.0/nios2eds/bin/gnu/h-x86_64-mingw32/bin/../lib/gcc/nios2-elf/4.9.1/../../../../../H-x86_64-mingw32/nios2-elf/lib\libc.a(lib_a-int_errno.o)
 .bss           0x00000000080204c0        0x0 c:/altera/15.0/nios2eds/bin/gnu/h-x86_64-mingw32/bin/../lib/gcc/nios2-elf/4.9.1/../../../../../H-x86_64-mingw32/nios2-elf/lib\libc.a(lib_a-locale.o)
 .bss           0x00000000080204c0        0x0 c:/altera/15.0/nios2eds/bin/gnu/h-x86_64-mingw32/bin/../lib/gcc/nios2-elf/4.9.1/../../../../../H-x86_64-mingw32/nios2-elf/lib\libc.a(lib_a-makebuf.o)
 .bss           0x00000000080204c0        0x0 c:/altera/15.0/nios2eds/bin/gnu/h-x86_64-mingw32/bin/../lib/gcc/nios2-elf/4.9.1/../../../../../H-x86_64-mingw32/nios2-elf/lib\libc.a(lib_a-memchr.o)
 .bss           0x00000000080204c0        0x0 c:/altera/15.0/nios2eds/bin/gnu/h-x86_64-mingw32/bin/../lib/gcc/nios2-elf/4.9.1/../../../../../H-x86_64-mingw32/nios2-elf/lib\libc.a(lib_a-memmove.o)
 .bss           0x00000000080204c0        0x0 c:/altera/15.0/nios2eds/bin/gnu/h-x86_64-mingw32/bin/../lib/gcc/nios2-elf/4.9.1/../../../../../H-x86_64-mingw32/nios2-elf/lib\libc.a(lib_a-mprec.o)
 .bss           0x00000000080204c0        0x0 c:/altera/15.0/nios2eds/bin/gnu/h-x86_64-mingw32/bin/../lib/gcc/nios2-elf/4.9.1/../../../../../H-x86_64-mingw32/nios2-elf/lib\libc.a(lib_a-reallocr.o)
 .bss           0x00000000080204c0        0x0 c:/altera/15.0/nios2eds/bin/gnu/h-x86_64-mingw32/bin/../lib/gcc/nios2-elf/4.9.1/../../../../../H-x86_64-mingw32/nios2-elf/lib\libc.a(lib_a-s_fpclassify.o)
 .bss           0x00000000080204c0        0x0 c:/altera/15.0/nios2eds/bin/gnu/h-x86_64-mingw32/bin/../lib/gcc/nios2-elf/4.9.1/../../../../../H-x86_64-mingw32/nios2-elf/lib\libc.a(lib_a-signal.o)
 .bss           0x00000000080204c0        0x0 c:/altera/15.0/nios2eds/bin/gnu/h-x86_64-mingw32/bin/../lib/gcc/nios2-elf/4.9.1/../../../../../H-x86_64-mingw32/nios2-elf/lib\libc.a(lib_a-signalr.o)
 .bss           0x00000000080204c0        0x0 c:/altera/15.0/nios2eds/bin/gnu/h-x86_64-mingw32/bin/../lib/gcc/nios2-elf/4.9.1/../../../../../H-x86_64-mingw32/nios2-elf/lib\libc.a(lib_a-stdio.o)
 .bss           0x00000000080204c0        0x0 c:/altera/15.0/nios2eds/bin/gnu/h-x86_64-mingw32/bin/../lib/gcc/nios2-elf/4.9.1/../../../../../H-x86_64-mingw32/nios2-elf/lib\libc.a(lib_a-strcmp.o)
 .bss           0x00000000080204c0        0x0 c:/altera/15.0/nios2eds/bin/gnu/h-x86_64-mingw32/bin/../lib/gcc/nios2-elf/4.9.1/../../../../../H-x86_64-mingw32/nios2-elf/lib\libc.a(lib_a-vfiprintf.o)
 .bss           0x00000000080204c0        0x0 c:/altera/15.0/nios2eds/bin/gnu/h-x86_64-mingw32/bin/../lib/gcc/nios2-elf/4.9.1/../../../../../H-x86_64-mingw32/nios2-elf/lib\libc.a(lib_a-writer.o)
 .bss           0x00000000080204c0        0x0 c:/altera/15.0/nios2eds/bin/gnu/h-x86_64-mingw32/bin/../lib/gcc/nios2-elf/4.9.1/../../../../../H-x86_64-mingw32/nios2-elf/lib\libc.a(closer.o)
 .bss           0x00000000080204c0        0x0 c:/altera/15.0/nios2eds/bin/gnu/h-x86_64-mingw32/bin/../lib/gcc/nios2-elf/4.9.1/../../../../../H-x86_64-mingw32/nios2-elf/lib\libc.a(lib_a-fclose.o)
 .bss           0x00000000080204c0        0x0 c:/altera/15.0/nios2eds/bin/gnu/h-x86_64-mingw32/bin/../lib/gcc/nios2-elf/4.9.1/../../../../../H-x86_64-mingw32/nios2-elf/lib\libc.a(lib_a-fputwc.o)
 .bss           0x00000000080204c0        0x0 c:/altera/15.0/nios2eds/bin/gnu/h-x86_64-mingw32/bin/../lib/gcc/nios2-elf/4.9.1/../../../../../H-x86_64-mingw32/nios2-elf/lib\libc.a(lib_a-fstatr.o)
 .bss           0x00000000080204c0        0x0 c:/altera/15.0/nios2eds/bin/gnu/h-x86_64-mingw32/bin/../lib/gcc/nios2-elf/4.9.1/../../../../../H-x86_64-mingw32/nios2-elf/lib\libc.a(lib_a-isattyr.o)
 .bss           0x00000000080204c0        0x0 c:/altera/15.0/nios2eds/bin/gnu/h-x86_64-mingw32/bin/../lib/gcc/nios2-elf/4.9.1/../../../../../H-x86_64-mingw32/nios2-elf/lib\libc.a(lib_a-lseekr.o)
 .bss           0x00000000080204c0        0x0 c:/altera/15.0/nios2eds/bin/gnu/h-x86_64-mingw32/bin/../lib/gcc/nios2-elf/4.9.1/../../../../../H-x86_64-mingw32/nios2-elf/lib\libc.a(lib_a-readr.o)
 .bss           0x00000000080204c0        0x0 c:/altera/15.0/nios2eds/bin/gnu/h-x86_64-mingw32/bin/../lib/gcc/nios2-elf/4.9.1/../../../../../H-x86_64-mingw32/nios2-elf/lib\libc.a(lib_a-wbuf.o)
 .bss           0x00000000080204c0        0x0 c:/altera/15.0/nios2eds/bin/gnu/h-x86_64-mingw32/bin/../lib/gcc/nios2-elf/4.9.1/../../../../../H-x86_64-mingw32/nios2-elf/lib\libc.a(lib_a-wcrtomb.o)
 .bss           0x00000000080204c0        0x0 c:/altera/15.0/nios2eds/bin/gnu/h-x86_64-mingw32/bin/../lib/gcc/nios2-elf/4.9.1/../../../../../H-x86_64-mingw32/nios2-elf/lib\libc.a(lib_a-wctomb_r.o)
 .bss           0x00000000080204c0        0x0 c:/altera/15.0/nios2eds/bin/gnu/h-x86_64-mingw32/bin/../lib/gcc/nios2-elf/4.9.1\libgcc.a(_udivdi3.o)
 .bss           0x00000000080204c0        0x0 c:/altera/15.0/nios2eds/bin/gnu/h-x86_64-mingw32/bin/../lib/gcc/nios2-elf/4.9.1\libgcc.a(_umoddi3.o)
 .bss           0x00000000080204c0        0x0 c:/altera/15.0/nios2eds/bin/gnu/h-x86_64-mingw32/bin/../lib/gcc/nios2-elf/4.9.1\libgcc.a(lib2-divmod.o)
 .bss           0x00000000080204c0        0x0 c:/altera/15.0/nios2eds/bin/gnu/h-x86_64-mingw32/bin/../lib/gcc/nios2-elf/4.9.1\libgcc.a(adddf3.o)
 .bss           0x00000000080204c0        0x0 c:/altera/15.0/nios2eds/bin/gnu/h-x86_64-mingw32/bin/../lib/gcc/nios2-elf/4.9.1\libgcc.a(divdf3.o)
 .bss           0x00000000080204c0        0x0 c:/altera/15.0/nios2eds/bin/gnu/h-x86_64-mingw32/bin/../lib/gcc/nios2-elf/4.9.1\libgcc.a(eqdf2.o)
 .bss           0x00000000080204c0        0x0 c:/altera/15.0/nios2eds/bin/gnu/h-x86_64-mingw32/bin/../lib/gcc/nios2-elf/4.9.1\libgcc.a(gedf2.o)
 .bss           0x00000000080204c0        0x0 c:/altera/15.0/nios2eds/bin/gnu/h-x86_64-mingw32/bin/../lib/gcc/nios2-elf/4.9.1\libgcc.a(ledf2.o)
 .bss           0x00000000080204c0        0x0 c:/altera/15.0/nios2eds/bin/gnu/h-x86_64-mingw32/bin/../lib/gcc/nios2-elf/4.9.1\libgcc.a(muldf3.o)
 .bss           0x00000000080204c0        0x0 c:/altera/15.0/nios2eds/bin/gnu/h-x86_64-mingw32/bin/../lib/gcc/nios2-elf/4.9.1\libgcc.a(subdf3.o)
 .bss           0x00000000080204c0        0x0 c:/altera/15.0/nios2eds/bin/gnu/h-x86_64-mingw32/bin/../lib/gcc/nios2-elf/4.9.1\libgcc.a(fixdfsi.o)
 .bss           0x00000000080204c0        0x0 c:/altera/15.0/nios2eds/bin/gnu/h-x86_64-mingw32/bin/../lib/gcc/nios2-elf/4.9.1\libgcc.a(floatsidf.o)
 .bss           0x00000000080204c0        0x0 c:/altera/15.0/nios2eds/bin/gnu/h-x86_64-mingw32/bin/../lib/gcc/nios2-elf/4.9.1\libgcc.a(floatunsidf.o)
 .bss           0x00000000080204c0        0x0 c:/altera/15.0/nios2eds/bin/gnu/h-x86_64-mingw32/bin/../lib/gcc/nios2-elf/4.9.1\libgcc.a(_clz.o)
 .bss           0x00000000080204c0        0x0 c:/altera/15.0/nios2eds/bin/gnu/h-x86_64-mingw32/bin/../lib/gcc/nios2-elf/4.9.1\libgcc.a(_clzsi2.o)
 .bss           0x00000000080204c0        0x0 ../graphics_bsp/\libhal_bsp.a(alt_close.o)
 .bss           0x00000000080204c0        0x0 ../graphics_bsp/\libhal_bsp.a(alt_dev.o)
 .bss           0x00000000080204c0        0x0 ../graphics_bsp/\libhal_bsp.a(alt_errno.o)
 .bss           0x00000000080204c0        0x0 ../graphics_bsp/\libhal_bsp.a(alt_exit.o)
 .bss           0x00000000080204c0        0x0 ../graphics_bsp/\libhal_bsp.a(alt_fstat.o)
 .bss           0x00000000080204c0        0x0 ../graphics_bsp/\libhal_bsp.a(alt_getpid.o)
 .bss           0x00000000080204c0        0x0 ../graphics_bsp/\libhal_bsp.a(alt_isatty.o)
 .bss           0x00000000080204c0        0x0 ../graphics_bsp/\libhal_bsp.a(alt_kill.o)
 .bss           0x00000000080204c0        0x0 ../graphics_bsp/\libhal_bsp.a(alt_load.o)
 .bss           0x00000000080204c0        0x0 ../graphics_bsp/\libhal_bsp.a(alt_lseek.o)
 .bss           0x00000000080204c0        0x0 ../graphics_bsp/\libhal_bsp.a(alt_main.o)
 .bss           0x00000000080204c0        0x0 ../graphics_bsp/\libhal_bsp.a(alt_malloc_lock.o)
 .bss           0x00000000080204c0        0x0 ../graphics_bsp/\libhal_bsp.a(alt_read.o)
 .bss           0x00000000080204c0        0x0 ../graphics_bsp/\libhal_bsp.a(alt_release_fd.o)
 .bss           0x00000000080204c0        0x0 ../graphics_bsp/\libhal_bsp.a(alt_sbrk.o)
 .bss           0x00000000080204c0        0x0 ../graphics_bsp/\libhal_bsp.a(alt_usleep.o)
 .bss           0x00000000080204c0        0x0 ../graphics_bsp/\libhal_bsp.a(alt_write.o)
 .bss           0x00000000080204c0        0x0 ../graphics_bsp/\libhal_bsp.a(alt_sys_init.o)
 .bss           0x00000000080204c0        0x0 ../graphics_bsp/\libhal_bsp.a(altera_avalon_jtag_uart_fd.o)
 .bss           0x00000000080204c0        0x0 ../graphics_bsp/\libhal_bsp.a(altera_avalon_jtag_uart_init.o)
 .bss           0x00000000080204c0        0x0 ../graphics_bsp/\libhal_bsp.a(altera_avalon_jtag_uart_ioctl.o)
 .bss           0x00000000080204c0        0x0 ../graphics_bsp/\libhal_bsp.a(altera_avalon_jtag_uart_read.o)
 .bss           0x00000000080204c0        0x0 ../graphics_bsp/\libhal_bsp.a(altera_avalon_jtag_uart_write.o)
 .bss           0x00000000080204c0        0x0 ../graphics_bsp/\libhal_bsp.a(altera_avalon_timer_sc.o)
 .bss           0x00000000080204c0        0x0 ../graphics_bsp/\libhal_bsp.a(altera_up_avalon_character_lcd.o)
 .bss           0x00000000080204c0        0x0 ../graphics_bsp/\libhal_bsp.a(alt_alarm_start.o)
 .bss           0x00000000080204c0        0x0 ../graphics_bsp/\libhal_bsp.a(alt_busy_sleep.o)
 .bss           0x00000000080204c0        0x0 ../graphics_bsp/\libhal_bsp.a(alt_dcache_flush_all.o)
 .bss           0x00000000080204c0        0x0 ../graphics_bsp/\libhal_bsp.a(alt_dev_llist_insert.o)
 .bss           0x00000000080204c0        0x0 ../graphics_bsp/\libhal_bsp.a(alt_do_ctors.o)
 .bss           0x00000000080204c0        0x0 ../graphics_bsp/\libhal_bsp.a(alt_do_dtors.o)
 .bss           0x00000000080204c0        0x0 ../graphics_bsp/\libhal_bsp.a(alt_find_dev.o)
 .bss           0x00000000080204c0        0x0 ../graphics_bsp/\libhal_bsp.a(alt_icache_flush_all.o)
 .bss           0x00000000080204c0        0x0 ../graphics_bsp/\libhal_bsp.a(alt_iic.o)
 .bss           0x00000000080204c0        0x0 ../graphics_bsp/\libhal_bsp.a(alt_iic_isr_register.o)
 .bss           0x00000000080204c0        0x0 ../graphics_bsp/\libhal_bsp.a(alt_io_redirect.o)
 .bss           0x00000000080204c0        0x0 ../graphics_bsp/\libhal_bsp.a(alt_irq_entry.o)
 .bss           0x00000000080204c0        0x0 ../graphics_bsp/\libhal_bsp.a(alt_irq_handler.o)
 .bss           0x00000000080204c0        0x0 ../graphics_bsp/\libhal_bsp.a(alt_irq_vars.o)
 .bss           0x00000000080204c0        0x0 ../graphics_bsp/\libhal_bsp.a(alt_open.o)
 .bss           0x00000000080204c0        0x0 ../graphics_bsp/\libhal_bsp.a(alt_tick.o)
 .bss           0x00000000080204c0        0x0 ../graphics_bsp/\libhal_bsp.a(altera_nios2_qsys_irq.o)
 .bss           0x00000000080204c0        0x0 ../graphics_bsp/\libhal_bsp.a(alt_exception_entry.o)
 .bss           0x00000000080204c0        0x0 ../graphics_bsp/\libhal_bsp.a(alt_find_file.o)
 .bss           0x00000000080204c0        0x0 ../graphics_bsp/\libhal_bsp.a(alt_get_fd.o)
 .bss           0x00000000080204c0        0x0 ../graphics_bsp/\libhal_bsp.a(alt_icache_flush.o)
 .bss           0x00000000080204c0        0x0 c:/altera/15.0/nios2eds/bin/gnu/h-x86_64-mingw32/bin/../lib/gcc/nios2-elf/4.9.1/../../../../../H-x86_64-mingw32/nios2-elf/lib\libc.a(lib_a-atexit.o)
 .bss           0x00000000080204c0        0x0 c:/altera/15.0/nios2eds/bin/gnu/h-x86_64-mingw32/bin/../lib/gcc/nios2-elf/4.9.1/../../../../../H-x86_64-mingw32/nios2-elf/lib\libc.a(lib_a-exit.o)
 .bss           0x00000000080204c0        0x0 c:/altera/15.0/nios2eds/bin/gnu/h-x86_64-mingw32/bin/../lib/gcc/nios2-elf/4.9.1/../../../../../H-x86_64-mingw32/nios2-elf/lib\libc.a(lib_a-memcmp.o)
 .bss           0x00000000080204c0        0x0 c:/altera/15.0/nios2eds/bin/gnu/h-x86_64-mingw32/bin/../lib/gcc/nios2-elf/4.9.1/../../../../../H-x86_64-mingw32/nios2-elf/lib\libc.a(lib_a-__atexit.o)
 .bss           0x00000000080204c0        0x0 c:/altera/15.0/nios2eds/bin/gnu/h-x86_64-mingw32/bin/../lib/gcc/nios2-elf/4.9.1/../../../../../H-x86_64-mingw32/nios2-elf/lib\libc.a(lib_a-__call_atexit.o)
 *(COMMON)
 COMMON         0x00000000080204c0     0x1f40 obj/default/Fill.o
                0x00000000080204c0                XYStack
 COMMON         0x0000000008022400      0x100 ../graphics_bsp/\libhal_bsp.a(alt_irq_handler.o)
                0x0000000008022400                alt_irq
                0x0000000008022500                . = ALIGN (0x4)
                0x0000000008022500                __bss_end = ABSOLUTE (.)

.sdram          0x0000000008022500        0x0
                0x0000000008022500                PROVIDE (_alt_partition_sdram_start, ABSOLUTE (.))
 *(.sdram .sdram. sdram.*)
                0x0000000008022500                . = ALIGN (0x4)
                0x0000000008022500                PROVIDE (_alt_partition_sdram_end, ABSOLUTE (.))
                0x0000000008022500                _end = ABSOLUTE (.)
                0x0000000008022500                end = ABSOLUTE (.)
                0x0000000008022500                __alt_stack_base = ABSOLUTE (.)
                0x0000000008022500                PROVIDE (_alt_partition_sdram_load_addr, LOADADDR (.sdram))

.stab
 *(.stab)

.stabstr
 *(.stabstr)

.stab.excl
 *(.stab.excl)

.stab.exclstr
 *(.stab.exclstr)

.stab.index
 *(.stab.index)

.stab.indexstr
 *(.stab.indexstr)

.comment        0x0000000000000000       0x23
 *(.comment)
 .comment       0x0000000000000000       0x23 obj/default/Button.o
                                         0x24 (size before relaxing)
 .comment       0x0000000000000000       0x24 obj/default/ColourPallette.o
 .comment       0x0000000000000000       0x24 obj/default/DemoGraphicsRoutines.o
 .comment       0x0000000000000000       0x24 obj/default/DrawOperations.o
 .comment       0x0000000000000000       0x24 obj/default/Fill.o
 .comment       0x0000000000000000       0x24 obj/default/Fonts.o
 .comment       0x0000000000000000       0x24 obj/default/Object.o
 .comment       0x0000000000000000       0x24 obj/default/ScreenView.o
 .comment       0x0000000000000000       0x24 obj/default/Shapes.o
 .comment       0x0000000000000000       0x24 obj/default/View.o
 .comment       0x0000000000000000       0x24 c:/altera/15.0/nios2eds/bin/gnu/h-x86_64-mingw32/bin/../lib/gcc/nios2-elf/4.9.1/../../../../../H-x86_64-mingw32/nios2-elf/lib\libc.a(lib_a-assert.o)
 .comment       0x0000000000000000       0x24 c:/altera/15.0/nios2eds/bin/gnu/h-x86_64-mingw32/bin/../lib/gcc/nios2-elf/4.9.1/../../../../../H-x86_64-mingw32/nios2-elf/lib\libc.a(lib_a-calloc.o)
 .comment       0x0000000000000000       0x24 c:/altera/15.0/nios2eds/bin/gnu/h-x86_64-mingw32/bin/../lib/gcc/nios2-elf/4.9.1/../../../../../H-x86_64-mingw32/nios2-elf/lib\libc.a(lib_a-callocr.o)
 .comment       0x0000000000000000       0x24 c:/altera/15.0/nios2eds/bin/gnu/h-x86_64-mingw32/bin/../lib/gcc/nios2-elf/4.9.1/../../../../../H-x86_64-mingw32/nios2-elf/lib\libc.a(lib_a-fiprintf.o)
 .comment       0x0000000000000000       0x24 c:/altera/15.0/nios2eds/bin/gnu/h-x86_64-mingw32/bin/../lib/gcc/nios2-elf/4.9.1/../../../../../H-x86_64-mingw32/nios2-elf/lib\libc.a(lib_a-fprintf.o)
 .comment       0x0000000000000000       0x24 c:/altera/15.0/nios2eds/bin/gnu/h-x86_64-mingw32/bin/../lib/gcc/nios2-elf/4.9.1/../../../../../H-x86_64-mingw32/nios2-elf/lib\libc.a(lib_a-impure.o)
 .comment       0x0000000000000000       0x24 c:/altera/15.0/nios2eds/bin/gnu/h-x86_64-mingw32/bin/../lib/gcc/nios2-elf/4.9.1/../../../../../H-x86_64-mingw32/nios2-elf/lib\libc.a(lib_a-malloc.o)
 .comment       0x0000000000000000       0x24 c:/altera/15.0/nios2eds/bin/gnu/h-x86_64-mingw32/bin/../lib/gcc/nios2-elf/4.9.1/../../../../../H-x86_64-mingw32/nios2-elf/lib\libc.a(lib_a-mallocr.o)
 .comment       0x0000000000000000       0x24 c:/altera/15.0/nios2eds/bin/gnu/h-x86_64-mingw32/bin/../lib/gcc/nios2-elf/4.9.1/../../../../../H-x86_64-mingw32/nios2-elf/lib\libc.a(lib_a-memcpy.o)
 .comment       0x0000000000000000       0x24 c:/altera/15.0/nios2eds/bin/gnu/h-x86_64-mingw32/bin/../lib/gcc/nios2-elf/4.9.1/../../../../../H-x86_64-mingw32/nios2-elf/lib\libc.a(lib_a-memset.o)
 .comment       0x0000000000000000       0x24 c:/altera/15.0/nios2eds/bin/gnu/h-x86_64-mingw32/bin/../lib/gcc/nios2-elf/4.9.1/../../../../../H-x86_64-mingw32/nios2-elf/lib\libc.a(lib_a-puts.o)
 .comment       0x0000000000000000       0x24 c:/altera/15.0/nios2eds/bin/gnu/h-x86_64-mingw32/bin/../lib/gcc/nios2-elf/4.9.1/../../../../../H-x86_64-mingw32/nios2-elf/lib\libc.a(lib_a-sbrkr.o)
 .comment       0x0000000000000000       0x24 c:/altera/15.0/nios2eds/bin/gnu/h-x86_64-mingw32/bin/../lib/gcc/nios2-elf/4.9.1/../../../../../H-x86_64-mingw32/nios2-elf/lib\libc.a(lib_a-strlen.o)
 .comment       0x0000000000000000       0x24 c:/altera/15.0/nios2eds/bin/gnu/h-x86_64-mingw32/bin/../lib/gcc/nios2-elf/4.9.1/../../../../../H-x86_64-mingw32/nios2-elf/lib\libc.a(lib_a-vfiprintfr_1.o)
 .comment       0x0000000000000000       0x24 c:/altera/15.0/nios2eds/bin/gnu/h-x86_64-mingw32/bin/../lib/gcc/nios2-elf/4.9.1/../../../../../H-x86_64-mingw32/nios2-elf/lib\libc.a(lib_a-vfprintf.o)
 .comment       0x0000000000000000       0x24 c:/altera/15.0/nios2eds/bin/gnu/h-x86_64-mingw32/bin/../lib/gcc/nios2-elf/4.9.1/../../../../../H-x86_64-mingw32/nios2-elf/lib\libc.a(lib_a-wsetup.o)
 .comment       0x0000000000000000       0x24 c:/altera/15.0/nios2eds/bin/gnu/h-x86_64-mingw32/bin/../lib/gcc/nios2-elf/4.9.1/../../../../../H-x86_64-mingw32/nios2-elf/lib\libc.a(lib_a-abort.o)
 .comment       0x0000000000000000       0x24 c:/altera/15.0/nios2eds/bin/gnu/h-x86_64-mingw32/bin/../lib/gcc/nios2-elf/4.9.1/../../../../../H-x86_64-mingw32/nios2-elf/lib\libc.a(lib_a-dtoa.o)
 .comment       0x0000000000000000       0x24 c:/altera/15.0/nios2eds/bin/gnu/h-x86_64-mingw32/bin/../lib/gcc/nios2-elf/4.9.1/../../../../../H-x86_64-mingw32/nios2-elf/lib\libc.a(lib_a-fflush.o)
 .comment       0x0000000000000000       0x24 c:/altera/15.0/nios2eds/bin/gnu/h-x86_64-mingw32/bin/../lib/gcc/nios2-elf/4.9.1/../../../../../H-x86_64-mingw32/nios2-elf/lib\libc.a(lib_a-findfp.o)
 .comment       0x0000000000000000       0x24 c:/altera/15.0/nios2eds/bin/gnu/h-x86_64-mingw32/bin/../lib/gcc/nios2-elf/4.9.1/../../../../../H-x86_64-mingw32/nios2-elf/lib\libc.a(lib_a-freer.o)
 .comment       0x0000000000000000       0x24 c:/altera/15.0/nios2eds/bin/gnu/h-x86_64-mingw32/bin/../lib/gcc/nios2-elf/4.9.1/../../../../../H-x86_64-mingw32/nios2-elf/lib\libc.a(lib_a-fvwrite.o)
 .comment       0x0000000000000000       0x24 c:/altera/15.0/nios2eds/bin/gnu/h-x86_64-mingw32/bin/../lib/gcc/nios2-elf/4.9.1/../../../../../H-x86_64-mingw32/nios2-elf/lib\libc.a(lib_a-fwalk.o)
 .comment       0x0000000000000000       0x24 c:/altera/15.0/nios2eds/bin/gnu/h-x86_64-mingw32/bin/../lib/gcc/nios2-elf/4.9.1/../../../../../H-x86_64-mingw32/nios2-elf/lib\libc.a(lib_a-int_errno.o)
 .comment       0x0000000000000000       0x24 c:/altera/15.0/nios2eds/bin/gnu/h-x86_64-mingw32/bin/../lib/gcc/nios2-elf/4.9.1/../../../../../H-x86_64-mingw32/nios2-elf/lib\libc.a(lib_a-locale.o)
 .comment       0x0000000000000000       0x24 c:/altera/15.0/nios2eds/bin/gnu/h-x86_64-mingw32/bin/../lib/gcc/nios2-elf/4.9.1/../../../../../H-x86_64-mingw32/nios2-elf/lib\libc.a(lib_a-makebuf.o)
 .comment       0x0000000000000000       0x24 c:/altera/15.0/nios2eds/bin/gnu/h-x86_64-mingw32/bin/../lib/gcc/nios2-elf/4.9.1/../../../../../H-x86_64-mingw32/nios2-elf/lib\libc.a(lib_a-memchr.o)
 .comment       0x0000000000000000       0x24 c:/altera/15.0/nios2eds/bin/gnu/h-x86_64-mingw32/bin/../lib/gcc/nios2-elf/4.9.1/../../../../../H-x86_64-mingw32/nios2-elf/lib\libc.a(lib_a-memmove.o)
 .comment       0x0000000000000000       0x24 c:/altera/15.0/nios2eds/bin/gnu/h-x86_64-mingw32/bin/../lib/gcc/nios2-elf/4.9.1/../../../../../H-x86_64-mingw32/nios2-elf/lib\libc.a(lib_a-mprec.o)
 .comment       0x0000000000000000       0x24 c:/altera/15.0/nios2eds/bin/gnu/h-x86_64-mingw32/bin/../lib/gcc/nios2-elf/4.9.1/../../../../../H-x86_64-mingw32/nios2-elf/lib\libc.a(lib_a-reallocr.o)
 .comment       0x0000000000000000       0x24 c:/altera/15.0/nios2eds/bin/gnu/h-x86_64-mingw32/bin/../lib/gcc/nios2-elf/4.9.1/../../../../../H-x86_64-mingw32/nios2-elf/lib\libc.a(lib_a-s_fpclassify.o)
 .comment       0x0000000000000000       0x24 c:/altera/15.0/nios2eds/bin/gnu/h-x86_64-mingw32/bin/../lib/gcc/nios2-elf/4.9.1/../../../../../H-x86_64-mingw32/nios2-elf/lib\libc.a(lib_a-signal.o)
 .comment       0x0000000000000000       0x24 c:/altera/15.0/nios2eds/bin/gnu/h-x86_64-mingw32/bin/../lib/gcc/nios2-elf/4.9.1/../../../../../H-x86_64-mingw32/nios2-elf/lib\libc.a(lib_a-signalr.o)
 .comment       0x0000000000000000       0x24 c:/altera/15.0/nios2eds/bin/gnu/h-x86_64-mingw32/bin/../lib/gcc/nios2-elf/4.9.1/../../../../../H-x86_64-mingw32/nios2-elf/lib\libc.a(lib_a-stdio.o)