Archive member included to satisfy reference by file (symbol)

c:/altera/15.0/nios2eds/bin/gnu/h-x86_64-mingw32/bin/../lib/gcc/nios2-elf/4.9.1\libgcc.a(fixsfsi.o)
                              obj/default/DrawOperations.o (__fixsfsi)
c:/altera/15.0/nios2eds/bin/gnu/h-x86_64-mingw32/bin/../lib/gcc/nios2-elf/4.9.1\libgcc.a(floatsisf.o)
                              obj/default/DrawOperations.o (__floatsisf)
c:/altera/15.0/nios2eds/bin/gnu/h-x86_64-mingw32/bin/../lib/gcc/nios2-elf/4.9.1\libgcc.a(adddf3.o)
                              obj/default/Bounds.o (__adddf3)
c:/altera/15.0/nios2eds/bin/gnu/h-x86_64-mingw32/bin/../lib/gcc/nios2-elf/4.9.1\libgcc.a(divdf3.o)
                              obj/default/Bounds.o (__divdf3)
c:/altera/15.0/nios2eds/bin/gnu/h-x86_64-mingw32/bin/../lib/gcc/nios2-elf/4.9.1\libgcc.a(eqdf2.o)
                              obj/default/Histogram.o (__eqdf2)
c:/altera/15.0/nios2eds/bin/gnu/h-x86_64-mingw32/bin/../lib/gcc/nios2-elf/4.9.1\libgcc.a(gedf2.o)
                              obj/default/Histogram.o (__gedf2)
c:/altera/15.0/nios2eds/bin/gnu/h-x86_64-mingw32/bin/../lib/gcc/nios2-elf/4.9.1\libgcc.a(ledf2.o)
                              obj/default/Histogram.o (__ledf2)
c:/altera/15.0/nios2eds/bin/gnu/h-x86_64-mingw32/bin/../lib/gcc/nios2-elf/4.9.1\libgcc.a(muldf3.o)
                              obj/default/Bounds.o (__muldf3)
c:/altera/15.0/nios2eds/bin/gnu/h-x86_64-mingw32/bin/../lib/gcc/nios2-elf/4.9.1\libgcc.a(subdf3.o)
                              obj/default/Bounds.o (__subdf3)
c:/altera/15.0/nios2eds/bin/gnu/h-x86_64-mingw32/bin/../lib/gcc/nios2-elf/4.9.1\libgcc.a(fixdfsi.o)
                              obj/default/Bounds.o (__fixdfsi)
c:/altera/15.0/nios2eds/bin/gnu/h-x86_64-mingw32/bin/../lib/gcc/nios2-elf/4.9.1\libgcc.a(floatsidf.o)
                              obj/default/Bounds.o (__floatsidf)
c:/altera/15.0/nios2eds/bin/gnu/h-x86_64-mingw32/bin/../lib/gcc/nios2-elf/4.9.1\libgcc.a(extendsfdf2.o)
                              obj/default/DrawOperations.o (__extendsfdf2)
c:/altera/15.0/nios2eds/bin/gnu/h-x86_64-mingw32/bin/../lib/gcc/nios2-elf/4.9.1\libgcc.a(truncdfsf2.o)
                              obj/default/DrawOperations.o (__truncdfsf2)
c:/altera/15.0/nios2eds/bin/gnu/h-x86_64-mingw32/bin/../lib/gcc/nios2-elf/4.9.1\libgcc.a(_clzsi2.o)
                              c:/altera/15.0/nios2eds/bin/gnu/h-x86_64-mingw32/bin/../lib/gcc/nios2-elf/4.9.1\libgcc.a(floatsisf.o) (__clzsi2)
c:/altera/15.0/nios2eds/bin/gnu/h-x86_64-mingw32/bin/../lib/gcc/nios2-elf/4.9.1\libgcc.a(lib2-divmod.o)
                              c:/altera/15.0/nios2eds/bin/gnu/h-x86_64-mingw32/bin/../lib/gcc/nios2-elf/4.9.1\libgcc.a(divdf3.o) (__udivsi3)
c:/altera/15.0/nios2eds/bin/gnu/h-x86_64-mingw32/bin/../lib/gcc/nios2-elf/4.9.1\libgcc.a(_clz.o)
                              c:/altera/15.0/nios2eds/bin/gnu/h-x86_64-mingw32/bin/../lib/gcc/nios2-elf/4.9.1\libgcc.a(_clzsi2.o) (__clz_tab)
c:/altera/15.0/nios2eds/bin/gnu/h-x86_64-mingw32/bin/../lib/gcc/nios2-elf/4.9.1/../../../../../H-x86_64-mingw32/nios2-elf/lib\libc.a(lib_a-assert.o)
                              obj/default/Bounds.o (__assert_func)
c:/altera/15.0/nios2eds/bin/gnu/h-x86_64-mingw32/bin/../lib/gcc/nios2-elf/4.9.1/../../../../../H-x86_64-mingw32/nios2-elf/lib\libc.a(lib_a-calloc.o)
                              obj/default/Object.o (calloc)
c:/altera/15.0/nios2eds/bin/gnu/h-x86_64-mingw32/bin/../lib/gcc/nios2-elf/4.9.1/../../../../../H-x86_64-mingw32/nios2-elf/lib\libc.a(lib_a-callocr.o)
                              c:/altera/15.0/nios2eds/bin/gnu/h-x86_64-mingw32/bin/../lib/gcc/nios2-elf/4.9.1/../../../../../H-x86_64-mingw32/nios2-elf/lib\libc.a(lib_a-calloc.o) (_calloc_r)
c:/altera/15.0/nios2eds/bin/gnu/h-x86_64-mingw32/bin/../lib/gcc/nios2-elf/4.9.1/../../../../../H-x86_64-mingw32/nios2-elf/lib\libc.a(lib_a-fiprintf.o)
                              c:/altera/15.0/nios2eds/bin/gnu/h-x86_64-mingw32/bin/../lib/gcc/nios2-elf/4.9.1/../../../../../H-x86_64-mingw32/nios2-elf/lib\libc.a(lib_a-assert.o) (fiprintf)
c:/altera/15.0/nios2eds/bin/gnu/h-x86_64-mingw32/bin/../lib/gcc/nios2-elf/4.9.1/../../../../../H-x86_64-mingw32/nios2-elf/lib\libc.a(lib_a-fprintf.o)
                              obj/default/Object.o (fprintf)
c:/altera/15.0/nios2eds/bin/gnu/h-x86_64-mingw32/bin/../lib/gcc/nios2-elf/4.9.1/../../../../../H-x86_64-mingw32/nios2-elf/lib\libc.a(lib_a-impure.o)
                              obj/default/Object.o (_impure_ptr)
c:/altera/15.0/nios2eds/bin/gnu/h-x86_64-mingw32/bin/../lib/gcc/nios2-elf/4.9.1/../../../../../H-x86_64-mingw32/nios2-elf/lib\libc.a(lib_a-malloc.o)
                              obj/default/Bounds.o (malloc)
c:/altera/15.0/nios2eds/bin/gnu/h-x86_64-mingw32/bin/../lib/gcc/nios2-elf/4.9.1/../../../../../H-x86_64-mingw32/nios2-elf/lib\libc.a(lib_a-mallocr.o)
[...]
Memory Configuration

Name             Origin             Length             Attributes
reset            0x0000000008000000 0x0000000000000020
sdram            0x0000000008000020 0x0000000003ffffe0
*default*        0x0000000000000000 0xffffffffffffffff

Linker script and memory map

LOAD ../graphicscopy_bsp//obj/HAL/src/crt0.o
LOAD obj/default/Bounds.o
LOAD obj/default/Button.o
LOAD obj/default/ColourPallette.o
LOAD obj/default/DE1_SOC_graphics.o
LOAD obj/default/DE1_SOC_touchscreen.o
LOAD obj/default/DrawOperations.o
LOAD obj/default/Equalizer.o
LOAD obj/default/Event.o
LOAD obj/default/EventHandler.o
LOAD obj/default/Fonts.o
LOAD obj/default/Gps.o
LOAD obj/default/Histogram.o
LOAD obj/default/ListView.o
LOAD obj/default/MainEntry.o
LOAD obj/default/Object.o
LOAD obj/default/OutGraphicsCharFont.o
LOAD obj/default/PlayPauseButton.o
LOAD obj/default/ProgressBar.o
LOAD obj/default/Renderer.o
LOAD obj/default/ScreenView.o
LOAD obj/default/Shapes.o
LOAD obj/default/TestLib.o
LOAD obj/default/TextView.o
LOAD obj/default/TouchEventHandler.o
LOAD obj/default/TouchInterrupt.o
LOAD obj/default/View.o
LOAD obj/default/Volume.o
LOAD obj/default/Wifi.o
LOAD c:/altera/15.0/nios2eds/bin/gnu/h-x86_64-mingw32/bin/../lib/gcc/nios2-elf/4.9.1/../../../../../H-x86_64-mingw32/nios2-elf/lib\libstdc++.a
LOAD c:/altera/15.0/nios2eds/bin/gnu/h-x86_64-mingw32/bin/../lib/gcc/nios2-elf/4.9.1/../../../../../H-x86_64-mingw32/nios2-elf/lib\libm.a
LOAD c:/altera/15.0/nios2eds/bin/gnu/h-x86_64-mingw32/bin/../lib/gcc/nios2-elf/4.9.1\libgcc.a
START GROUP
LOAD c:/altera/15.0/nios2eds/bin/gnu/h-x86_64-mingw32/bin/../lib/gcc/nios2-elf/4.9.1/../../../../../H-x86_64-mingw32/nios2-elf/lib\libc.a
LOAD c:/altera/15.0/nios2eds/bin/gnu/h-x86_64-mingw32/bin/../lib/gcc/nios2-elf/4.9.1\libgcc.a
LOAD ../graphicscopy_bsp/\libhal_bsp.a
LOAD c:/altera/15.0/nios2eds/bin/gnu/h-x86_64-mingw32/bin/../lib/gcc/nios2-elf/4.9.1/../../../../../H-x86_64-mingw32/nios2-elf/lib\libm.a
END GROUP
LOAD c:/altera/15.0/nios2eds/bin/gnu/h-x86_64-mingw32/bin/../lib/gcc/nios2-elf/4.9.1\libgcc.a
                0x0000000008000000                __alt_mem_sdram = 0x8000000

.entry          0x0000000008000000       0x20
 *(.entry)
 .entry         0x0000000008000000       0x20 ../graphicscopy_bsp//obj/HAL/src/crt0.o
                0x0000000008000000                __reset

.exceptions     0x0000000008000020      0x19c
                0x0000000008000020                PROVIDE (__ram_exceptions_start, ABSOLUTE (.))
                0x0000000008000020                . = ALIGN (0x20)
 *(.irq)
 *(.exceptions.entry.label)
 .exceptions.entry.label
                0x0000000008000020        0x0 ../graphicscopy_bsp/\libhal_bsp.a(alt_irq_entry.o)
                0x0000000008000020                alt_irq_entry
 .exceptions.entry.label
                0x0000000008000020        0x0 ../graphicscopy_bsp/\libhal_bsp.a(alt_exception_entry.o)
                0x0000000008000020                alt_exception
 *(.exceptions.entry.user)
 *(.exceptions.entry.ecc_fatal)
 *(.exceptions.entry)
 .exceptions.entry
                0x0000000008000020       0x54 ../graphicscopy_bsp/\libhal_bsp.a(alt_exception_entry.o)
 *(.exceptions.irqtest.user)
 *(.exceptions.irqtest)
 .exceptions.irqtest
                0x0000000008000074       0x10 ../graphicscopy_bsp/\libhal_bsp.a(alt_irq_entry.o)
 *(.exceptions.irqhandler.user)
 *(.exceptions.irqhandler)
 .exceptions.irqhandler
                0x0000000008000084        0x4 ../graphicscopy_bsp/\libhal_bsp.a(alt_irq_entry.o)
 *(.exceptions.irqreturn.user)
 *(.exceptions.irqreturn)
 .exceptions.irqreturn
                0x0000000008000088        0x4 ../graphicscopy_bsp/\libhal_bsp.a(alt_irq_entry.o)
 *(.exceptions.notirq.label)
 .exceptions.notirq.label
                0x000000000800008c        0x0 ../graphicscopy_bsp/\libhal_bsp.a(alt_irq_entry.o)
 *(.exceptions.notirq.user)
 *(.exceptions.notirq)
 .exceptions.notirq
                0x000000000800008c        0x8 ../graphicscopy_bsp/\libhal_bsp.a(alt_exception_entry.o)
 *(.exceptions.soft.user)
 *(.exceptions.soft)
 *(.exceptions.unknown.user)
 *(.exceptions.unknown)
 .exceptions.unknown
                0x0000000008000094        0x4 ../graphicscopy_bsp/\libhal_bsp.a(alt_exception_entry.o)
 *(.exceptions.exit.label)
 .exceptions.exit.label
                0x0000000008000098        0x0 ../graphicscopy_bsp/\libhal_bsp.a(alt_irq_entry.o)
 .exceptions.exit.label
                0x0000000008000098        0x0 ../graphicscopy_bsp/\libhal_bsp.a(alt_exception_entry.o)
 *(.exceptions.exit.user)
 *(.exceptions.exit)
 .exceptions.exit
                0x0000000008000098       0x54 ../graphicscopy_bsp/\libhal_bsp.a(alt_exception_entry.o)
 *(.exceptions)
 .exceptions    0x00000000080000ec       0xd0 ../graphicscopy_bsp/\libhal_bsp.a(alt_irq_handler.o)
                0x00000000080000ec                alt_irq_handler
                0x00000000080001bc                PROVIDE (__ram_exceptions_end, ABSOLUTE (.))
                0x0000000008000020                PROVIDE (__flash_exceptions_start, LOADADDR (.exceptions))

.text           0x00000000080001bc    0x1be80
                0x00000000080001bc                PROVIDE (stext, ABSOLUTE (.))
 *(.interp)
 *(.hash)
 *(.dynsym)
 *(.dynstr)
 *(.gnu.version)
 *(.gnu.version_d)
 *(.gnu.version_r)
 *(.rel.init)
 *(.rela.init)
 *(.rel.text .rel.text.* .rel.gnu.linkonce.t.*)
 *(.rela.text .rela.text.* .rela.gnu.linkonce.t.*)
 *(.rel.fini)
 *(.rela.fini)
 *(.rel.rodata .rel.rodata.* .rel.gnu.linkonce.r.*)
 *(.rela.rodata .rela.rodata.* .rela.gnu.linkonce.r.*)
 *(.rel.data .rel.data.* .rel.gnu.linkonce.d.*)
 *(.rela.data .rela.data.* .rela.gnu.linkonce.d.*)
 *(.rel.tdata .rel.tdata.* .rel.gnu.linkonce.td.*)
 *(.rela.tdata .rela.tdata.* .rela.gnu.linkonce.td.*)
 *(.rel.tbss .rel.tbss.* .rel.gnu.linkonce.tb.*)
 *(.rela.tbss .rela.tbss.* .rela.gnu.linkonce.tb.*)
 *(.rel.ctors)
 *(.rela.ctors)
 *(.rel.dtors)
 *(.rela.dtors)
 *(.rel.got)
 *(.rela.got)
 *(.rel.sdata .rel.sdata.* .rel.gnu.linkonce.s.*)
 *(.rela.sdata .rela.sdata.* .rela.gnu.linkonce.s.*)
 *(.rel.sbss .rel.sbss.* .rel.gnu.linkonce.sb.*)
 *(.rela.sbss .rela.sbss.* .rela.gnu.linkonce.sb.*)
 *(.rel.sdata2 .rel.sdata2.* .rel.gnu.linkonce.s2.*)
 *(.rela.sdata2 .rela.sdata2.* .rela.gnu.linkonce.s2.*)
 *(.rel.sbss2 .rel.sbss2.* .rel.gnu.linkonce.sb2.*)
 *(.rela.sbss2 .rela.sbss2.* .rela.gnu.linkonce.sb2.*)
 *(.rel.bss .rel.bss.* .rel.gnu.linkonce.b.*)
 *(.rela.bss .rela.bss.* .rela.gnu.linkonce.b.*)
 *(.rel.plt)
 *(.rela.plt)
 *(.rel.dyn)
 *(.init)
 *(.plt)
 *(.text .stub .text.* .gnu.linkonce.t.*)
 .text          0x00000000080001bc       0x3c ../graphicscopy_bsp//obj/HAL/src/crt0.o
                0x00000000080001bc                _start
 .text          0x00000000080001f8      0xcd0 obj/default/Bounds.o
                0x00000000080001f8                containsPoint
                0x0000000008000254                containsY
                0x00000000080002a4                containsX
                0x00000000080002f4                doIntersect
                0x0000000008000374                merge
                0x0000000008000500                intersect
                0x000000000800069c                computeOutCode
                0x00000000080007f0                cohen_sutherland
 .text          0x0000000008000ec8      0x3bc obj/default/Button.o
                0x0000000008000ec8                onButtonDown
                0x0000000008000f38                onButtonUp
                0x0000000008001190                setChar
                0x00000000080011f0                initButton
 .text          0x0000000008001284        0x0 obj/default/ColourPallette.o
 .text          0x0000000008001284      0x3bc obj/default/DE1_SOC_graphics.o
                0x0000000008001284                DE1_writePixel
                0x0000000008001300                DE1_writeHLine
                0x0000000008001400                DE1_writeVLine
                0x0000000008001500                DE1_writeLine
                0x00000000080015a0                DE1_writeRect
 .text          0x0000000008001640      0x4bc obj/default/DE1_SOC_touchscreen.o
                0x0000000008001640                putcharTouch
                0x0000000008001690                getcharTouch
                0x00000000080016d8                DE1_touchInit
                0x0000000008001730                DE1_isScreenTouched
                0x0000000008001760                DE1_getLastTouchLocation
                0x0000000008001abc                DE1_clearLastTouchLocation
 .text          0x0000000008001afc     0x1030 obj/default/DrawOperations.o
                0x0000000008001afc                setClippingBounds
                0x0000000008001b24                writeAPixel
                0x0000000008001b64                readAPixel
                0x0000000008001b8c                programPalette
                0x0000000008001c08                writeHline
                0x0000000008001cd8                writeVline
                0x0000000008001da8                writeLine
                0x0000000008001eac                writeRect
                0x0000000008001fd8                writeFilledRect
                0x00000000080020d4                clear
                0x0000000008002110                writeFilledRectWithBorder
                0x00000000080021dc                writeCircle
                0x000000000800240c                writeFilledCircle
                0x00000000080025dc                writeFilledBottomFlatTriangle
                0x0000000008002884                writeFilledTopFlatTriangle
 .text          0x0000000008002b2c      0x108 obj/default/Equalizer.o
                0x0000000008002b2c                update_treble
                0x0000000008002b84                update_bass
                0x0000000008002bdc                get_treble
                0x0000000008002c08                get_bass
 .text          0x0000000008002c34      0x174 obj/default/Event.o
                0x0000000008002ce4                initEvent
 .text          0x0000000008002da8      0x22c obj/default/EventHandler.o
                0x0000000008002da8                addEvent
                0x0000000008002e3c                consumeEvents
                0x0000000008002ebc                propagateChildren
                0x0000000008002f90                propagateEvent
 .text          0x0000000008002fd4        0x0 obj/default/Fonts.o
 .text          0x0000000008002fd4      0x574 obj/default/Gps.o
                0x0000000008002fd4                initGPS
                0x0000000008003010                putcharGPS
                0x0000000008003060                getcharGPS
                0x00000000080030a4                readGPSDataToConsole
                0x00000000080030cc                parseTime
                0x00000000080032a8                getGPSInfo
 .text          0x0000000008003548      0x5d4 obj/default/Histogram.o
                0x0000000008003964                setAmplitude
                0x0000000008003a88                initHistogram
 .text          0x0000000008003b1c      0x28c obj/default/ListView.o
                0x0000000008003b1c                onListMove
                0x0000000008003cfc                initListView
 .text          0x0000000008003da8     0x1130 obj/default/MainEntry.o
                0x0000000008003da8                init
                0x0000000008003f00                displayScreen
                0x0000000008004b84                main
 .text          0x0000000008004ed8      0x7a4 obj/default/Object.o
                0x0000000008004f58                classOf
                0x0000000008004fc0                sizeOf
                0x0000000008005228                super
                0x0000000008005290                new
                0x0000000008005364                delete
                0x00000000080053a4                ctor
                0x0000000008005418                super_ctor
                0x000000000800549c                dtor
                0x0000000008005508                super_dtor
                0x0000000008005584                differ
                0x00000000080055f8                super_differ
 .text          0x000000000800567c      0x33c obj/default/OutGraphicsCharFont.o
                0x000000000800567c                OutGraphicsCharFont1
                0x0000000008005828                OutGraphicsCharFont2
 .text          0x00000000080059b8      0x518 obj/default/PlayPauseButton.o
                0x00000000080059b8                onPlayPauseButtonDown
                0x0000000008005a28                onPlayPauseButtonUp
                0x0000000008005a94                onPlayPauseButtonClick
                0x0000000008005e3c                initPlayPauseButton
 .text          0x0000000008005ed0      0x4ec obj/default/ProgressBar.o
                0x0000000008005ed0                onProgressBarDown
                0x0000000008005fcc                onProgressBarMove
                0x0000000008006204                setPercentage
                0x0000000008006328                initProgressBar
 .text          0x00000000080063bc      0x33c obj/default/Renderer.o
                0x00000000080063bc                setRoot
                0x000000000800642c                renderChildren
                0x0000000008006508                render
                0x0000000008006588                partialRender
                0x0000000008006624                invalidate
 .text          0x00000000080066f8      0x1c0 obj/default/ScreenView.o
                0x0000000008006824                initScreenView
 .text          0x00000000080068b8      0x1ec obj/default/Shapes.o
                0x00000000080069a8                setRectColour
                0x0000000008006a10                initShapes
 .text          0x0000000008006aa4      0x394 obj/default/TestLib.o
                0x0000000008006aa4                testAll
                0x0000000008006acc                testBounds
 .text          0x0000000008006e38      0x24c obj/default/TextView.o
                0x0000000008006f94                setText
                0x0000000008006ff0                initTextView
 .text          0x0000000008007084      0x7c0 obj/default/TouchEventHandler.o
                0x0000000008007084                removeRestOfPath
                0x0000000008007124                handleDown
                0x00000000080071a0                handleMove
                0x00000000080072a8                handleUp
                0x00000000080073f0                handleTouch
                0x00000000080074f4                propagateTouchEvent
                0x00000000080076e8                generateTouchListChildren
                0x00000000080077f8                generateTouchList
 .text          0x0000000008007844       0xcc obj/default/TouchInterrupt.o
                0x0000000008007888                Init_Interrupt
 .text          0x0000000008007910      0xa44 obj/default/View.o
                0x0000000008007a14                draw
                0x0000000008007a60                super_draw
                0x0000000008007b7c                measure
                0x0000000008007bc8                super_measure
                0x0000000008007c18                setX
                0x0000000008007ce4                setY
                0x0000000008007db0                setWidth
                0x0000000008007e7c                setHeight
                0x0000000008007f48                setVisible
                0x0000000008007fb4                attachView
                0x0000000008008088                addEventListener
                0x0000000008008134                setRenderer
                0x0000000008008260                initView
 .text          0x0000000008008354      0x418 obj/default/Volume.o
                0x0000000008008354                volume_control
                0x0000000008008594                Init_Volume
                0x00000000080085e4                getSensorReading
                0x0000000008008660                getCharArduino
                0x00000000080086a8                setVolume
 .text          0x000000000800876c      0x8e8 obj/default/Wifi.o
                0x000000000800876c                Init_Wifi
                0x00000000080087bc                putcharWifi
                0x0000000008008840                getcharWifi
                0x0000000008008884                waitWifi
                0x0000000008008918                dofile_command
                0x00000000080089fc                check_wifi_command
                0x0000000008008aac                getreply
                0x0000000008008b3c                wifi_setup_command
                0x0000000008008bec                wifi_play_pause_command
                0x0000000008008cf0                wifi_ch1_command
                0x0000000008008df4                wifi_ch2_command
                0x0000000008008ef8                wifi_ch3_command
                0x0000000008008ffc                wifi_commands_init
 .text          0x0000000008009054       0x78 c:/altera/15.0/nios2eds/bin/gnu/h-x86_64-mingw32/bin/../lib/gcc/nios2-elf/4.9.1\libgcc.a(fixsfsi.o)
                0x0000000008009054                __fixsfsi
 .text          0x00000000080090cc      0x134 c:/altera/15.0/nios2eds/bin/gnu/h-x86_64-mingw32/bin/../lib/gcc/nios2-elf/4.9.1\libgcc.a(floatsisf.o)
                0x00000000080090cc                __floatsisf
 .text          0x0000000008009200      0x89c c:/altera/15.0/nios2eds/bin/gnu/h-x86_64-mingw32/bin/../lib/gcc/nios2-elf/4.9.1\libgcc.a(adddf3.o)
                0x0000000008009200                __adddf3
 .text          0x0000000008009a9c      0x8cc c:/altera/15.0/nios2eds/bin/gnu/h-x86_64-mingw32/bin/../lib/gcc/nios2-elf/4.9.1\libgcc.a(divdf3.o)
                0x0000000008009a9c                __divdf3
 .text          0x000000000800a368       0x84 c:/altera/15.0/nios2eds/bin/gnu/h-x86_64-mingw32/bin/../lib/gcc/nios2-elf/4.9.1\libgcc.a(eqdf2.o)
                0x000000000800a368                __nedf2
                0x000000000800a368                __eqdf2
 .text          0x000000000800a3ec       0xe0 c:/altera/15.0/nios2eds/bin/gnu/h-x86_64-mingw32/bin/../lib/gcc/nios2-elf/4.9.1\libgcc.a(gedf2.o)
                0x000000000800a3ec                __gedf2
                0x000000000800a3ec                __gtdf2
 .text          0x000000000800a4cc       0xe0 c:/altera/15.0/nios2eds/bin/gnu/h-x86_64-mingw32/bin/../lib/gcc/nios2-elf/4.9.1\libgcc.a(ledf2.o)
                0x000000000800a4cc                __ledf2
                0x000000000800a4cc                __ltdf2
 .text          0x000000000800a5ac      0x724 c:/altera/15.0/nios2eds/bin/gnu/h-x86_64-mingw32/bin/../lib/gcc/nios2-elf/4.9.1\libgcc.a(muldf3.o)
                0x000000000800a5ac                __muldf3
 .text          0x000000000800acd0      0x8d0 c:/altera/15.0/nios2eds/bin/gnu/h-x86_64-mingw32/bin/../lib/gcc/nios2-elf/4.9.1\libgcc.a(subdf3.o)
                0x000000000800acd0                __subdf3
 .text          0x000000000800b5a0       0x88 c:/altera/15.0/nios2eds/bin/gnu/h-x86_64-mingw32/bin/../lib/gcc/nios2-elf/4.9.1\libgcc.a(fixdfsi.o)
                0x000000000800b5a0                __fixdfsi
 .text          0x000000000800b628       0xd0 c:/altera/15.0/nios2eds/bin/gnu/h-x86_64-mingw32/bin/../lib/gcc/nios2-elf/4.9.1\libgcc.a(floatsidf.o)
                0x000000000800b628                __floatsidf
 .text          0x000000000800b6f8      0x110 c:/altera/15.0/nios2eds/bin/gnu/h-x86_64-mingw32/bin/../lib/gcc/nios2-elf/4.9.1\libgcc.a(extendsfdf2.o)
                0x000000000800b6f8                __extendsfdf2
 .text          0x000000000800b808      0x198 c:/altera/15.0/nios2eds/bin/gnu/h-x86_64-mingw32/bin/../lib/gcc/nios2-elf/4.9.1\libgcc.a(truncdfsf2.o)
                0x000000000800b808                __truncdfsf2
 .text          0x000000000800b9a0       0x64 c:/altera/15.0/nios2eds/bin/gnu/h-x86_64-mingw32/bin/../lib/gcc/nios2-elf/4.9.1\libgcc.a(_clzsi2.o)
                0x000000000800b9a0                __clzsi2
 .text          0x000000000800ba04      0x12c c:/altera/15.0/nios2eds/bin/gnu/h-x86_64-mingw32/bin/../lib/gcc/nios2-elf/4.9.1\libgcc.a(lib2-divmod.o)
                0x000000000800ba70                __divsi3
                0x000000000800bac4                __modsi3
                0x000000000800bb20                __udivsi3
                0x000000000800bb28                __umodsi3
 .text          0x000000000800bb30        0x0 c:/altera/15.0/nios2eds/bin/gnu/h-x86_64-mingw32/bin/../lib/gcc/nios2-elf/4.9.1\libgcc.a(_clz.o)
 .text          0x000000000800bb30       0x78 c:/altera/15.0/nios2eds/bin/gnu/h-x86_64-mingw32/bin/../lib/gcc/nios2-elf/4.9.1/../../../../../H-x86_64-mingw32/nios2-elf/lib\libc.a(lib_a-assert.o)
                0x000000000800bb30                __assert_func
                0x000000000800bb94                __assert
 .text          0x000000000800bba8       0x1c c:/altera/15.0/nios2eds/bin/gnu/h-x86_64-mingw32/bin/../lib/gcc/nios2-elf/4.9.1/../../../../../H-x86_64-mingw32/nios2-elf/lib\libc.a(lib_a-calloc.o)
                0x000000000800bba8                calloc
 .text          0x000000000800bbc4       0xc4 c:/altera/15.0/nios2eds/bin/gnu/h-x86_64-mingw32/bin/../lib/gcc/nios2-elf/4.9.1/../../../../../H-x86_64-mingw32/nios2-elf/lib\libc.a(lib_a-callocr.o)
                0x000000000800bbc4                _calloc_r
 .text          0x000000000800bc88       0x5c c:/altera/15.0/nios2eds/bin/gnu/h-x86_64-mingw32/bin/../lib/gcc/nios2-elf/4.9.1/../../../../../H-x86_64-mingw32/nios2-elf/lib\libc.a(lib_a-fiprintf.o)
                0x000000000800bc88                _fiprintf_r
                0x000000000800bca8                fiprintf
 .text          0x000000000800bce4       0x4c c:/altera/15.0/nios2eds/bin/gnu/h-x86_64-mingw32/bin/../lib/gcc/nios2-elf/4.9.1/../../../../../H-x86_64-mingw32/nios2-elf/lib\libc.a(lib_a-fprintf.o)
                0x000000000800bce4                _fprintf_r
                0x000000000800bd0c                fprintf
 .text          0x000000000800bd30        0x0 c:/altera/15.0/nios2eds/bin/gnu/h-x86_64-mingw32/bin/../lib/gcc/nios2-elf/4.9.1/../../../../../H-x86_64-mingw32/nios2-elf/lib\libc.a(lib_a-impure.o)
 .text          0x000000000800bd30       0x28 c:/altera/15.0/nios2eds/bin/gnu/h-x86_64-mingw32/bin/../lib/gcc/nios2-elf/4.9.1/../../../../../H-x86_64-mingw32/nios2-elf/lib\libc.a(lib_a-malloc.o)
                0x000000000800bd30                malloc
                0x000000000800bd44                free
 .text          0x000000000800bd58      0x7a8 c:/altera/15.0/nios2eds/bin/gnu/h-x86_64-mingw32/bin/../lib/gcc/nios2-elf/4.9.1/../../../../../H-x86_64-mingw32/nios2-elf/lib\libc.a(lib_a-mallocr.o)
                0x000000000800bd58                _malloc_r
 .text          0x000000000800c500      0x138 c:/altera/15.0/nios2eds/bin/gnu/h-x86_64-mingw32/bin/../lib/gcc/nios2-elf/4.9.1/../../../../../H-x86_64-mingw32/nios2-elf/lib\libc.a(lib_a-memcpy.o)
                0x000000000800c500                memcpy
 .text          0x000000000800c638      0x124 c:/altera/15.0/nios2eds/bin/gnu/h-x86_64-mingw32/bin/../lib/gcc/nios2-elf/4.9.1/../../../../../H-x86_64-mingw32/nios2-elf/lib\libc.a(lib_a-memset.o)
                0x000000000800c638                memset
 .text          0x000000000800c75c       0x68 c:/altera/15.0/nios2eds/bin/gnu/h-x86_64-mingw32/bin/../lib/gcc/nios2-elf/4.9.1/../../../../../H-x86_64-mingw32/nios2-elf/lib\libc.a(lib_a-printf.o)
                0x000000000800c75c                _printf_r
                0x000000000800c788                printf
 .text          0x000000000800c7c4       0x20 c:/altera/15.0/nios2eds/bin/gnu/h-x86_64-mingw32/bin/../lib/gcc/nios2-elf/4.9.1/../../../../../H-x86_64-mingw32/nios2-elf/lib\libc.a(lib_a-putchar.o)
                0x000000000800c7c4                _putchar_r
                0x000000000800c7cc                putchar
 .text          0x000000000800c7e4       0xcc c:/altera/15.0/nios2eds/bin/gnu/h-x86_64-mingw32/bin/../lib/gcc/nios2-elf/4.9.1/../../../../../H-x86_64-mingw32/nios2-elf/lib\libc.a(lib_a-puts.o)
                0x000000000800c7e4                _puts_r
                0x000000000800c89c                puts
 .text          0x000000000800c8b0       0x54 c:/altera/15.0/nios2eds/bin/gnu/h-x86_64-mingw32/bin/../lib/gcc/nios2-elf/4.9.1/../../../../../H-x86_64-mingw32/nios2-elf/lib\libc.a(lib_a-sbrkr.o)
                0x000000000800c8b0                _sbrk_r
 .text          0x000000000800c904       0xc4 c:/altera/15.0/nios2eds/bin/gnu/h-x86_64-mingw32/bin/../lib/gcc/nios2-elf/4.9.1/../../../../../H-x86_64-mingw32/nios2-elf/lib\libc.a(lib_a-sprintf.o)
                0x000000000800c904                _sprintf_r
                0x000000000800c95c                sprintf
 .text          0x000000000800c9c8       0xa4 c:/altera/15.0/nios2eds/bin/gnu/h-x86_64-mingw32/bin/../lib/gcc/nios2-elf/4.9.1/../../../../../H-x86_64-mingw32/nios2-elf/lib\libc.a(lib_a-strcmp.o)
                0x000000000800c9c8                strcmp
 .text          0x000000000800ca6c       0x98 c:/altera/15.0/nios2eds/bin/gnu/h-x86_64-mingw32/bin/../lib/gcc/nios2-elf/4.9.1/../../../../../H-x86_64-mingw32/nios2-elf/lib\libc.a(lib_a-strlen.o)
                0x000000000800ca6c                strlen
 .text          0x000000000800cb04     0x1f90 c:/altera/15.0/nios2eds/bin/gnu/h-x86_64-mingw32/bin/../lib/gcc/nios2-elf/4.9.1/../../../../../H-x86_64-mingw32/nios2-elf/lib\libc.a(lib_a-svfprintf.o)
                0x000000000800cb04                ___svfprintf_internal_r
 .text          0x000000000800ea94       0x1c c:/altera/15.0/nios2eds/bin/gnu/h-x86_64-mingw32/bin/../lib/gcc/nios2-elf/4.9.1/../../../../../H-x86_64-mingw32/nios2-elf/lib\libc.a(lib_a-vfiprintfr_1.o)
                0x000000000800ea94                _vfiprintf_r
 .text          0x000000000800eab0     0x2020 c:/altera/15.0/nios2eds/bin/gnu/h-x86_64-mingw32/bin/../lib/gcc/nios2-elf/4.9.1/../../../../../H-x86_64-mingw32/nios2-elf/lib\libc.a(lib_a-vfprintf.o)
                0x000000000800eab0                ___vfprintf_internal_r
                0x0000000008010aac                __vfprintf_internal
 .text          0x0000000008010ad0      0x130 c:/altera/15.0/nios2eds/bin/gnu/h-x86_64-mingw32/bin/../lib/gcc/nios2-elf/4.9.1/../../../../../H-x86_64-mingw32/nios2-elf/lib\libc.a(lib_a-wsetup.o)
                0x0000000008010ad0                __swsetup_r
 .text          0x0000000008010c00       0x18 c:/altera/15.0/nios2eds/bin/gnu/h-x86_64-mingw32/bin/../lib/gcc/nios2-elf/4.9.1/../../../../../H-x86_64-mingw32/nios2-elf/lib\libc.a(lib_a-abort.o)
                0x0000000008010c00                abort
 .text          0x0000000008010c18     0x1928 c:/altera/15.0/nios2eds/bin/gnu/h-x86_64-mingw32/bin/../lib/gcc/nios2-elf/4.9.1/../../../../../H-x86_64-mingw32/nios2-elf/lib\libc.a(lib_a-dtoa.o)
                0x0000000008010e18                _dtoa_r
 .text          0x0000000008012540      0x258 c:/altera/15.0/nios2eds/bin/gnu/h-x86_64-mingw32/bin/../lib/gcc/nios2-elf/4.9.1/../../../../../H-x86_64-mingw32/nios2-elf/lib\libc.a(lib_a-fflush.o)
                0x0000000008012540                _fflush_r
                0x0000000008012768                fflush
 .text          0x0000000008012798      0x3a0 c:/altera/15.0/nios2eds/bin/gnu/h-x86_64-mingw32/bin/../lib/gcc/nios2-elf/4.9.1/../../../../../H-x86_64-mingw32/nios2-elf/lib\libc.a(lib_a-findfp.o)
                0x00000000080127a8                _cleanup_r
                0x0000000008012954                __sfmoreglue
                0x00000000080129b8                __sfp
                0x0000000008012ad0                _cleanup
                0x0000000008012ae8                __sinit
                0x0000000008012af8                __sfp_lock_acquire
                0x0000000008012afc                __sfp_lock_release
                0x0000000008012b00                __sinit_lock_acquire
                0x0000000008012b04                __sinit_lock_release
                0x0000000008012b08                __fp_lock_all
                0x0000000008012b20                __fp_unlock_all
 .text          0x0000000008012b38      0x414 c:/altera/15.0/nios2eds/bin/gnu/h-x86_64-mingw32/bin/../lib/gcc/nios2-elf/4.9.1/../../../../../H-x86_64-mingw32/nios2-elf/lib\libc.a(lib_a-freer.o)
                0x0000000008012b38                _malloc_trim_r
                0x0000000008012c5c                _free_r
 .text          0x0000000008012f4c      0x4a4 c:/altera/15.0/nios2eds/bin/gnu/h-x86_64-mingw32/bin/../lib/gcc/nios2-elf/4.9.1/../../../../../H-x86_64-mingw32/nios2-elf/lib\libc.a(lib_a-fvwrite.o)
                0x0000000008012f4c                __sfvwrite_r
 .text          0x00000000080133f0      0x170 c:/altera/15.0/nios2eds/bin/gnu/h-x86_64-mingw32/bin/../lib/gcc/nios2-elf/4.9.1/../../../../../H-x86_64-mingw32/nios2-elf/lib\libc.a(lib_a-fwalk.o)
                0x00000000080133f0                _fwalk
                0x00000000080134a8                _fwalk_reent
 .text          0x0000000008013560        0x0 c:/altera/15.0/nios2eds/bin/gnu/h-x86_64-mingw32/bin/../lib/gcc/nios2-elf/4.9.1/../../../../../H-x86_64-mingw32/nios2-elf/lib\libc.a(lib_a-int_errno.o)
 .text          0x0000000008013560       0xe0 c:/altera/15.0/nios2eds/bin/gnu/h-x86_64-mingw32/bin/../lib/gcc/nios2-elf/4.9.1/../../../../../H-x86_64-mingw32/nios2-elf/lib\libc.a(lib_a-locale.o)
                0x0000000008013560                _setlocale_r
                0x00000000080135dc                __locale_charset
                0x00000000080135e8                __locale_mb_cur_max
                0x00000000080135f8                __locale_msgcharset
                0x0000000008013604                __locale_cjk_lang
                0x000000000801360c                _localeconv_r
                0x0000000008013618                setlocale
                0x0000000008013634                localeconv
 .text          0x0000000008013640      0x1b8 c:/altera/15.0/nios2eds/bin/gnu/h-x86_64-mingw32/bin/../lib/gcc/nios2-elf/4.9.1/../../../../../H-x86_64-mingw32/nios2-elf/lib\libc.a(lib_a-makebuf.o)
                0x0000000008013640                __smakebuf_r
 .text          0x00000000080137f8       0xe8 c:/altera/15.0/nios2eds/bin/gnu/h-x86_64-mingw32/bin/../lib/gcc/nios2-elf/4.9.1/../../../../../H-x86_64-mingw32/nios2-elf/lib\libc.a(lib_a-memchr.o)
                0x00000000080137f8                memchr
 .text          0x00000000080138e0      0x15c c:/altera/15.0/nios2eds/bin/gnu/h-x86_64-mingw32/bin/../lib/gcc/nios2-elf/4.9.1/../../../../../H-x86_64-mingw32/nios2-elf/lib\libc.a(lib_a-memmove.o)
                0x00000000080138e0                memmove
 .text          0x0000000008013a3c      0xf8c c:/altera/15.0/nios2eds/bin/gnu/h-x86_64-mingw32/bin/../lib/gcc/nios2-elf/4.9.1/../../../../../H-x86_64-mingw32/nios2-elf/lib\libc.a(lib_a-mprec.o)
                0x0000000008013a3c                _Balloc
                0x0000000008013ae4                _Bfree
                0x0000000008013b0c                __multadd
                0x0000000008013c20                __s2b
                0x0000000008013d24                __hi0bits
                0x0000000008013d8c                __lo0bits
                0x0000000008013e3c                __i2b
                0x0000000008013e78                __multiply
                0x0000000008014074                __pow5mult
                0x00000000080141b4                __lshift
                0x00000000080142fc                __mcmp
                0x000000000801435c                __mdiff
                0x00000000080144f4                __ulp
                0x0000000008014554                __b2d
                0x0000000008014670                __d2b
                0x00000000080147ac                __ratio
                0x0000000008014850                _mprec_log10
                0x00000000080148c4                __copybits
                0x000000000801493c                __any_on
 .text          0x00000000080149c8      0x168 c:/altera/15.0/nios2eds/bin/gnu/h-x86_64-mingw32/bin/../lib/gcc/nios2-elf/4.9.1/../../../../../H-x86_64-mingw32/nios2-elf/lib\libc.a(lib_a-putc.o)
                0x00000000080149c8                _putc_r
                0x0000000008014a68                putc
 .text          0x0000000008014b30      0x5a0 c:/altera/15.0/nios2eds/bin/gnu/h-x86_64-mingw32/bin/../lib/gcc/nios2-elf/4.9.1/../../../../../H-x86_64-mingw32/nios2-elf/lib\libc.a(lib_a-reallocr.o)
                0x0000000008014b30                _realloc_r
 .text          0x00000000080150d0       0x74 c:/altera/15.0/nios2eds/bin/gnu/h-x86_64-mingw32/bin/../lib/gcc/nios2-elf/4.9.1/../../../../../H-x86_64-mingw32/nios2-elf/lib\libc.a(lib_a-s_fpclassify.o)
                0x00000000080150d0                __fpclassifyd
 .text          0x0000000008015144      0x2a4 c:/altera/15.0/nios2eds/bin/gnu/h-x86_64-mingw32/bin/../lib/gcc/nios2-elf/4.9.1/../../../../../H-x86_64-mingw32/nios2-elf/lib\libc.a(lib_a-signal.o)
                0x0000000008015144                _init_signal_r
                0x00000000080151ac                _signal_r
                0x0000000008015230                _raise_r
                0x00000000080152ec                __sigtramp_r
                0x0000000008015394                raise
                0x00000000080153a8                signal
                0x00000000080153c4                _init_signal
                0x00000000080153d4                __sigtramp
 .text          0x00000000080153e8       0x5c c:/altera/15.0/nios2eds/bin/gnu/h-x86_64-mingw32/bin/../lib/gcc/nios2-elf/4.9.1/../../../../../H-x86_64-mingw32/nios2-elf/lib\libc.a(lib_a-signalr.o)
                0x00000000080153e8                _kill_r
                0x0000000008015440                _getpid_r
 .text          0x0000000008015444      0x13c c:/altera/15.0/nios2eds/bin/gnu/h-x86_64-mingw32/bin/../lib/gcc/nios2-elf/4.9.1/../../../../../H-x86_64-mingw32/nios2-elf/lib\libc.a(lib_a-stdio.o)
                0x0000000008015444                __sread
                0x0000000008015498                __seofread
                0x00000000080154a0                __swrite
                0x000000000801551c                __sseek
                0x0000000008015578                __sclose
 .text          0x0000000008015580     0x1230 c:/altera/15.0/nios2eds/bin/gnu/h-x86_64-mingw32/bin/../lib/gcc/nios2-elf/4.9.1/../../../../../H-x86_64-mingw32/nios2-elf/lib\libc.a(lib_a-svfiprintf.o)
                0x0000000008015580                __ssprint_r
                0x0000000008015748                ___svfiprintf_internal_r
 .text          0x00000000080167b0     0x1494 c:/altera/15.0/nios2eds/bin/gnu/h-x86_64-mingw32/bin/../lib/gcc/nios2-elf/4.9.1/../../../../../H-x86_64-mingw32/nios2-elf/lib\libc.a(lib_a-vfiprintf.o)
                0x00000000080168ac                __sprint_r
                0x00000000080168c4                ___vfiprintf_internal_r
                0x0000000008017c20                __vfiprintf_internal
 .text          0x0000000008017c44      0x170 c:/altera/15.0/nios2eds/bin/gnu/h-x86_64-mingw32/bin/../lib/gcc/nios2-elf/4.9.1/../../../../../H-x86_64-mingw32/nios2-elf/lib\libc.a(lib_a-wbuf.o)
                0x0000000008017c44                __swbuf_r
                0x0000000008017d98                __swbuf
 .text          0x0000000008017db4       0x5c c:/altera/15.0/nios2eds/bin/gnu/h-x86_64-mingw32/bin/../lib/gcc/nios2-elf/4.9.1/../../../../../H-x86_64-mingw32/nios2-elf/lib\libc.a(lib_a-writer.o)
                0x0000000008017db4                _write_r
 .text          0x0000000008017e10       0x54 c:/altera/15.0/nios2eds/bin/gnu/h-x86_64-mingw32/bin/../lib/gcc/nios2-elf/4.9.1/../../../../../H-x86_64-mingw32/nios2-elf/lib\libc.a(closer.o)
                0x0000000008017e10                _close_r
 .text          0x0000000008017e64      0x114 c:/altera/15.0/nios2eds/bin/gnu/h-x86_64-mingw32/bin/../lib/gcc/nios2-elf/4.9.1/../../../../../H-x86_64-mingw32/nios2-elf/lib\libc.a(lib_a-fclose.o)
                0x0000000008017e64                _fclose_r
                0x0000000008017f64                fclose
 .text          0x0000000008017f78      0x1dc c:/altera/15.0/nios2eds/bin/gnu/h-x86_64-mingw32/bin/../lib/gcc/nios2-elf/4.9.1/../../../../../H-x86_64-mingw32/nios2-elf/lib\libc.a(lib_a-fputwc.o)
                0x0000000008017f78                _fputwc_r
                0x00000000080180fc                fputwc
 .text          0x0000000008018154       0x58 c:/altera/15.0/nios2eds/bin/gnu/h-x86_64-mingw32/bin/../lib/gcc/nios2-elf/4.9.1/../../../../../H-x86_64-mingw32/nios2-elf/lib\libc.a(lib_a-fstatr.o)
                0x0000000008018154                _fstat_r
 .text          0x00000000080181ac       0x54 c:/altera/15.0/nios2eds/bin/gnu/h-x86_64-mingw32/bin/../lib/gcc/nios2-elf/4.9.1/../../../../../H-x86_64-mingw32/nios2-elf/lib\libc.a(lib_a-isattyr.o)
                0x00000000080181ac                _isatty_r
 .text          0x0000000008018200       0x5c c:/altera/15.0/nios2eds/bin/gnu/h-x86_64-mingw32/bin/../lib/gcc/nios2-elf/4.9.1/../../../../../H-x86_64-mingw32/nios2-elf/lib\libc.a(lib_a-lseekr.o)
                0x0000000008018200                _lseek_r
 .text          0x000000000801825c       0x5c c:/altera/15.0/nios2eds/bin/gnu/h-x86_64-mingw32/bin/../lib/gcc/nios2-elf/4.9.1/../../../../../H-x86_64-mingw32/nios2-elf/lib\libc.a(lib_a-readr.o)
                0x000000000801825c                _read_r
 .text          0x00000000080182b8      0x174 c:/altera/15.0/nios2eds/bin/gnu/h-x86_64-mingw32/bin/../lib/gcc/nios2-elf/4.9.1/../../../../../H-x86_64-mingw32/nios2-elf/lib\libc.a(lib_a-wcrtomb.o)
                0x00000000080182b8                _wcrtomb_r
                0x0000000008018354                wcrtomb
 .text          0x000000000801842c       0x8c c:/altera/15.0/nios2eds/bin/gnu/h-x86_64-mingw32/bin/../lib/gcc/nios2-elf/4.9.1/../../../../../H-x86_64-mingw32/nios2-elf/lib\libc.a(lib_a-wctomb_r.o)
                0x000000000801842c                __ascii_wctomb
                0x000000000801845c                _wctomb_r
 .text          0x00000000080184b8      0x5c0 c:/altera/15.0/nios2eds/bin/gnu/h-x86_64-mingw32/bin/../lib/gcc/nios2-elf/4.9.1\libgcc.a(_udivdi3.o)
                0x00000000080184b8                __udivdi3
 .text          0x0000000008018a78      0x590 c:/altera/15.0/nios2eds/bin/gnu/h-x86_64-mingw32/bin/../lib/gcc/nios2-elf/4.9.1\libgcc.a(_umoddi3.o)
                0x0000000008018a78                __umoddi3
 .text          0x0000000008019008       0xa4 c:/altera/15.0/nios2eds/bin/gnu/h-x86_64-mingw32/bin/../lib/gcc/nios2-elf/4.9.1\libgcc.a(floatunsidf.o)
                0x0000000008019008                __floatunsidf
 .text          0x00000000080190ac      0x120 ../graphicscopy_bsp/\libhal_bsp.a(alt_close.o)
                0x00000000080190fc                close
 .text          0x00000000080191cc       0x2c ../graphicscopy_bsp/\libhal_bsp.a(alt_dev.o)
 .text          0x00000000080191f8        0x0 ../graphicscopy_bsp/\libhal_bsp.a(alt_errno.o)
 .text          0x00000000080191f8       0x34 ../graphicscopy_bsp/\libhal_bsp.a(alt_exit.o)
                0x00000000080191f8                _exit
 .text          0x000000000801922c      0x100 ../graphicscopy_bsp/\libhal_bsp.a(alt_fstat.o)
                0x000000000801927c                fstat
 .text          0x000000000801932c       0x20 ../graphicscopy_bsp/\libhal_bsp.a(alt_getpid.o)
                0x000000000801932c                getpid
 .text          0x000000000801934c      0x1e0 ../graphicscopy_bsp/\libhal_bsp.a(alt_iic.o)
                0x000000000801934c                alt_ic_isr_register
                0x000000000801939c                alt_ic_irq_enable
                0x000000000801943c                alt_ic_irq_disable
                0x00000000080194e0                alt_ic_irq_enabled
 .text          0x000000000801952c       0xf0 ../graphicscopy_bsp/\libhal_bsp.a(alt_iic_isr_register.o)
                0x000000000801952c                alt_iic_isr_register
 .text          0x000000000801961c        0x0 ../graphicscopy_bsp/\libhal_bsp.a(alt_irq_entry.o)
 .text          0x000000000801961c        0x0 ../graphicscopy_bsp/\libhal_bsp.a(alt_irq_handler.o)
 .text          0x000000000801961c        0x0 ../graphicscopy_bsp/\libhal_bsp.a(alt_irq_vars.o)
 .text          0x000000000801961c       0xf4 ../graphicscopy_bsp/\libhal_bsp.a(alt_isatty.o)
                0x000000000801966c                isatty
 .text          0x0000000008019710      0x180 ../graphicscopy_bsp/\libhal_bsp.a(alt_kill.o)
                0x0000000008019760                kill
 .text          0x0000000008019890       0xe4 ../graphicscopy_bsp/\libhal_bsp.a(alt_load.o)
                0x00000000080198f4                alt_load
 .text          0x0000000008019974      0x124 ../graphicscopy_bsp/\libhal_bsp.a(alt_lseek.o)
                0x00000000080199c4                lseek
 .text          0x0000000008019a98       0x78 ../graphicscopy_bsp/\libhal_bsp.a(alt_main.o)
                0x0000000008019a98                alt_main
 .text          0x0000000008019b10       0x40 ../graphicscopy_bsp/\libhal_bsp.a(alt_malloc_lock.o)
                0x0000000008019b10                __malloc_lock
                0x0000000008019b30                __malloc_unlock
 .text          0x0000000008019b50      0x14c ../graphicscopy_bsp/\libhal_bsp.a(alt_read.o)
                0x0000000008019ba0                read
 .text          0x0000000008019c9c       0x60 ../graphicscopy_bsp/\libhal_bsp.a(alt_release_fd.o)
                0x0000000008019c9c                alt_release_fd
 .text          0x0000000008019cfc       0xb0 ../graphicscopy_bsp/\libhal_bsp.a(alt_sbrk.o)
                0x0000000008019cfc                sbrk
 .text          0x0000000008019dac       0x30 ../graphicscopy_bsp/\libhal_bsp.a(alt_usleep.o)
                0x0000000008019dac                usleep
 .text          0x0000000008019ddc      0x148 ../graphicscopy_bsp/\libhal_bsp.a(alt_write.o)
                0x0000000008019e2c                write
 .text          0x0000000008019f24       0xdc ../graphicscopy_bsp/\libhal_bsp.a(alt_sys_init.o)
                0x0000000008019f5c                alt_irq_init
                0x0000000008019f90                alt_sys_init
 .text          0x000000000801a000      0x164 ../graphicscopy_bsp/\libhal_bsp.a(altera_avalon_jtag_uart_fd.o)
                0x000000000801a000                altera_avalon_jtag_uart_read_fd
                0x000000000801a060                altera_avalon_jtag_uart_write_fd
                0x000000000801a0c0                altera_avalon_jtag_uart_close_fd
                0x000000000801a110                altera_avalon_jtag_uart_ioctl_fd
 .text          0x000000000801a164      0x3d8 ../graphicscopy_bsp/\libhal_bsp.a(altera_avalon_jtag_uart_init.o)
                0x000000000801a164                altera_avalon_jtag_uart_init
                0x000000000801a4d4                altera_avalon_jtag_uart_close
 .text          0x000000000801a53c       0xec ../graphicscopy_bsp/\libhal_bsp.a(altera_avalon_jtag_uart_ioctl.o)
                0x000000000801a53c                altera_avalon_jtag_uart_ioctl
 .text          0x000000000801a628      0x20c ../graphicscopy_bsp/\libhal_bsp.a(altera_avalon_jtag_uart_read.o)
                0x000000000801a628                altera_avalon_jtag_uart_read
 .text          0x000000000801a834      0x218 ../graphicscopy_bsp/\libhal_bsp.a(altera_avalon_jtag_uart_write.o)
                0x000000000801a834                altera_avalon_jtag_uart_write
 .text          0x000000000801aa4c       0xfc ../graphicscopy_bsp/\libhal_bsp.a(altera_avalon_timer_sc.o)
                0x000000000801aac0                alt_avalon_timer_sc_init
 .text          0x000000000801ab48      0x4d8 ../graphicscopy_bsp/\libhal_bsp.a(altera_up_avalon_character_lcd.o)
                0x000000000801ab48                get_DDRAM_addr
                0x000000000801abbc                alt_up_character_lcd_send_cmd
                0x000000000801abf8                alt_up_character_lcd_init
                0x000000000801ac2c                alt_up_character_lcd_open_dev
                0x000000000801ac6c                alt_up_character_lcd_write
                0x000000000801ace4                alt_up_character_lcd_string
                0x000000000801ad58                alt_up_character_lcd_write_fd
                0x000000000801ada8                alt_up_character_lcd_set_cursor_pos
                0x000000000801ae1c                alt_up_character_lcd_shift_cursor
                0x000000000801aea4                alt_up_character_lcd_shift_display
                0x000000000801af2c                alt_up_character_lcd_erase_pos
                0x000000000801afb8                alt_up_character_lcd_cursor_off
                0x000000000801afec                alt_up_character_lcd_cursor_blink_on
 .text          0x000000000801b020      0x140 ../graphicscopy_bsp/\libhal_bsp.a(alt_alarm_start.o)
                0x000000000801b020                alt_alarm_start
 .text          0x000000000801b160      0x128 ../graphicscopy_bsp/\libhal_bsp.a(alt_busy_sleep.o)
                0x000000000801b160                alt_busy_sleep
 .text          0x000000000801b288       0x1c ../graphicscopy_bsp/\libhal_bsp.a(alt_dcache_flush_all.o)
                0x000000000801b288                alt_dcache_flush_all
 .text          0x000000000801b2a4       0xf4 ../graphicscopy_bsp/\libhal_bsp.a(alt_dev_llist_insert.o)
                0x000000000801b2f4                alt_dev_llist_insert
 .text          0x000000000801b398       0x5c ../graphicscopy_bsp/\libhal_bsp.a(alt_do_ctors.o)
                0x000000000801b398                _do_ctors
 .text          0x000000000801b3f4       0x5c ../graphicscopy_bsp/\libhal_bsp.a(alt_do_dtors.o)
                0x000000000801b3f4                _do_dtors
 .text          0x000000000801b450        0x0 ../graphicscopy_bsp/\libhal_bsp.a(alt_exception_entry.o)
 .text          0x000000000801b450       0x90 ../graphicscopy_bsp/\libhal_bsp.a(alt_find_dev.o)
                0x000000000801b450                alt_find_dev
 .text          0x000000000801b4e0       0x30 ../graphicscopy_bsp/\libhal_bsp.a(alt_icache_flush_all.o)
                0x000000000801b4e0                alt_icache_flush_all
 .text          0x000000000801b510      0x138 ../graphicscopy_bsp/\libhal_bsp.a(alt_io_redirect.o)
                0x000000000801b5d0                alt_io_redirect
 .text          0x000000000801b648      0x274 ../graphicscopy_bsp/\libhal_bsp.a(alt_open.o)
                0x000000000801b764                open
 .text          0x000000000801b8bc      0x19c ../graphicscopy_bsp/\libhal_bsp.a(alt_tick.o)
                0x000000000801b8bc                alt_alarm_stop
                0x000000000801b954                alt_tick
 .text          0x000000000801ba58       0x20 ../graphicscopy_bsp/\libhal_bsp.a(altera_nios2_qsys_irq.o)
                0x000000000801ba58                altera_nios2_qsys_irq_init
 .text          0x000000000801ba78      0x114 ../graphicscopy_bsp/\libhal_bsp.a(alt_find_file.o)
                0x000000000801ba78                alt_find_file
 .text          0x000000000801bb8c       0xb4 ../graphicscopy_bsp/\libhal_bsp.a(alt_get_fd.o)
                0x000000000801bb8c                alt_get_fd
 .text          0x000000000801bc40       0x8c ../graphicscopy_bsp/\libhal_bsp.a(alt_icache_flush.o)
                0x000000000801bc40                alt_icache_flush
 .text          0x000000000801bccc       0x14 c:/altera/15.0/nios2eds/bin/gnu/h-x86_64-mingw32/bin/../lib/gcc/nios2-elf/4.9.1/../../../../../H-x86_64-mingw32/nios2-elf/lib\libc.a(lib_a-atexit.o)
                0x000000000801bccc                atexit
 .text          0x000000000801bce0       0x38 c:/altera/15.0/nios2eds/bin/gnu/h-x86_64-mingw32/bin/../lib/gcc/nios2-elf/4.9.1/../../../../../H-x86_64-mingw32/nios2-elf/lib\libc.a(lib_a-exit.o)
                0x000000000801bce0                exit
 .text          0x000000000801bd18       0x7c c:/altera/15.0/nios2eds/bin/gnu/h-x86_64-mingw32/bin/../lib/gcc/nios2-elf/4.9.1/../../../../../H-x86_64-mingw32/nios2-elf/lib\libc.a(lib_a-memcmp.o)
                0x000000000801bd18                memcmp
 .text          0x000000000801bd94      0x114 c:/altera/15.0/nios2eds/bin/gnu/h-x86_64-mingw32/bin/../lib/gcc/nios2-elf/4.9.1/../../../../../H-x86_64-mingw32/nios2-elf/lib\libc.a(lib_a-__atexit.o)
                0x000000000801bd94                __register_exitproc
 .text          0x000000000801bea8      0x194 c:/altera/15.0/nios2eds/bin/gnu/h-x86_64-mingw32/bin/../lib/gcc/nios2-elf/4.9.1/../../../../../H-x86_64-mingw32/nios2-elf/lib\libc.a(lib_a-__call_atexit.o)
                0x000000000801bea8                __call_exitprocs
 *(.gnu.warning.*)
 *(.fini)
                0x000000000801c03c                PROVIDE (__etext, ABSOLUTE (.))
                0x000000000801c03c                PROVIDE (_etext, ABSOLUTE (.))
                0x000000000801c03c                PROVIDE (etext, ABSOLUTE (.))
 *(.eh_frame_hdr)
                0x000000000801c03c                . = ALIGN (0x4)
                0x000000000801c03c                PROVIDE (__preinit_array_start, ABSOLUTE (.))
 *(.preinit_array)
                0x000000000801c03c                PROVIDE (__preinit_array_end, ABSOLUTE (.))
                0x000000000801c03c                PROVIDE (__init_array_start, ABSOLUTE (.))
 *(.init_array)
                0x000000000801c03c                PROVIDE (__init_array_end, ABSOLUTE (.))
                0x000000000801c03c                PROVIDE (__fini_array_start, ABSOLUTE (.))
 *(.fini_array)
                0x000000000801c03c                PROVIDE (__fini_array_end, ABSOLUTE (.))
 *(.eh_frame)
 *(.gcc_except_table .gcc_except_table.*)
 *(.dynamic)
                0x000000000801c03c                PROVIDE (__CTOR_LIST__, ABSOLUTE (.))
 *(.ctors)
 *(SORT(.ctors.*))
                0x000000000801c03c                PROVIDE (__CTOR_END__, ABSOLUTE (.))
                0x000000000801c03c                PROVIDE (__DTOR_LIST__, ABSOLUTE (.))
 *(.dtors)
 *(SORT(.dtors.*))
                0x000000000801c03c                PROVIDE (__DTOR_END__, ABSOLUTE (.))
 *(.jcr)
                0x000000000801c03c                . = ALIGN (0x4)

.rodata         0x000000000801c03c     0xb448
                0x000000000801c03c                PROVIDE (__ram_rodata_start, ABSOLUTE (.))
                0x000000000801c03c                . = ALIGN (0x4)
 *(.rodata .rodata.* .gnu.linkonce.r.*)
 .rodata        0x000000000801c03c       0x58 obj/default/Bounds.o
 .rodata        0x000000000801c094        0x8 obj/default/Button.o
 .rodata        0x000000000801c09c      0x400 obj/default/ColourPallette.o
                0x000000000801c09c                ColourPalletteData
 .rodata        0x000000000801c49c        0xc obj/default/DE1_SOC_touchscreen.o
 .rodata        0x000000000801c4a8      0x134 obj/default/DrawOperations.o
 .rodata        0x000000000801c5dc       0x14 obj/default/Event.o
 .rodata        0x000000000801c5f0     0xa524 obj/default/Fonts.o
                0x000000000801c5f0                Font5x7
                0x000000000801c88a                Font10x14
                0x000000000801d2ee                Font16x27
                0x000000000801e6f8                Font22x40
                0x0000000008021380                Font38x59
 .rodata        0x0000000008026b14       0x40 obj/default/Gps.o
 .rodata        0x0000000008026b54       0x4c obj/default/Histogram.o
 .rodata        0x0000000008026ba0        0xc obj/default/ListView.o
 .rodata        0x0000000008026bac       0x70 obj/default/MainEntry.o
 .rodata        0x0000000008026c1c      0x18c obj/default/Object.o
 .rodata        0x0000000008026da8       0x10 obj/default/PlayPauseButton.o
 .rodata        0x0000000008026db8       0x50 obj/default/ProgressBar.o
 .rodata        0x0000000008026e08        0xc obj/default/ScreenView.o
 .rodata        0x0000000008026e14        0x8 obj/default/Shapes.o
 .rodata        0x0000000008026e1c      0x17c obj/default/TestLib.o
 .rodata        0x0000000008026f98        0xc obj/default/TextView.o
 .rodata        0x0000000008026fa4       0x10 obj/default/TouchInterrupt.o
 .rodata        0x0000000008026fb4       0x14 obj/default/View.o
 .rodata        0x0000000008026fc8       0xe4 obj/default/Volume.o
 .rodata        0x00000000080270ac       0x40 obj/default/Wifi.o
 .rodata        0x00000000080270ec      0x100 c:/altera/15.0/nios2eds/bin/gnu/h-x86_64-mingw32/bin/../lib/gcc/nios2-elf/4.9.1\libgcc.a(_clz.o)
                0x00000000080270ec                __clz_tab
 .rodata.str1.4
                0x00000000080271ec       0x3f c:/altera/15.0/nios2eds/bin/gnu/h-x86_64-mingw32/bin/../lib/gcc/nios2-elf/4.9.1/../../../../../H-x86_64-mingw32/nios2-elf/lib\libc.a(lib_a-assert.o)
                                         0x44 (size before relaxing)
 *fill*         0x000000000802722b        0x1 
 .rodata.str1.4
                0x000000000802722c        0x2 c:/altera/15.0/nios2eds/bin/gnu/h-x86_64-mingw32/bin/../lib/gcc/nios2-elf/4.9.1/../../../../../H-x86_64-mingw32/nios2-elf/lib\libc.a(lib_a-impure.o)
                                          0x4 (size before relaxing)
 *fill*         0x000000000802722e        0x2 
 .rodata.str1.4
                0x0000000008027230        0x2 c:/altera/15.0/nios2eds/bin/gnu/h-x86_64-mingw32/bin/../lib/gcc/nios2-elf/4.9.1/../../../../../H-x86_64-mingw32/nios2-elf/lib\libc.a(lib_a-puts.o)
                                          0x4 (size before relaxing)
 *fill*         0x0000000008027232        0x2 
 .rodata.str1.4
                0x0000000008027234       0x42 c:/altera/15.0/nios2eds/bin/gnu/h-x86_64-mingw32/bin/../lib/gcc/nios2-elf/4.9.1/../../../../../H-x86_64-mingw32/nios2-elf/lib\libc.a(lib_a-svfprintf.o)
                                         0x44 (size before relaxing)
 .rodata        0x0000000008027276       0x20 c:/altera/15.0/nios2eds/bin/gnu/h-x86_64-mingw32/bin/../lib/gcc/nios2-elf/4.9.1/../../../../../H-x86_64-mingw32/nios2-elf/lib\libc.a(lib_a-svfprintf.o)
 .rodata.str1.4
                0x0000000000000000       0x44 c:/altera/15.0/nios2eds/bin/gnu/h-x86_64-mingw32/bin/../lib/gcc/nios2-elf/4.9.1/../../../../../H-x86_64-mingw32/nios2-elf/lib\libc.a(lib_a-vfprintf.o)
 .rodata        0x0000000008027296       0x20 c:/altera/15.0/nios2eds/bin/gnu/h-x86_64-mingw32/bin/../lib/gcc/nios2-elf/4.9.1/../../../../../H-x86_64-mingw32/nios2-elf/lib\libc.a(lib_a-vfprintf.o)
 *fill*         0x00000000080272b6        0x2 
 .rodata.str1.4
                0x00000000080272b8       0x10 c:/altera/15.0/nios2eds/bin/gnu/h-x86_64-mingw32/bin/../lib/gcc/nios2-elf/4.9.1/../../../../../H-x86_64-mingw32/nios2-elf/lib\libc.a(lib_a-dtoa.o)
                                         0x14 (size before relaxing)
 .rodata.str1.4
                0x00000000080272c8        0xc c:/altera/15.0/nios2eds/bin/gnu/h-x86_64-mingw32/bin/../lib/gcc/nios2-elf/4.9.1/../../../../../H-x86_64-mingw32/nios2-elf/lib\libc.a(lib_a-locale.o)
                                         0x14 (size before relaxing)
 .rodata        0x00000000080272d4      0x124 c:/altera/15.0/nios2eds/bin/gnu/h-x86_64-mingw32/bin/../lib/gcc/nios2-elf/4.9.1/../../../../../H-x86_64-mingw32/nios2-elf/lib\libc.a(lib_a-mprec.o)
                0x00000000080272e0                __mprec_tinytens
                0x0000000008027308                __mprec_bigtens
                0x0000000008027330                __mprec_tens
 .rodata.str1.4
                0x0000000000000000       0x30 c:/altera/15.0/nios2eds/bin/gnu/h-x86_64-mingw32/bin/../lib/gcc/nios2-elf/4.9.1/../../../../../H-x86_64-mingw32/nios2-elf/lib\libc.a(lib_a-svfiprintf.o)
 .rodata        0x00000000080273f8       0x20 c:/altera/15.0/nios2eds/bin/gnu/h-x86_64-mingw32/bin/../lib/gcc/nios2-elf/4.9.1/../../../../../H-x86_64-mingw32/nios2-elf/lib\libc.a(lib_a-svfiprintf.o)
 .rodata.str1.4
                0x0000000000000000       0x30 c:/altera/15.0/nios2eds/bin/gnu/h-x86_64-mingw32/bin/../lib/gcc/nios2-elf/4.9.1/../../../../../H-x86_64-mingw32/nios2-elf/lib\libc.a(lib_a-vfiprintf.o)
 .rodata        0x0000000008027418       0x20 c:/altera/15.0/nios2eds/bin/gnu/h-x86_64-mingw32/bin/../lib/gcc/nios2-elf/4.9.1/../../../../../H-x86_64-mingw32/nios2-elf/lib\libc.a(lib_a-vfiprintf.o)
 .rodata        0x0000000008027438        0xc ../graphicscopy_bsp/\libhal_bsp.a(alt_dev.o)
 .rodata        0x0000000008027444       0x14 ../graphicscopy_bsp/\libhal_bsp.a(alt_main.o)
 .rodata        0x0000000008027458       0x2c ../graphicscopy_bsp/\libhal_bsp.a(alt_sys_init.o)
 *(.rodata1)
                0x0000000008027484                . = ALIGN (0x4)
                0x0000000008027484                PROVIDE (__ram_rodata_end, ABSOLUTE (.))
                0x000000000801c03c                PROVIDE (__flash_rodata_start, LOADADDR (.rodata))

.rwdata         0x0000000008027484     0x1b68 load address 0x0000000008028fec
                0x0000000008027484                PROVIDE (__ram_rwdata_start, ABSOLUTE (.))
                0x0000000008027484                . = ALIGN (0x4)
 *(.got.plt)
 *(.got)
 *(.data1)
 *(.data .data.* .gnu.linkonce.d.*)
 .data          0x0000000008027484        0x0 ../graphicscopy_bsp//obj/HAL/src/crt0.o
 .data          0x0000000008027484        0x0 obj/default/Bounds.o
 .data          0x0000000008027484        0x0 obj/default/Button.o
 .data          0x0000000008027484        0x0 obj/default/ColourPallette.o
 .data          0x0000000008027484        0x0 obj/default/DE1_SOC_graphics.o
 .data          0x0000000008027484        0x0 obj/default/DE1_SOC_touchscreen.o
 .data          0x0000000008027484        0x0 obj/default/DrawOperations.o
 .data          0x0000000008027484        0x0 obj/default/Equalizer.o
 .data          0x0000000008027484        0x0 obj/default/Event.o
 .data          0x0000000008027484        0x0 obj/default/EventHandler.o
 .data          0x0000000008027484        0x0 obj/default/Fonts.o
 .data          0x0000000008027484        0x0 obj/default/Gps.o
 .data          0x0000000008027484        0x0 obj/default/Histogram.o
 .data          0x0000000008027484        0x0 obj/default/ListView.o
 .data          0x0000000008027484        0x0 obj/default/MainEntry.o
 .data          0x0000000008027484        0x0 obj/default/Object.o
 .data          0x0000000008027484        0x0 obj/default/OutGraphicsCharFont.o
 .data          0x0000000008027484        0x0 obj/default/PlayPauseButton.o
 .data          0x0000000008027484        0x0 obj/default/ProgressBar.o
 .data          0x0000000008027484        0x0 obj/default/Renderer.o
 .data          0x0000000008027484        0x0 obj/default/ScreenView.o
 .data          0x0000000008027484        0x0 obj/default/Shapes.o
 .data          0x0000000008027484        0x0 obj/default/TestLib.o
 .data          0x0000000008027484        0x0 obj/default/TextView.o
 .data          0x0000000008027484        0x0 obj/default/TouchEventHandler.o
 .data          0x0000000008027484        0x0 obj/default/TouchInterrupt.o
 .data          0x0000000008027484        0x0 obj/default/View.o
 .data          0x0000000008027484        0x0 obj/default/Volume.o
 .data          0x0000000008027484        0x0 obj/default/Wifi.o
 .data          0x0000000008027484        0x0 c:/altera/15.0/nios2eds/bin/gnu/h-x86_64-mingw32/bin/../lib/gcc/nios2-elf/4.9.1\libgcc.a(fixsfsi.o)
 .data          0x0000000008027484        0x0 c:/altera/15.0/nios2eds/bin/gnu/h-x86_64-mingw32/bin/../lib/gcc/nios2-elf/4.9.1\libgcc.a(floatsisf.o)
 .data          0x0000000008027484        0x0 c:/altera/15.0/nios2eds/bin/gnu/h-x86_64-mingw32/bin/../lib/gcc/nios2-elf/4.9.1\libgcc.a(adddf3.o)
 .data          0x0000000008027484        0x0 c:/altera/15.0/nios2eds/bin/gnu/h-x86_64-mingw32/bin/../lib/gcc/nios2-elf/4.9.1\libgcc.a(divdf3.o)
 .data          0x0000000008027484        0x0 c:/altera/15.0/nios2eds/bin/gnu/h-x86_64-mingw32/bin/../lib/gcc/nios2-elf/4.9.1\libgcc.a(eqdf2.o)
 .data          0x0000000008027484        0x0 c:/altera/15.0/nios2eds/bin/gnu/h-x86_64-mingw32/bin/../lib/gcc/nios2-elf/4.9.1\libgcc.a(gedf2.o)
 .data          0x0000000008027484        0x0 c:/altera/15.0/nios2eds/bin/gnu/h-x86_64-mingw32/bin/../lib/gcc/nios2-elf/4.9.1\libgcc.a(ledf2.o)
 .data          0x0000000008027484        0x0 c:/altera/15.0/nios2eds/bin/gnu/h-x86_64-mingw32/bin/../lib/gcc/nios2-elf/4.9.1\libgcc.a(muldf3.o)
 .data          0x0000000008027484        0x0 c:/altera/15.0/nios2eds/bin/gnu/h-x86_64-mingw32/bin/../lib/gcc/nios2-elf/4.9.1\libgcc.a(subdf3.o)
 .data          0x0000000008027484        0x0 c:/altera/15.0/nios2eds/bin/gnu/h-x86_64-mingw32/bin/../lib/gcc/nios2-elf/4.9.1\libgcc.a(fixdfsi.o)
 .data          0x0000000008027484        0x0 c:/altera/15.0/nios2eds/bin/gnu/h-x86_64-mingw32/bin/../lib/gcc/nios2-elf/4.9.1\libgcc.a(floatsidf.o)
 .data          0x0000000008027484        0x0 c:/altera/15.0/nios2eds/bin/gnu/h-x86_64-mingw32/bin/../lib/gcc/nios2-elf/4.9.1\libgcc.a(extendsfdf2.o)
 .data          0x0000000008027484        0x0 c:/altera/15.0/nios2eds/bin/gnu/h-x86_64-mingw32/bin/../lib/gcc/nios2-elf/4.9.1\libgcc.a(truncdfsf2.o)
 .data          0x0000000008027484        0x0 c:/altera/15.0/nios2eds/bin/gnu/h-x86_64-mingw32/bin/../lib/gcc/nios2-elf/4.9.1\libgcc.a(_clzsi2.o)
 .data          0x0000000008027484        0x0 c:/altera/15.0/nios2eds/bin/gnu/h-x86_64-mingw32/bin/../lib/gcc/nios2-elf/4.9.1\libgcc.a(lib2-divmod.o)
 .data          0x0000000008027484        0x0 c:/altera/15.0/nios2eds/bin/gnu/h-x86_64-mingw32/bin/../lib/gcc/nios2-elf/4.9.1\libgcc.a(_clz.o)
 .data          0x0000000008027484        0x0 c:/altera/15.0/nios2eds/bin/gnu/h-x86_64-mingw32/bin/../lib/gcc/nios2-elf/4.9.1/../../../../../H-x86_64-mingw32/nios2-elf/lib\libc.a(lib_a-assert.o)
 .data          0x0000000008027484        0x0 c:/altera/15.0/nios2eds/bin/gnu/h-x86_64-mingw32/bin/../lib/gcc/nios2-elf/4.9.1/../../../../../H-x86_64-mingw32/nios2-elf/lib\libc.a(lib_a-calloc.o)
 .data          0x0000000008027484        0x0 c:/altera/15.0/nios2eds/bin/gnu/h-x86_64-mingw32/bin/../lib/gcc/nios2-elf/4.9.1/../../../../../H-x86_64-mingw32/nios2-elf/lib\libc.a(lib_a-callocr.o)
 .data          0x0000000008027484        0x0 c:/altera/15.0/nios2eds/bin/gnu/h-x86_64-mingw32/bin/../lib/gcc/nios2-elf/4.9.1/../../../../../H-x86_64-mingw32/nios2-elf/lib\libc.a(lib_a-fiprintf.o)
 .data          0x0000000008027484        0x0 c:/altera/15.0/nios2eds/bin/gnu/h-x86_64-mingw32/bin/../lib/gcc/nios2-elf/4.9.1/../../../../../H-x86_64-mingw32/nios2-elf/lib\libc.a(lib_a-fprintf.o)
 .data          0x0000000008027484      0x424 c:/altera/15.0/nios2eds/bin/gnu/h-x86_64-mingw32/bin/../lib/gcc/nios2-elf/4.9.1/../../../../../H-x86_64-mingw32/nios2-elf/lib\libc.a(lib_a-impure.o)
 .data          0x00000000080278a8        0x0 c:/altera/15.0/nios2eds/bin/gnu/h-x86_64-mingw32/bin/../lib/gcc/nios2-elf/4.9.1/../../../../../H-x86_64-mingw32/nios2-elf/lib\libc.a(lib_a-malloc.o)
 .data          0x00000000080278a8      0x408 c:/altera/15.0/nios2eds/bin/gnu/h-x86_64-mingw32/bin/../lib/gcc/nios2-elf/4.9.1/../../../../../H-x86_64-mingw32/nios2-elf/lib\libc.a(lib_a-mallocr.o)
                0x00000000080278a8                __malloc_av_
 .data          0x0000000008027cb0        0x0 c:/altera/15.0/nios2eds/bin/gnu/h-x86_64-mingw32/bin/../lib/gcc/nios2-elf/4.9.1/../../../../../H-x86_64-mingw32/nios2-elf/lib\libc.a(lib_a-memcpy.o)
 .data          0x0000000008027cb0        0x0 c:/altera/15.0/nios2eds/bin/gnu/h-x86_64-mingw32/bin/../lib/gcc/nios2-elf/4.9.1/../../../../../H-x86_64-mingw32/nios2-elf/lib\libc.a(lib_a-memset.o)
 .data          0x0000000008027cb0        0x0 c:/altera/15.0/nios2eds/bin/gnu/h-x86_64-mingw32/bin/../lib/gcc/nios2-elf/4.9.1/../../../../../H-x86_64-mingw32/nios2-elf/lib\libc.a(lib_a-printf.o)
 .data          0x0000000008027cb0        0x0 c:/altera/15.0/nios2eds/bin/gnu/h-x86_64-mingw32/bin/../lib/gcc/nios2-elf/4.9.1/../../../../../H-x86_64-mingw32/nios2-elf/lib\libc.a(lib_a-putchar.o)
 .data          0x0000000008027cb0        0x0 c:/altera/15.0/nios2eds/bin/gnu/h-x86_64-mingw32/bin/../lib/gcc/nios2-elf/4.9.1/../../../../../H-x86_64-mingw32/nios2-elf/lib\libc.a(lib_a-puts.o)
 .data          0x0000000008027cb0        0x0 c:/altera/15.0/nios2eds/bin/gnu/h-x86_64-mingw32/bin/../lib/gcc/nios2-elf/4.9.1/../../../../../H-x86_64-mingw32/nios2-elf/lib\libc.a(lib_a-sbrkr.o)
 .data          0x0000000008027cb0        0x0 c:/altera/15.0/nios2eds/bin/gnu/h-x86_64-mingw32/bin/../lib/gcc/nios2-elf/4.9.1/../../../../../H-x86_64-mingw32/nios2-elf/lib\libc.a(lib_a-sprintf.o)
 .data          0x0000000008027cb0        0x0 c:/altera/15.0/nios2eds/bin/gnu/h-x86_64-mingw32/bin/../lib/gcc/nios2-elf/4.9.1/../../../../../H-x86_64-mingw32/nios2-elf/lib\libc.a(lib_a-strcmp.o)
 .data          0x0000000008027cb0        0x0 c:/altera/15.0/nios2eds/bin/gnu/h-x86_64-mingw32/bin/../lib/gcc/nios2-elf/4.9.1/../../../../../H-x86_64-mingw32/nios2-elf/lib\libc.a(lib_a-strlen.o)
 .data          0x0000000008027cb0        0x0 c:/altera/15.0/nios2eds/bin/gnu/h-x86_64-mingw32/bin/../lib/gcc/nios2-elf/4.9.1/../../../../../H-x86_64-mingw32/nios2-elf/lib\libc.a(lib_a-svfprintf.o)
 .data          0x0000000008027cb0        0x0 c:/altera/15.0/nios2eds/bin/gnu/h-x86_64-mingw32/bin/../lib/gcc/nios2-elf/4.9.1/../../../../../H-x86_64-mingw32/nios2-elf/lib\libc.a(lib_a-vfiprintfr_1.o)
 .data          0x0000000008027cb0        0x0 c:/altera/15.0/nios2eds/bin/gnu/h-x86_64-mingw32/bin/../lib/gcc/nios2-elf/4.9.1/../../../../../H-x86_64-mingw32/nios2-elf/lib\libc.a(lib_a-vfprintf.o)
 .data          0x0000000008027cb0        0x0 c:/altera/15.0/nios2eds/bin/gnu/h-x86_64-mingw32/bin/../lib/gcc/nios2-elf/4.9.1/../../../../../H-x86_64-mingw32/nios2-elf/lib\libc.a(lib_a-wsetup.o)
 .data          0x0000000008027cb0        0x0 c:/altera/15.0/nios2eds/bin/gnu/h-x86_64-mingw32/bin/../lib/gcc/nios2-elf/4.9.1/../../../../../H-x86_64-mingw32/nios2-elf/lib\libc.a(lib_a-abort.o)
 .data          0x0000000008027cb0        0x0 c:/altera/15.0/nios2eds/bin/gnu/h-x86_64-mingw32/bin/../lib/gcc/nios2-elf/4.9.1/../../../../../H-x86_64-mingw32/nios2-elf/lib\libc.a(lib_a-dtoa.o)
 .data          0x0000000008027cb0        0x0 c:/altera/15.0/nios2eds/bin/gnu/h-x86_64-mingw32/bin/../lib/gcc/nios2-elf/4.9.1/../../../../../H-x86_64-mingw32/nios2-elf/lib\libc.a(lib_a-fflush.o)
 .data          0x0000000008027cb0        0x0 c:/altera/15.0/nios2eds/bin/gnu/h-x86_64-mingw32/bin/../lib/gcc/nios2-elf/4.9.1/../../../../../H-x86_64-mingw32/nios2-elf/lib\libc.a(lib_a-findfp.o)
 .data          0x0000000008027cb0        0x0 c:/altera/15.0/nios2eds/bin/gnu/h-x86_64-mingw32/bin/../lib/gcc/nios2-elf/4.9.1/../../../../../H-x86_64-mingw32/nios2-elf/lib\libc.a(lib_a-freer.o)
 .data          0x0000000008027cb0        0x0 c:/altera/15.0/nios2eds/bin/gnu/h-x86_64-mingw32/bin/../lib/gcc/nios2-elf/4.9.1/../../../../../H-x86_64-mingw32/nios2-elf/lib\libc.a(lib_a-fvwrite.o)
 .data          0x0000000008027cb0        0x0 c:/altera/15.0/nios2eds/bin/gnu/h-x86_64-mingw32/bin/../lib/gcc/nios2-elf/4.9.1/../../../../../H-x86_64-mingw32/nios2-elf/lib\libc.a(lib_a-fwalk.o)
 .data          0x0000000008027cb0        0x0 c:/altera/15.0/nios2eds/bin/gnu/h-x86_64-mingw32/bin/../lib/gcc/nios2-elf/4.9.1/../../../../../H-x86_64-mingw32/nios2-elf/lib\libc.a(lib_a-int_errno.o)
 .data          0x0000000008027cb0       0x78 c:/altera/15.0/nios2eds/bin/gnu/h-x86_64-mingw32/bin/../lib/gcc/nios2-elf/4.9.1/../../../../../H-x86_64-mingw32/nios2-elf/lib\libc.a(lib_a-locale.o)
 .data          0x0000000008027d28        0x0 c:/altera/15.0/nios2eds/bin/gnu/h-x86_64-mingw32/bin/../lib/gcc/nios2-elf/4.9.1/../../../../../H-x86_64-mingw32/nios2-elf/lib\libc.a(lib_a-makebuf.o)
 .data          0x0000000008027d28        0x0 c:/altera/15.0/nios2eds/bin/gnu/h-x86_64-mingw32/bin/../lib/gcc/nios2-elf/4.9.1/../../../../../H-x86_64-mingw32/nios2-elf/lib\libc.a(lib_a-memchr.o)
 .data          0x0000000008027d28        0x0 c:/altera/15.0/nios2eds/bin/gnu/h-x86_64-mingw32/bin/../lib/gcc/nios2-elf/4.9.1/../../../../../H-x86_64-mingw32/nios2-elf/lib\libc.a(lib_a-memmove.o)
 .data          0x0000000008027d28        0x0 c:/altera/15.0/nios2eds/bin/gnu/h-x86_64-mingw32/bin/../lib/gcc/nios2-elf/4.9.1/../../../../../H-x86_64-mingw32/nios2-elf/lib\libc.a(lib_a-mprec.o)
 .data          0x0000000008027d28        0x0 c:/altera/15.0/nios2eds/bin/gnu/h-x86_64-mingw32/bin/../lib/gcc/nios2-elf/4.9.1/../../../../../H-x86_64-mingw32/nios2-elf/lib\libc.a(lib_a-putc.o)
 .data          0x0000000008027d28        0x0 c:/altera/15.0/nios2eds/bin/gnu/h-x86_64-mingw32/bin/../lib/gcc/nios2-elf/4.9.1/../../../../../H-x86_64-mingw32/nios2-elf/lib\libc.a(lib_a-reallocr.o)
 .data          0x0000000008027d28        0x0 c:/altera/15.0/nios2eds/bin/gnu/h-x86_64-mingw32/bin/../lib/gcc/nios2-elf/4.9.1/../../../../../H-x86_64-mingw32/nios2-elf/lib\libc.a(lib_a-s_fpclassify.o)
 .data          0x0000000008027d28        0x0 c:/altera/15.0/nios2eds/bin/gnu/h-x86_64-mingw32/bin/../lib/gcc/nios2-elf/4.9.1/../../../../../H-x86_64-mingw32/nios2-elf/lib\libc.a(lib_a-signal.o)
 .data          0x0000000008027d28        0x0 c:/altera/15.0/nios2eds/bin/gnu/h-x86_64-mingw32/bin/../lib/gcc/nios2-elf/4.9.1/../../../../../H-x86_64-mingw32/nios2-elf/lib\libc.a(lib_a-signalr.o)
 .data          0x0000000008027d28        0x0 c:/altera/15.0/nios2eds/bin/gnu/h-x86_64-mingw32/bin/../lib/gcc/nios2-elf/4.9.1/../../../../../H-x86_64-mingw32/nios2-elf/lib\libc.a(lib_a-stdio.o)
 .data          0x0000000008027d28        0x0 c:/altera/15.0/nios2eds/bin/gnu/h-x86_64-mingw32/bin/../lib/gcc/nios2-elf/4.9.1/../../../../../H-x86_64-mingw32/nios2-elf/lib\libc.a(lib_a-svfiprintf.o)
 .data          0x0000000008027d28        0x0 c:/altera/15.0/nios2eds/bin/gnu/h-x86_64-mingw32/bin/../lib/gcc/nios2-elf/4.9.1/../../../../../H-x86_64-mingw32/nios2-elf/lib\libc.a(lib_a-vfiprintf.o)
 .data          0x0000000008027d28        0x0 c:/altera/15.0/nios2eds/bin/gnu/h-x86_64-mingw32/bin/../lib/gcc/nios2-elf/4.9.1/../../../../../H-x86_64-mingw32/nios2-elf/lib\libc.a(lib_a-wbuf.o)
 .data          0x0000000008027d28        0x0 c:/altera/15.0/nios2eds/bin/gnu/h-x86_64-mingw32/bin/../lib/gcc/nios2-elf/4.9.1/../../../../../H-x86_64-mingw32/nios2-elf/lib\libc.a(lib_a-writer.o)
 .data          0x0000000008027d28        0x0 c:/altera/15.0/nios2eds/bin/gnu/h-x86_64-mingw32/bin/../lib/gcc/nios2-elf/4.9.1/../../../../../H-x86_64-mingw32/nios2-elf/lib\libc.a(closer.o)
 .data          0x0000000008027d28        0x0 c:/altera/15.0/nios2eds/bin/gnu/h-x86_64-mingw32/bin/../lib/gcc/nios2-elf/4.9.1/../../../../../H-x86_64-mingw32/nios2-elf/lib\libc.a(lib_a-fclose.o)
 .data          0x0000000008027d28        0x0 c:/altera/15.0/nios2eds/bin/gnu/h-x86_64-mingw32/bin/../lib/gcc/nios2-elf/4.9.1/../../../../../H-x86_64-mingw32/nios2-elf/lib\libc.a(lib_a-fputwc.o)
 .data          0x0000000008027d28        0x0 c:/altera/15.0/nios2eds/bin/gnu/h-x86_64-mingw32/bin/../lib/gcc/nios2-elf/4.9.1/../../../../../H-x86_64-mingw32/nios2-elf/lib\libc.a(lib_a-fstatr.o)
 .data          0x0000000008027d28        0x0 c:/altera/15.0/nios2eds/bin/gnu/h-x86_64-mingw32/bin/../lib/gcc/nios2-elf/4.9.1/../../../../../H-x86_64-mingw32/nios2-elf/lib\libc.a(lib_a-isattyr.o)
 .data          0x0000000008027d28        0x0 c:/altera/15.0/nios2eds/bin/gnu/h-x86_64-mingw32/bin/../lib/gcc/nios2-elf/4.9.1/../../../../../H-x86_64-mingw32/nios2-elf/lib\libc.a(lib_a-lseekr.o)
 .data          0x0000000008027d28        0x0 c:/altera/15.0/nios2eds/bin/gnu/h-x86_64-mingw32/bin/../lib/gcc/nios2-elf/4.9.1/../../../../../H-x86_64-mingw32/nios2-elf/lib\libc.a(lib_a-readr.o)
 .data          0x0000000008027d28        0x0 c:/altera/15.0/nios2eds/bin/gnu/h-x86_64-mingw32/bin/../lib/gcc/nios2-elf/4.9.1/../../../../../H-x86_64-mingw32/nios2-elf/lib\libc.a(lib_a-wcrtomb.o)
 .data          0x0000000008027d28        0x0 c:/altera/15.0/nios2eds/bin/gnu/h-x86_64-mingw32/bin/../lib/gcc/nios2-elf/4.9.1/../../../../../H-x86_64-mingw32/nios2-elf/lib\libc.a(lib_a-wctomb_r.o)
 .data          0x0000000008027d28        0x0 c:/altera/15.0/nios2eds/bin/gnu/h-x86_64-mingw32/bin/../lib/gcc/nios2-elf/4.9.1\libgcc.a(_udivdi3.o)
 .data          0x0000000008027d28        0x0 c:/altera/15.0/nios2eds/bin/gnu/h-x86_64-mingw32/bin/../lib/gcc/nios2-elf/4.9.1\libgcc.a(_umoddi3.o)
 .data          0x0000000008027d28        0x0 c:/altera/15.0/nios2eds/bin/gnu/h-x86_64-mingw32/bin/../lib/gcc/nios2-elf/4.9.1\libgcc.a(floatunsidf.o)
 .data          0x0000000008027d28        0x0 ../graphicscopy_bsp/\libhal_bsp.a(alt_close.o)
 .data          0x0000000008027d28      0x1a8 ../graphicscopy_bsp/\libhal_bsp.a(alt_dev.o)
                0x0000000008027d28                alt_dev_null
                0x0000000008027d50                alt_fd_list
 .data          0x0000000008027ed0        0x0 ../graphicscopy_bsp/\libhal_bsp.a(alt_errno.o)
 .data          0x0000000008027ed0        0x0 ../graphicscopy_bsp/\libhal_bsp.a(alt_exit.o)
 .data          0x0000000008027ed0        0x0 ../graphicscopy_bsp/\libhal_bsp.a(alt_fstat.o)
 .data          0x0000000008027ed0        0x0 ../graphicscopy_bsp/\libhal_bsp.a(alt_getpid.o)
 .data          0x0000000008027ed0        0x0 ../graphicscopy_bsp/\libhal_bsp.a(alt_iic.o)
 .data          0x0000000008027ed0        0x0 ../graphicscopy_bsp/\libhal_bsp.a(alt_iic_isr_register.o)
 .data          0x0000000008027ed0        0x0 ../graphicscopy_bsp/\libhal_bsp.a(alt_irq_entry.o)
 .data          0x0000000008027ed0        0x0 ../graphicscopy_bsp/\libhal_bsp.a(alt_irq_handler.o)
 .data          0x0000000008027ed0        0x0 ../graphicscopy_bsp/\libhal_bsp.a(alt_irq_vars.o)
 .data          0x0000000008027ed0        0x0 ../graphicscopy_bsp/\libhal_bsp.a(alt_isatty.o)
 .data          0x0000000008027ed0        0x0 ../graphicscopy_bsp/\libhal_bsp.a(alt_kill.o)
 .data          0x0000000008027ed0        0x0 ../graphicscopy_bsp/\libhal_bsp.a(alt_load.o)
 .data          0x0000000008027ed0        0x0 ../graphicscopy_bsp/\libhal_bsp.a(alt_lseek.o)
 .data          0x0000000008027ed0        0x0 ../graphicscopy_bsp/\libhal_bsp.a(alt_main.o)
 .data          0x0000000008027ed0        0x0 ../graphicscopy_bsp/\libhal_bsp.a(alt_malloc_lock.o)
 .data          0x0000000008027ed0        0x0 ../graphicscopy_bsp/\libhal_bsp.a(alt_read.o)
 .data          0x0000000008027ed0        0x0 ../graphicscopy_bsp/\libhal_bsp.a(alt_release_fd.o)
 .data          0x0000000008027ed0        0x0 ../graphicscopy_bsp/\libhal_bsp.a(alt_sbrk.o)
 .data          0x0000000008027ed0        0x0 ../graphicscopy_bsp/\libhal_bsp.a(alt_usleep.o)
 .data          0x0000000008027ed0        0x0 ../graphicscopy_bsp/\libhal_bsp.a(alt_write.o)
 .data          0x0000000008027ed0     0x108c ../graphicscopy_bsp/\libhal_bsp.a(alt_sys_init.o)
 .data          0x0000000008028f5c        0x0 ../graphicscopy_bsp/\libhal_bsp.a(altera_avalon_jtag_uart_fd.o)
 .data          0x0000000008028f5c        0x0 ../graphicscopy_bsp/\libhal_bsp.a(altera_avalon_jtag_uart_init.o)
 .data          0x0000000008028f5c        0x0 ../graphicscopy_bsp/\libhal_bsp.a(altera_avalon_jtag_uart_ioctl.o)
 .data          0x0000000008028f5c        0x0 ../graphicscopy_bsp/\libhal_bsp.a(altera_avalon_jtag_uart_read.o)
 .data          0x0000000008028f5c        0x0 ../graphicscopy_bsp/\libhal_bsp.a(altera_avalon_jtag_uart_write.o)
 .data          0x0000000008028f5c        0x0 ../graphicscopy_bsp/\libhal_bsp.a(altera_avalon_timer_sc.o)
 .data          0x0000000008028f5c        0x0 ../graphicscopy_bsp/\libhal_bsp.a(altera_up_avalon_character_lcd.o)
 .data          0x0000000008028f5c        0x0 ../graphicscopy_bsp/\libhal_bsp.a(alt_alarm_start.o)
 .data          0x0000000008028f5c        0x0 ../graphicscopy_bsp/\libhal_bsp.a(alt_busy_sleep.o)
 .data          0x0000000008028f5c        0x0 ../graphicscopy_bsp/\libhal_bsp.a(alt_dcache_flush_all.o)
 .data          0x0000000008028f5c        0x0 ../graphicscopy_bsp/\libhal_bsp.a(alt_dev_llist_insert.o)
 .data          0x0000000008028f5c        0x0 ../graphicscopy_bsp/\libhal_bsp.a(alt_do_ctors.o)
 .data          0x0000000008028f5c        0x0 ../graphicscopy_bsp/\libhal_bsp.a(alt_do_dtors.o)
 .data          0x0000000008028f5c        0x0 ../graphicscopy_bsp/\libhal_bsp.a(alt_exception_entry.o)
 .data          0x0000000008028f5c        0x0 ../graphicscopy_bsp/\libhal_bsp.a(alt_find_dev.o)
 .data          0x0000000008028f5c        0x0 ../graphicscopy_bsp/\libhal_bsp.a(alt_icache_flush_all.o)
 .data          0x0000000008028f5c        0x0 ../graphicscopy_bsp/\libhal_bsp.a(alt_io_redirect.o)
 .data          0x0000000008028f5c        0x0 ../graphicscopy_bsp/\libhal_bsp.a(alt_open.o)
 .data          0x0000000008028f5c        0x0 ../graphicscopy_bsp/\libhal_bsp.a(alt_tick.o)
 .data          0x0000000008028f5c        0x0 ../graphicscopy_bsp/\libhal_bsp.a(altera_nios2_qsys_irq.o)
 .data          0x0000000008028f5c        0x0 ../graphicscopy_bsp/\libhal_bsp.a(alt_find_file.o)
 .data          0x0000000008028f5c        0x0 ../graphicscopy_bsp/\libhal_bsp.a(alt_get_fd.o)
 .data          0x0000000008028f5c        0x0 ../graphicscopy_bsp/\libhal_bsp.a(alt_icache_flush.o)
 .data          0x0000000008028f5c        0x0 c:/altera/15.0/nios2eds/bin/gnu/h-x86_64-mingw32/bin/../lib/gcc/nios2-elf/4.9.1/../../../../../H-x86_64-mingw32/nios2-elf/lib\libc.a(lib_a-atexit.o)
 .data          0x0000000008028f5c        0x0 c:/altera/15.0/nios2eds/bin/gnu/h-x86_64-mingw32/bin/../lib/gcc/nios2-elf/4.9.1/../../../../../H-x86_64-mingw32/nios2-elf/lib\libc.a(lib_a-exit.o)
 .data          0x0000000008028f5c        0x0 c:/altera/15.0/nios2eds/bin/gnu/h-x86_64-mingw32/bin/../lib/gcc/nios2-elf/4.9.1/../../../../../H-x86_64-mingw32/nios2-elf/lib\libc.a(lib_a-memcmp.o)
 .data          0x0000000008028f5c        0x0 c:/altera/15.0/nios2eds/bin/gnu/h-x86_64-mingw32/bin/../lib/gcc/nios2-elf/4.9.1/../../../../../H-x86_64-mingw32/nios2-elf/lib\libc.a(lib_a-__atexit.o)
 .data          0x0000000008028f5c        0x0 c:/altera/15.0/nios2eds/bin/gnu/h-x86_64-mingw32/bin/../lib/gcc/nios2-elf/4.9.1/../../../../../H-x86_64-mingw32/nios2-elf/lib\libc.a(lib_a-__call_atexit.o)
                0x0000000008030f5c                _gp = ABSOLUTE ((. + 0x8000))
                0x0000000008030f5c                PROVIDE (gp, _gp)
 *(.rwdata .rwdata.*)
 *(.sdata .sdata.* .gnu.linkonce.s.*)
 .sdata         0x0000000008028f5c       0x1c obj/default/Bounds.o
                0x0000000008028f5c                INSIDE
                0x0000000008028f60                LEFT
                0x0000000008028f64                RIGHT
                0x0000000008028f68                BOTTOM
                0x0000000008028f6c                TOP
 .sdata         0x0000000008028f78       0x34 obj/default/Object.o
                0x0000000008028f78                Object
                0x0000000008028f7c                Class
 .sdata         0x0000000008028fac        0x8 c:/altera/15.0/nios2eds/bin/gnu/h-x86_64-mingw32/bin/../lib/gcc/nios2-elf/4.9.1/../../../../../H-x86_64-mingw32/nios2-elf/lib\libc.a(lib_a-impure.o)
                0x0000000008028fac                _global_impure_ptr
                0x0000000008028fb0                _impure_ptr
 .sdata         0x0000000008028fb4        0x8 c:/altera/15.0/nios2eds/bin/gnu/h-x86_64-mingw32/bin/../lib/gcc/nios2-elf/4.9.1/../../../../../H-x86_64-mingw32/nios2-elf/lib\libc.a(lib_a-mallocr.o)
                0x0000000008028fb4                __malloc_sbrk_base
                0x0000000008028fb8                __malloc_trim_threshold
 .sdata         0x0000000008028fbc        0x4 c:/altera/15.0/nios2eds/bin/gnu/h-x86_64-mingw32/bin/../lib/gcc/nios2-elf/4.9.1/../../../../../H-x86_64-mingw32/nios2-elf/lib\libc.a(lib_a-locale.o)
                0x0000000008028fbc                __mb_cur_max
 .sdata         0x0000000008028fc0        0x4 c:/altera/15.0/nios2eds/bin/gnu/h-x86_64-mingw32/bin/../lib/gcc/nios2-elf/4.9.1/../../../../../H-x86_64-mingw32/nios2-elf/lib\libc.a(lib_a-wctomb_r.o)
                0x0000000008028fc0                __wctomb
 .sdata         0x0000000008028fc4       0x14 ../graphicscopy_bsp/\libhal_bsp.a(alt_dev.o)
                0x0000000008028fc4                alt_fs_list
                0x0000000008028fcc                alt_dev_list
                0x0000000008028fd4                alt_max_fd
 .sdata         0x0000000008028fd8        0x4 ../graphicscopy_bsp/\libhal_bsp.a(alt_errno.o)
                0x0000000008028fd8                alt_errno
 .sdata         0x0000000008028fdc        0x4 ../graphicscopy_bsp/\libhal_bsp.a(alt_irq_vars.o)
                0x0000000008028fdc                alt_priority_mask
 .sdata         0x0000000008028fe0        0x4 ../graphicscopy_bsp/\libhal_bsp.a(alt_sbrk.o)
 .sdata         0x0000000008028fe4        0x8 ../graphicscopy_bsp/\libhal_bsp.a(alt_tick.o)
                0x0000000008028fe4                alt_alarm_list
 *(.sdata2 .sdata2.* .gnu.linkonce.s2.*)
                0x0000000008028fec                . = ALIGN (0x4)
                0x0000000008028fec                _edata = ABSOLUTE (.)
                0x0000000008028fec                PROVIDE (edata, ABSOLUTE (.))
                0x0000000008028fec                PROVIDE (__ram_rwdata_end, ABSOLUTE (.))
                0x0000000008028fec                PROVIDE (__flash_rwdata_start, LOADADDR (.rwdata))

.bss            0x000000000802ab54      0x224
                0x000000000802ab54                __bss_start = ABSOLUTE (.)
                0x000000000802ab54                PROVIDE (__sbss_start, ABSOLUTE (.))
                0x000000000802ab54                PROVIDE (___sbss_start, ABSOLUTE (.))
 *(.dynsbss)
 *(.sbss .sbss.* .gnu.linkonce.sb.*)
 .sbss          0x000000000802ab54        0x4 obj/default/Button.o
                0x000000000802ab54                Button
 .sbss          0x000000000802ab58        0x4 obj/default/DrawOperations.o
                0x000000000802ab58                internal_clip
 .sbss          0x000000000802ab5c        0x8 obj/default/Event.o
                0x000000000802ab5c                EventClass
                0x000000000802ab60                Event
 .sbss          0x000000000802ab64        0x4 obj/default/Histogram.o
                0x000000000802ab64                Histogram
 .sbss          0x000000000802ab68        0x4 obj/default/ListView.o
                0x000000000802ab68                ListView
 .sbss          0x000000000802ab6c       0x50 obj/default/MainEntry.o
                0x000000000802ab6c                audioScreen
                0x000000000802ab70                redButton
                0x000000000802ab74                bassText
                0x000000000802ab78                channel1Button
                0x000000000802ab7c                menuScreen
                0x000000000802ab80                trebleControl
                0x000000000802ab84                magentaButton
                0x000000000802ab88                bassControl
                0x000000000802ab8c                eqButton
                0x000000000802ab90                colorScreen
                0x000000000802ab94                rootView
                0x000000000802ab98                eqScreen
                0x000000000802ab9c                histogramView
                0x000000000802aba0                settingsButton
                0x000000000802aba4                trebleText
                0x000000000802aba8                blueButton
                0x000000000802abac                playButton
                0x000000000802abb0                channel2Button
                0x000000000802abb4                timeText
                0x000000000802abb8                colorButton
 .sbss          0x000000000802abbc        0x4 obj/default/PlayPauseButton.o
                0x000000000802abbc                PlayPauseButton
 .sbss          0x000000000802abc0        0x4 obj/default/ProgressBar.o
                0x000000000802abc0                ProgressBar
 .sbss          0x000000000802abc4        0x4 obj/default/ScreenView.o
                0x000000000802abc4                ScreenView
 .sbss          0x000000000802abc8        0x4 obj/default/Shapes.o
                0x000000000802abc8                Rect
 .sbss          0x000000000802abcc        0x4 obj/default/TextView.o
                0x000000000802abcc                TextView
 .sbss          0x000000000802abd0        0x4 obj/default/TouchEventHandler.o
                0x000000000802abd0                count
 .sbss          0x000000000802abd4        0x8 obj/default/View.o
                0x000000000802abd4                View
                0x000000000802abd8                ViewClass
 .sbss          0x000000000802abdc        0xc c:/altera/15.0/nios2eds/bin/gnu/h-x86_64-mingw32/bin/../lib/gcc/nios2-elf/4.9.1/../../../../../H-x86_64-mingw32/nios2-elf/lib\libc.a(lib_a-mallocr.o)
                0x000000000802abdc                __malloc_max_total_mem
                0x000000000802abe0                __malloc_max_sbrked_mem
                0x000000000802abe4                __malloc_top_pad
 .sbss          0x000000000802abe8        0x4 c:/altera/15.0/nios2eds/bin/gnu/h-x86_64-mingw32/bin/../lib/gcc/nios2-elf/4.9.1/../../../../../H-x86_64-mingw32/nios2-elf/lib\libc.a(lib_a-int_errno.o)
                0x000000000802abe8                errno
 .sbss          0x000000000802abec        0xc c:/altera/15.0/nios2eds/bin/gnu/h-x86_64-mingw32/bin/../lib/gcc/nios2-elf/4.9.1/../../../../../H-x86_64-mingw32/nios2-elf/lib\libc.a(lib_a-locale.o)
                0x000000000802abec                _PathLocale
                0x000000000802abf0                __mlocale_changed
                0x000000000802abf4                __nlocale_changed
 .sbss          0x000000000802abf8        0x4 ../graphicscopy_bsp/\libhal_bsp.a(alt_irq_vars.o)
                0x000000000802abf8                alt_irq_active
 .sbss          0x000000000802abfc        0xc ../graphicscopy_bsp/\libhal_bsp.a(alt_main.o)
                0x000000000802abfc                alt_argc
                0x000000000802ac00                alt_argv
                0x000000000802ac04                alt_envp
 .sbss          0x000000000802ac08        0x8 ../graphicscopy_bsp/\libhal_bsp.a(alt_tick.o)
                0x000000000802ac08                _alt_tick_rate
                0x000000000802ac0c                _alt_nticks
 *(.sbss2 .sbss2.* .gnu.linkonce.sb2.*)
 *(.scommon)
                0x000000000802ac10                PROVIDE (__sbss_end, ABSOLUTE (.))
                0x000000000802ac10                PROVIDE (___sbss_end, ABSOLUTE (.))
 *(.dynbss)
 *(.bss .bss.* .gnu.linkonce.b.*)
 .bss           0x000000000802ac10        0x0 ../graphicscopy_bsp//obj/HAL/src/crt0.o
 .bss           0x000000000802ac10        0x0 obj/default/Bounds.o
 .bss           0x000000000802ac10        0x0 obj/default/Button.o
 .bss           0x000000000802ac10        0x0 obj/default/ColourPallette.o
 .bss           0x000000000802ac10        0x0 obj/default/DE1_SOC_graphics.o
 .bss           0x000000000802ac10        0x0 obj/default/DE1_SOC_touchscreen.o
 .bss           0x000000000802ac10        0x0 obj/default/DrawOperations.o
 .bss           0x000000000802ac10        0x0 obj/default/Equalizer.o
 .bss           0x000000000802ac10        0x0 obj/default/Event.o
 .bss           0x000000000802ac10        0x0 obj/default/EventHandler.o
 .bss           0x000000000802ac10        0x0 obj/default/Fonts.o
 .bss           0x000000000802ac10        0x0 obj/default/Gps.o
 .bss           0x000000000802ac10        0x0 obj/default/Histogram.o
 .bss           0x000000000802ac10        0x0 obj/default/ListView.o
 .bss           0x000000000802ac10        0x0 obj/default/MainEntry.o
 .bss           0x000000000802ac10        0x0 obj/default/Object.o
 .bss           0x000000000802ac10        0x0 obj/default/OutGraphicsCharFont.o
 .bss           0x000000000802ac10        0x0 obj/default/PlayPauseButton.o
 .bss           0x000000000802ac10        0x0 obj/default/ProgressBar.o
 .bss           0x000000000802ac10        0x0 obj/default/Renderer.o
 .bss           0x000000000802ac10        0x0 obj/default/ScreenView.o
 .bss           0x000000000802ac10        0x0 obj/default/Shapes.o
 .bss           0x000000000802ac10        0x0 obj/default/TestLib.o
 .bss           0x000000000802ac10        0x0 obj/default/TextView.o
 .bss           0x000000000802ac10        0x0 obj/default/TouchEventHandler.o
 .bss           0x000000000802ac10        0x0 obj/default/TouchInterrupt.o
 .bss           0x000000000802ac10        0x0 obj/default/View.o
 .bss           0x000000000802ac10        0x0 obj/default/Volume.o
 .bss           0x000000000802ac10        0x0 obj/default/Wifi.o
 .bss           0x000000000802ac10        0x0 c:/altera/15.0/nios2eds/bin/gnu/h-x86_64-mingw32/bin/../lib/gcc/nios2-elf/4.9.1\libgcc.a(fixsfsi.o)
 .bss           0x000000000802ac10        0x0 c:/altera/15.0/nios2eds/bin/gnu/h-x86_64-mingw32/bin/../lib/gcc/nios2-elf/4.9.1\libgcc.a(floatsisf.o)
 .bss           0x000000000802ac10        0x0 c:/altera/15.0/nios2eds/bin/gnu/h-x86_64-mingw32/bin/../lib/gcc/nios2-elf/4.9.1\libgcc.a(adddf3.o)
 .bss           0x000000000802ac10        0x0 c:/altera/15.0/nios2eds/bin/gnu/h-x86_64-mingw32/bin/../lib/gcc/nios2-elf/4.9.1\libgcc.a(divdf3.o)
 .bss           0x000000000802ac10        0x0 c:/altera/15.0/nios2eds/bin/gnu/h-x86_64-mingw32/bin/../lib/gcc/nios2-elf/4.9.1\libgcc.a(eqdf2.o)
 .bss           0x000000000802ac10        0x0 c:/altera/15.0/nios2eds/bin/gnu/h-x86_64-mingw32/bin/../lib/gcc/nios2-elf/4.9.1\libgcc.a(gedf2.o)
 .bss           0x000000000802ac10        0x0 c:/altera/15.0/nios2eds/bin/gnu/h-x86_64-mingw32/bin/../lib/gcc/nios2-elf/4.9.1\libgcc.a(ledf2.o)
 .bss           0x000000000802ac10        0x0 c:/altera/15.0/nios2eds/bin/gnu/h-x86_64-mingw32/bin/../lib/gcc/nios2-elf/4.9.1\libgcc.a(muldf3.o)
 .bss           0x000000000802ac10        0x0 c:/altera/15.0/nios2eds/bin/gnu/h-x86_64-mingw32/bin/../lib/gcc/nios2-elf/4.9.1\libgcc.a(subdf3.o)
 .bss           0x000000000802ac10        0x0 c:/altera/15.0/nios2eds/bin/gnu/h-x86_64-mingw32/bin/../lib/gcc/nios2-elf/4.9.1\libgcc.a(fixdfsi.o)
 .bss           0x000000000802ac10        0x0 c:/altera/15.0/nios2eds/bin/gnu/h-x86_64-mingw32/bin/../lib/gcc/nios2-elf/4.9.1\libgcc.a(floatsidf.o)
 .bss           0x000000000802ac10        0x0 c:/altera/15.0/nios2eds/bin/gnu/h-x86_64-mingw32/bin/../lib/gcc/nios2-elf/4.9.1\libgcc.a(extendsfdf2.o)
 .bss           0x000000000802ac10        0x0 c:/altera/15.0/nios2eds/bin/gnu/h-x86_64-mingw32/bin/../lib/gcc/nios2-elf/4.9.1\libgcc.a(truncdfsf2.o)
 .bss           0x000000000802ac10        0x0 c:/altera/15.0/nios2eds/bin/gnu/h-x86_64-mingw32/bin/../lib/gcc/nios2-elf/4.9.1\libgcc.a(_clzsi2.o)
 .bss           0x000000000802ac10        0x0 c:/altera/15.0/nios2eds/bin/gnu/h-x86_64-mingw32/bin/../lib/gcc/nios2-elf/4.9.1\libgcc.a(lib2-divmod.o)
 .bss           0x000000000802ac10        0x0 c:/altera/15.0/nios2eds/bin/gnu/h-x86_64-mingw32/bin/../lib/gcc/nios2-elf/4.9.1\libgcc.a(_clz.o)
 .bss           0x000000000802ac10        0x0 c:/altera/15.0/nios2eds/bin/gnu/h-x86_64-mingw32/bin/../lib/gcc/nios2-elf/4.9.1/../../../../../H-x86_64-mingw32/nios2-elf/lib\libc.a(lib_a-assert.o)
 .bss           0x000000000802ac10        0x0 c:/altera/15.0/nios2eds/bin/gnu/h-x86_64-mingw32/bin/../lib/gcc/nios2-elf/4.9.1/../../../../../H-x86_64-mingw32/nios2-elf/lib\libc.a(lib_a-calloc.o)
 .bss           0x000000000802ac10        0x0 c:/altera/15.0/nios2eds/bin/gnu/h-x86_64-mingw32/bin/../lib/gcc/nios2-elf/4.9.1/../../../../../H-x86_64-mingw32/nios2-elf/lib\libc.a(lib_a-callocr.o)
 .bss           0x000000000802ac10        0x0 c:/altera/15.0/nios2eds/bin/gnu/h-x86_64-mingw32/bin/../lib/gcc/nios2-elf/4.9.1/../../../../../H-x86_64-mingw32/nios2-elf/lib\libc.a(lib_a-fiprintf.o)
 .bss           0x000000000802ac10        0x0 c:/altera/15.0/nios2eds/bin/gnu/h-x86_64-mingw32/bin/../lib/gcc/nios2-elf/4.9.1/../../../../../H-x86_64-mingw32/nios2-elf/lib\libc.a(lib_a-fprintf.o)
 .bss           0x000000000802ac10        0x0 c:/altera/15.0/nios2eds/bin/gnu/h-x86_64-mingw32/bin/../lib/gcc/nios2-elf/4.9.1/../../../../../H-x86_64-mingw32/nios2-elf/lib\libc.a(lib_a-impure.o)
 .bss           0x000000000802ac10        0x0 c:/altera/15.0/nios2eds/bin/gnu/h-x86_64-mingw32/bin/../lib/gcc/nios2-elf/4.9.1/../../../../../H-x86_64-mingw32/nios2-elf/lib\libc.a(lib_a-malloc.o)
 .bss           0x000000000802ac10       0x28 c:/altera/15.0/nios2eds/bin/gnu/h-x86_64-mingw32/bin/../lib/gcc/nios2-elf/4.9.1/../../../../../H-x86_64-mingw32/nios2-elf/lib\libc.a(lib_a-mallocr.o)
                0x000000000802ac10                __malloc_current_mallinfo
 .bss           0x000000000802ac38        0x0 c:/altera/15.0/nios2eds/bin/gnu/h-x86_64-mingw32/bin/../lib/gcc/nios2-elf/4.9.1/../../../../../H-x86_64-mingw32/nios2-elf/lib\libc.a(lib_a-memcpy.o)
 .bss           0x000000000802ac38        0x0 c:/altera/15.0/nios2eds/bin/gnu/h-x86_64-mingw32/bin/../lib/gcc/nios2-elf/4.9.1/../../../../../H-x86_64-mingw32/nios2-elf/lib\libc.a(lib_a-memset.o)
 .bss           0x000000000802ac38        0x0 c:/altera/15.0/nios2eds/bin/gnu/h-x86_64-mingw32/bin/../lib/gcc/nios2-elf/4.9.1/../../../../../H-x86_64-mingw32/nios2-elf/lib\libc.a(lib_a-printf.o)
 .bss           0x000000000802ac38        0x0 c:/altera/15.0/nios2eds/bin/gnu/h-x86_64-mingw32/bin/../lib/gcc/nios2-elf/4.9.1/../../../../../H-x86_64-mingw32/nios2-elf/lib\libc.a(lib_a-putchar.o)
 .bss           0x000000000802ac38        0x0 c:/altera/15.0/nios2eds/bin/gnu/h-x86_64-mingw32/bin/../lib/gcc/nios2-elf/4.9.1/../../../../../H-x86_64-mingw32/nios2-elf/lib\libc.a(lib_a-puts.o)
 .bss           0x000000000802ac38        0x0 c:/altera/15.0/nios2eds/bin/gnu/h-x86_64-mingw32/bin/../lib/gcc/nios2-elf/4.9.1/../../../../../H-x86_64-mingw32/nios2-elf/lib\libc.a(lib_a-sbrkr.o)
 .bss           0x000000000802ac38        0x0 c:/altera/15.0/nios2eds/bin/gnu/h-x86_64-mingw32/bin/../lib/gcc/nios2-elf/4.9.1/../../../../../H-x86_64-mingw32/nios2-elf/lib\libc.a(lib_a-sprintf.o)
 .bss           0x000000000802ac38        0x0 c:/altera/15.0/nios2eds/bin/gnu/h-x86_64-mingw32/bin/../lib/gcc/nios2-elf/4.9.1/../../../../../H-x86_64-mingw32/nios2-elf/lib\libc.a(lib_a-strcmp.o)
 .bss           0x000000000802ac38        0x0 c:/altera/15.0/nios2eds/bin/gnu/h-x86_64-mingw32/bin/../lib/gcc/nios2-elf/4.9.1/../../../../../H-x86_64-mingw32/nios2-elf/lib\libc.a(lib_a-strlen.o)
 .bss           0x000000000802ac38        0x0 c:/altera/15.0/nios2eds/bin/gnu/h-x86_64-mingw32/bin/../lib/gcc/nios2-elf/4.9.1/../../../../../H-x86_64-mingw32/nios2-elf/lib\libc.a(lib_a-svfprintf.o)